
> my-v0-project@0.1.0 test:component
> jest tests/component

[baseline-browser-mapping] The data in this module is over two months old.  To ensure accurate Baseline data, please update: `npm i baseline-browser-mapping@latest -D`
[baseline-browser-mapping] The data in this module is over two months old.  To ensure accurate Baseline data, please update: `npm i baseline-browser-mapping@latest -D`
[baseline-browser-mapping] The data in this module is over two months old.  To ensure accurate Baseline data, please update: `npm i baseline-browser-mapping@latest -D`
[baseline-browser-mapping] The data in this module is over two months old.  To ensure accurate Baseline data, please update: `npm i baseline-browser-mapping@latest -D`
[baseline-browser-mapping] The data in this module is over two months old.  To ensure accurate Baseline data, please update: `npm i baseline-browser-mapping@latest -D`
[baseline-browser-mapping] The data in this module is over two months old.  To ensure accurate Baseline data, please update: `npm i baseline-browser-mapping@latest -D`
[baseline-browser-mapping] The data in this module is over two months old.  To ensure accurate Baseline data, please update: `npm i baseline-browser-mapping@latest -D`
[baseline-browser-mapping] The data in this module is over two months old.  To ensure accurate Baseline data, please update: `npm i baseline-browser-mapping@latest -D`
FAIL tests/component/project-analytics.test.tsx
  ● Test suite failed to run

      [31mx[0m Expected ';', '}' or <eof>
        ,-[[36;1;4mC:\Users\USER\Documents\GitHub\Globe-Wallet\tests\component\project-analytics.test.tsx[0m:72:1]
     [2m69[0m |       it('summary stats are text nodes readable by assistive technology', () => {
     [2m70[0m |         render(<ProjectAnalytics />)
     [2m71[0m |         const peakLabel = screen.getByText('Peak:')
     [2m72[0m | [35;1m,[0m[35;1m-[0m[35;1m>[0m     expect(peakLabel.tagName.toLowerCase()).toBe('span')
     [2m73[0m | [35;1m|[0m[35;1m-[0m[35;1m>[0m  * Component tests for ProjectAnalytics dashboard chart (Issue #15)
        : [35;1m`[0m[35;1m---[0m[33;1m             ^^^^^[0m
        : [35;1m`[0m[35;1m---[0m[35;1m-[0m [35;1mThis is the expression part of an expression statement[0m
     [2m74[0m |      * Verifies: typed ChartContainer integration, summary stats, hover interaction.
     [2m75[0m |      */
     [2m75[0m |     import React from 'react'
        `----


    Caused by:
        Syntax Error

      at Object.transformSync (node_modules/next/src/build/swc/index.ts:1444:25)
      at transformSync (node_modules/next/src/build/swc/index.ts:1575:19)
      at Object.process (node_modules/next/src/build/swc/jest-transformer.ts:105:25)
      at ScriptTransformer.transformSource (node_modules/@jest/transform/build/ScriptTransformer.js:545:31)
      at ScriptTransformer._transformAndBuildScript (node_modules/@jest/transform/build/ScriptTransformer.js:674:40)
      at ScriptTransformer.transform (node_modules/@jest/transform/build/ScriptTransformer.js:726:19)

FAIL tests/component/receive-form.test.tsx
  ● Test suite failed to run

      [31mx[0m Expected '}', got '<eof>'
         ,-[[36;1;4mC:\Users\USER\Documents\GitHub\Globe-Wallet\tests\component\receive-form.test.tsx[0m:255:1]
     [2m252[0m |       expect(toast.error).not.toHaveBeenCalled()
     [2m253[0m |     })
     [2m254[0m |   })
     [2m255[0m | })
         : [35;1m  ^[0m
         `----
      [31mx[0m Expected ',', got '<eof>'
         ,-[[36;1;4mC:\Users\USER\Documents\GitHub\Globe-Wallet\tests\component\receive-form.test.tsx[0m:255:1]
     [2m252[0m |       expect(toast.error).not.toHaveBeenCalled()
     [2m253[0m |     })
     [2m254[0m |   })
     [2m255[0m | })
         : [35;1m  ^[0m
         `----


    Caused by:
        Syntax Error

      at Object.transformSync (node_modules/next/src/build/swc/index.ts:1444:25)
      at transformSync (node_modules/next/src/build/swc/index.ts:1575:19)
      at Object.process (node_modules/next/src/build/swc/jest-transformer.ts:105:25)
      at ScriptTransformer.transformSource (node_modules/@jest/transform/build/ScriptTransformer.js:545:31)
      at ScriptTransformer._transformAndBuildScript (node_modules/@jest/transform/build/ScriptTransformer.js:674:40)
      at ScriptTransformer.transform (node_modules/@jest/transform/build/ScriptTransformer.js:726:19)

PASS tests/component/PayoutSummary.test.tsx (8.535 s)
FAIL tests/component/app/transaction-history-view.test.tsx (9.695 s)
  ● TransactionHistoryView › renders status badges on each transaction

    TestingLibraryElementError: Unable to find an element by: [data-testid="transaction-status-badge"]

    Ignored nodes: comments, script, style
    [36m<body>[39m
      [36m<div>[39m
        [36m<section[39m
          [33mclass[39m=[32m"flex flex-col gap-4 p-4"[39m
          [33mdata-testid[39m=[32m"transaction-history-view"[39m
        [36m>[39m
          [36m<div[39m
            [33mclass[39m=[32m"flex items-center justify-between rounded-xl border border-border bg-card p-3"[39m
            [33mdata-testid[39m=[32m"transaction-stats"[39m
          [36m>[39m
            [36m<div>[39m
              [36m<p[39m
                [33mclass[39m=[32m"text-xs text-muted-foreground"[39m
              [36m>[39m
                [0mTransactions[0m
              [36m</p>[39m
              [36m<p[39m
                [33mclass[39m=[32m"text-lg font-bold text-foreground"[39m
                [33mdata-testid[39m=[32m"transaction-stats-total"[39m
              [36m>[39m
                [0m0[0m
              [36m</p>[39m
              [36m<p[39m
                [33mclass[39m=[32m"mt-0.5 text-[10px] text-muted-foreground"[39m
                [33mdata-testid[39m=[32m"transaction-stats-sync"[39m
              [36m>[39m
                [0mLast sync: [0m
                [0mNever synced[0m
              [36m</p>[39m
            [36m</div>[39m
            [36m<button[39m
              [33maria-label[39m=[32m"Sync transactions"[39m
              [33mclass[39m=[32m"inline-flex items-center justify-center gap-2 whitespace-nowrap rounded-md text-sm font-medium transition-all disabled:pointer-events-none disabled:opacity-50 [&_svg]:pointer-events-none [&_svg:not([class*='size-'])]:size-4 [&_svg]:shrink-0 outline-none focus-visible:border-ring focus-visible:ring-ring/50 focus-visible:ring-[3px] aria-invalid:ring-destructive/20 dark:aria-invalid:ring-destructive/40 aria-invalid:border-destructive hover:bg-accent dark:hover:bg-accent/50 size-9 h-8 w-8 shrink-0 text-muted-foreground hover:text-foreground"[39m
              [33mdata-slot[39m=[32m"button"[39m
              [33mdata-testid[39m=[32m"sync-button"[39m
            [36m>[39m
              [36m<svg[39m
                [33maria-hidden[39m=[32m"true"[39m
                [33mclass[39m=[32m"lucide lucide-refresh-cw h-4 w-4"[39m
                [33mfill[39m=[32m"none"[39m
                [33mheight[39m=[32m"24"[39m
                [33mstroke[39m=[32m"currentColor"[39m
                [33mstroke-linecap[39m=[32m"round"[39m
                [33mstroke-linejoin[39m=[32m"round"[39m
                [33mstroke-width[39m=[32m"2"[39m
                [33mviewBox[39m=[32m"0 0 24 24"[39m
                [33mwidth[39m=[32m"24"[39m
                [33mxmlns[39m=[32m"http://www.w3.org/2000/svg"[39m
              [36m>[39m
                [36m<path[39m
                  [33md[39m=[32m"M3 12a9 9 0 0 1 9-9 9.75 9.75 0 0 1 6.74 2.74L21 8"[39m
                [36m/>[39m
                [36m<path[39m
                  [33md[39m=[32m"M21 3v5h-5"[39m
                [36m/>[39m
                [36m<path[39m
                  [33md[39m=[32m"M21 12a9 9 0 0 1-9 9 9.75 9.75 0 0 1-6.74-2.74L3 16"[39m
                [36m/>[39m
                [36m<path[39m
                  [33md[39m=[32m"M8 16H3v5"[39m
                [36m/>[39m
              [36m</svg>[39m
            [36m</button>[39m
          [36m</div>[39m
          [36m<div[39m
            [33mclass[39m=[32m"relative"[39m
          [36m>[39m
            [36m<svg[39m
              [33maria-hidden[39m=[32m"true"[39m
              [33mclass[39m=[32m"lucide lucide-search absolute left-3 top-1/2 h-4 w-4 -translate-y-1/2 text-muted-foreground"[39m
              [33mfill[39m=[32m"none"[39m
              [33mheight[39m=[32m"24"[39m
              [33mstroke[39m=[32m"currentColor"[39m
              [33mstroke-linecap[39m=[32m"round"[39m
              [33mstroke-linejoin[39m=[32m"round"[39m
              [33mstroke-width[39m=[32m"2"[39m
              [33mviewBox[39m=[32m"0 0 24 24"[39m
              [33mwidth[39m=[32m"24"[39m
              [33mxmlns[39m=[32m"http://www.w3.org/2000/svg"[39m
            [36m>[39m
              [36m<circle[39m
                [33mcx[39m=[32m"11"[39m
                [33mcy[39m=[32m"11"[39m
                [33mr[39m=[32m"8"[39m
              [36m/>[39m
              [36m<path[39m
                [33md[39m=[32m"m21 21-4.3-4.3"[39m
              [36m/>[39m
            [36m</svg>[39m
            [36m<div[39m
              [33mclass[39m=[32m"relative w-full"[39m
            [36m>[39m
              [36m<input[39m
                [33maria-label[39m=[32m"Search transactions"[39m
                [33mclass[39m=[32m"file:text-foreground placeholder:text-muted-foreground selection:bg-primary selection:text-primary-foreground dark:bg-input/30 border-input h-10 w-full min-w-0 rounded-md border bg-transparent px-3 py-1 text-base shadow-sm transition-all outline-none file:inline-flex file:h-7 file:border-0 file:bg-transparent file:text-sm file:font-medium disabled:pointer-events-none disabled:cursor-not-allowed disabled:opacity-50 md:text-sm focus-visible:border-primary focus-visible:ring-2 focus-visible:ring-primary/20 pl-9"[39m
                [33mdata-slot[39m=[32m"input"[39m
                [33mdata-testid[39m=[32m"transaction-search"[39m
                [33mid[39m=[32m"_r_c_"[39m
                [33mplaceholder[39m=[32m"Search by name, address, hash…"[39m
                [33mvalue[39m=[32m""[39m
              [36m/>[39m
            [36m</div>[39m
          [36m</div>[39m
          [36m<nav[39m
            [33maria-label[39m=[32m"Transaction type filter"[39m
            [33mclass[39m=[32m"flex gap-1 rounded-xl bg-secondary p-1"[39m
            [33mrole[39m=[32m"tablist"[39m
          [36m>[39m
            [36m<button[39m
              [33maria-selected[39m=[32m"true"[39m
              [33mclass[39m=[32m"flex-1 rounded-lg py-1.5 text-xs font-medium transition-all bg-background text-foreground shadow-sm"[39m
              [33mdata-testid[39m=[32m"tab-all"[39m
              [33mrole[39m=[32m"tab"[39m
            [36m>[39m
              [0mAll[0m
            [36m</button>[39m
            [36m<button[39m
              [33maria-selected[39m=[32m"false"[39m
              [33mclass[39m=[32m"flex-1 rounded-lg py-1.5 text-xs font-medium transition-all text-muted-foreground hover:text-foreground"[39m
              [33mdata-testid[39m=[32m"tab-in"[39m
              [33mrole[39m=[32m"tab"[39m
            [36m>[39m
              [0mIncoming[0m
            [36m</button>[39m
            [36m<button[39m
              [33maria-selected[39m=[32m"false"[39m
              [33mclass[39m=[32m"flex-1 rounded-lg py-1.5 text-xs font-medium transition-all text-muted-foreground hover:text-foreground"[39m
              [33mdata-testid[39m=[32m"tab-out"[39m
              [33mrole[39m=[32m"tab"[39m
            [36m>[39m
              [0mOutgoing[0m
            [36m</button>[39m
          [36m</nav>[39m
          [36m<p[39m
            [33mclass[39m=[32m"rounded-lg bg-destructive/10 px-4 py-3 text-sm text-destructive"[39m
            [33mrole[39m=[32m"alert"[39m
          [36m>[39m
            [0mNetwork error[0m
          [36m</p>[39m
          [36m<ul[39m
            [33maria-busy[39m=[32m"true"[39m
            [33maria-label[39m=[32m"Transaction list"[39m
            [33mclass[39m=[32m"space-y-2"[39m
          [36m>[39m
            [36m<li[39m
              [33maria-hidden[39m=[32m"true"[39m
              [33mclass[39m=[32m"h-16 animate-pulse rounded-xl bg-secondary"[39m
            [36m/>[39m
            [36m<li[39m
              [33maria-hidden[39m=[32m"true"[39m
              [33mclass[39m=[32m"h-16 animate-pulse rounded-xl bg-secondary"[39m
            [36m/>[39m
            [36m<li[39m
              [33maria-hidden[39m=[32m"true"[39m
              [33mclass[39m=[32m"h-16 animate-pulse rounded-xl bg-secondary"[39m
            [36m/>[39m
            [36m<li[39m
              [33maria-hidden[39m=[32m"true"[39m
              [33mclass[39m=[32m"h-16 animate-pulse rounded-xl bg-secondary"[39m
            [36m/>[39m
            [36m<li[39m
              [33maria-hidden[39m=[32m"true"[39m
              [33mclass[39m=[32m"h-16 animate-pulse rounded-xl bg-secondary"[39m
            [36m/>[39m
          [36m</ul>[39m
        [36m</section>[39m
      [36m</div>[39m
    [36m</body>[39m

    [0m [90m 171 |[39m   it([32m'renders status badges on each transaction'[39m[33m,[39m () [33m=>[39m {
     [90m 172 |[39m     render([33m<[39m[33mTransactionHistoryView[39m [33m/[39m[33m>[39m)
    [31m[1m>[22m[39m[90m 173 |[39m     [36mconst[39m badges [33m=[39m screen[33m.[39mgetAllByTestId([32m'transaction-status-badge'[39m)
     [90m     |[39m                           [31m[1m^[22m[39m
     [90m 174 |[39m     expect(badges[33m.[39mlength)[33m.[39mtoBe([35m2[39m)
     [90m 175 |[39m     expect(badges[[35m0[39m])[33m.[39mtoHaveAttribute([32m'data-status'[39m[33m,[39m [32m'completed'[39m)
     [90m 176 |[39m     expect(badges[[35m1[39m])[33m.[39mtoHaveAttribute([32m'data-status'[39m[33m,[39m [32m'pending'[39m)[0m

      at Object.getElementError (node_modules/@testing-library/dom/dist/config.js:37:19)
      at node_modules/@testing-library/dom/dist/query-helpers.js:76:38
      at node_modules/@testing-library/dom/dist/query-helpers.js:109:15
      at Object.getAllByTestId (tests/component/app/transaction-history-view.test.tsx:173:27)

PASS tests/component/BalanceCard.test.tsx (10.993 s)
  ● Console

    console.error
      An update to BalanceCard inside a test was not wrapped in act(...).
      
      When testing, code that causes React state updates should be wrapped into act(...):
      
      act(() => {
        /* fire events that update state */
      });
      /* assert on the output */
      
      This ensures that you're testing the behavior the user would see in the browser. Learn more at https://react.dev/link/wrap-tests-with-act

    [0m [90m 62 |[39m       ])
     [90m 63 |[39m
    [31m[1m>[22m[39m[90m 64 |[39m       setBalanceData({
     [90m    |[39m       [31m[1m^[22m[39m
     [90m 65 |[39m         wallets[33m:[39m fiatWallets[33m,[39m
     [90m 66 |[39m         assets[33m:[39m cryptoAssets[33m,[39m
     [90m 67 |[39m         totalFiatValue[33m,[39m[0m

      at node_modules/react-dom/cjs/react-dom-client.development.js:18758:19
      at runWithFiberInDEV (node_modules/react-dom/cjs/react-dom-client.development.js:874:13)
      at warnIfUpdatesNotWrappedWithActDEV (node_modules/react-dom/cjs/react-dom-client.development.js:18757:9)
      at scheduleUpdateOnFiber (node_modules/react-dom/cjs/react-dom-client.development.js:16409:11)
      at dispatchSetStateInternal (node_modules/react-dom/cjs/react-dom-client.development.js:9170:13)
      at dispatchSetState (node_modules/react-dom/cjs/react-dom-client.development.js:9127:7)
      at setBalanceData (hooks/useBalances.ts:64:7)

PASS tests/component/TestCoverageCard.test.tsx (6.127 s)
PASS tests/component/transaction-list.test.tsx (7.726 s)
  ● Console

    console.error
      An update to TransactionList inside a test was not wrapped in act(...).
      
      When testing, code that causes React state updates should be wrapped into act(...):
      
      act(() => {
        /* fire events that update state */
      });
      /* assert on the output */
      
      This ensures that you're testing the behavior the user would see in the browser. Learn more at https://react.dev/link/wrap-tests-with-act

    [0m [90m 42 |[39m         }
     [90m 43 |[39m
    [31m[1m>[22m[39m[90m 44 |[39m         setLoading([36mfalse[39m)
     [90m    |[39m         [31m[1m^[22m[39m
     [90m 45 |[39m         [36mreturn[39m filtered
     [90m 46 |[39m       } [36mcatch[39m (err) {
     [90m 47 |[39m         setLoading([36mfalse[39m)[0m

      at node_modules/react-dom/cjs/react-dom-client.development.js:18758:19
      at runWithFiberInDEV (node_modules/react-dom/cjs/react-dom-client.development.js:874:13)
      at warnIfUpdatesNotWrappedWithActDEV (node_modules/react-dom/cjs/react-dom-client.development.js:18757:9)
      at scheduleUpdateOnFiber (node_modules/react-dom/cjs/react-dom-client.development.js:16409:11)
      at dispatchSetStateInternal (node_modules/react-dom/cjs/react-dom-client.development.js:9170:13)
      at dispatchSetState (node_modules/react-dom/cjs/react-dom-client.development.js:9127:7)
      at setLoading (hooks/useTransactions.ts:44:9)
      at load (components/app/transaction-list.tsx:43:22)

    console.error
      An update to TransactionList inside a test was not wrapped in act(...).
      
      When testing, code that causes React state updates should be wrapped into act(...):
      
      act(() => {
        /* fire events that update state */
      });
      /* assert on the output */
      
      This ensures that you're testing the behavior the user would see in the browser. Learn more at https://react.dev/link/wrap-tests-with-act

    [0m [90m 43 |[39m         [36mconst[39m data [33m=[39m [36mawait[39m getTransactions()[33m;[39m
     [90m 44 |[39m         [36mif[39m ([33m![39mcancelled) {
    [31m[1m>[22m[39m[90m 45 |[39m           setItems(limit [33m?[39m data[33m.[39mslice([35m0[39m[33m,[39m limit) [33m:[39m data)[33m;[39m
     [90m    |[39m           [31m[1m^[22m[39m
     [90m 46 |[39m         }
     [90m 47 |[39m       } [36mcatch[39m {
     [90m 48 |[39m         [36mif[39m ([33m![39mcancelled) setItems([])[33m;[39m[0m

      at node_modules/react-dom/cjs/react-dom-client.development.js:18758:19
      at runWithFiberInDEV (node_modules/react-dom/cjs/react-dom-client.development.js:874:13)
      at warnIfUpdatesNotWrappedWithActDEV (node_modules/react-dom/cjs/react-dom-client.development.js:18757:9)
      at scheduleUpdateOnFiber (node_modules/react-dom/cjs/react-dom-client.development.js:16409:11)
      at dispatchSetStateInternal (node_modules/react-dom/cjs/react-dom-client.development.js:9170:13)
      at dispatchSetState (node_modules/react-dom/cjs/react-dom-client.development.js:9127:7)
      at setItems (components/app/transaction-list.tsx:45:11)

PASS tests/component/send-form.test.tsx (13.882 s)
  ● Console

    console.error
      An update to SendForm inside a test was not wrapped in act(...).
      
      When testing, code that causes React state updates should be wrapped into act(...):
      
      act(() => {
        /* fire events that update state */
      });
      /* assert on the output */
      
      This ensures that you're testing the behavior the user would see in the browser. Learn more at https://react.dev/link/wrap-tests-with-act

    [0m [90m 62 |[39m       ])
     [90m 63 |[39m
    [31m[1m>[22m[39m[90m 64 |[39m       setBalanceData({
     [90m    |[39m       [31m[1m^[22m[39m
     [90m 65 |[39m         wallets[33m:[39m fiatWallets[33m,[39m
     [90m 66 |[39m         assets[33m:[39m cryptoAssets[33m,[39m
     [90m 67 |[39m         totalFiatValue[33m,[39m[0m

      at node_modules/react-dom/cjs/react-dom-client.development.js:18758:19
      at runWithFiberInDEV (node_modules/react-dom/cjs/react-dom-client.development.js:874:13)
      at warnIfUpdatesNotWrappedWithActDEV (node_modules/react-dom/cjs/react-dom-client.development.js:18757:9)
      at scheduleUpdateOnFiber (node_modules/react-dom/cjs/react-dom-client.development.js:16409:11)
      at dispatchSetStateInternal (node_modules/react-dom/cjs/react-dom-client.development.js:9170:13)
      at dispatchSetState (node_modules/react-dom/cjs/react-dom-client.development.js:9127:7)
      at setBalanceData (hooks/useBalances.ts:64:7)

    console.error
      An update to SendForm inside a test was not wrapped in act(...).
      
      When testing, code that causes React state updates should be wrapped into act(...):
      
      act(() => {
        /* fire events that update state */
      });
      /* assert on the output */
      
      This ensures that you're testing the behavior the user would see in the browser. Learn more at https://react.dev/link/wrap-tests-with-act

    [0m [90m 77 |[39m       [36mtry[39m {
     [90m 78 |[39m         [36mconst[39m txResult [33m=[39m [36mawait[39m wallet[33m.[39msendPayment(destination[33m,[39m amount[33m,[39m asset[33m,[39m memo)
    [31m[1m>[22m[39m[90m 79 |[39m         setResult(txResult)
     [90m    |[39m         [31m[1m^[22m[39m
     [90m 80 |[39m         setStatus(txResult[33m.[39msuccess [33m?[39m [32m'success'[39m [33m:[39m [32m'error'[39m)
     [90m 81 |[39m         [36mif[39m ([33m![39mtxResult[33m.[39msuccess) {
     [90m 82 |[39m           setError(txResult[33m.[39merror [33m?[39m[33m?[39m [32m'Payment failed'[39m)[0m

      at node_modules/react-dom/cjs/react-dom-client.development.js:18758:19
      at runWithFiberInDEV (node_modules/react-dom/cjs/react-dom-client.development.js:874:13)
      at warnIfUpdatesNotWrappedWithActDEV (node_modules/react-dom/cjs/react-dom-client.development.js:18757:9)
      at scheduleUpdateOnFiber (node_modules/react-dom/cjs/react-dom-client.development.js:16409:11)
      at dispatchSetStateInternal (node_modules/react-dom/cjs/react-dom-client.development.js:9170:13)
      at dispatchSetState (node_modules/react-dom/cjs/react-dom-client.development.js:9127:7)
      at setResult (hooks/useWalletSend.ts:79:9)
      at handleConfirm (components/app/send-form.tsx:153:5)

    console.error
      An update to SendForm inside a test was not wrapped in act(...).
      
      When testing, code that causes React state updates should be wrapped into act(...):
      
      act(() => {
        /* fire events that update state */
      });
      /* assert on the output */
      
      This ensures that you're testing the behavior the user would see in the browser. Learn more at https://react.dev/link/wrap-tests-with-act

    [0m [90m 78 |[39m         [36mconst[39m txResult [33m=[39m [36mawait[39m wallet[33m.[39msendPayment(destination[33m,[39m amount[33m,[39m asset[33m,[39m memo)
     [90m 79 |[39m         setResult(txResult)
    [31m[1m>[22m[39m[90m 80 |[39m         setStatus(txResult[33m.[39msuccess [33m?[39m [32m'success'[39m [33m:[39m [32m'error'[39m)
     [90m    |[39m         [31m[1m^[22m[39m
     [90m 81 |[39m         [36mif[39m ([33m![39mtxResult[33m.[39msuccess) {
     [90m 82 |[39m           setError(txResult[33m.[39merror [33m?[39m[33m?[39m [32m'Payment failed'[39m)
     [90m 83 |[39m         }[0m

      at node_modules/react-dom/cjs/react-dom-client.development.js:18758:19
      at runWithFiberInDEV (node_modules/react-dom/cjs/react-dom-client.development.js:874:13)
      at warnIfUpdatesNotWrappedWithActDEV (node_modules/react-dom/cjs/react-dom-client.development.js:18757:9)
      at scheduleUpdateOnFiber (node_modules/react-dom/cjs/react-dom-client.development.js:16409:11)
      at dispatchSetStateInternal (node_modules/react-dom/cjs/react-dom-client.development.js:9170:13)
      at dispatchSetState (node_modules/react-dom/cjs/react-dom-client.development.js:9127:7)
      at setStatus (hooks/useWalletSend.ts:80:9)
      at handleConfirm (components/app/send-form.tsx:153:5)

    console.error
      An update to SendForm inside a test was not wrapped in act(...).
      
      When testing, code that causes React state updates should be wrapped into act(...):
      
      act(() => {
        /* fire events that update state */
      });
      /* assert on the output */
      
      This ensures that you're testing the behavior the user would see in the browser. Learn more at https://react.dev/link/wrap-tests-with-act

    [0m [90m 77 |[39m       [36mtry[39m {
     [90m 78 |[39m         [36mconst[39m txResult [33m=[39m [36mawait[39m wallet[33m.[39msendPayment(destination[33m,[39m amount[33m,[39m asset[33m,[39m memo)
    [31m[1m>[22m[39m[90m 79 |[39m         setResult(txResult)
     [90m    |[39m         [31m[1m^[22m[39m
     [90m 80 |[39m         setStatus(txResult[33m.[39msuccess [33m?[39m [32m'success'[39m [33m:[39m [32m'error'[39m)
     [90m 81 |[39m         [36mif[39m ([33m![39mtxResult[33m.[39msuccess) {
     [90m 82 |[39m           setError(txResult[33m.[39merror [33m?[39m[33m?[39m [32m'Payment failed'[39m)[0m

      at node_modules/react-dom/cjs/react-dom-client.development.js:18758:19
      at runWithFiberInDEV (node_modules/react-dom/cjs/react-dom-client.development.js:874:13)
      at warnIfUpdatesNotWrappedWithActDEV (node_modules/react-dom/cjs/react-dom-client.development.js:18757:9)
      at scheduleUpdateOnFiber (node_modules/react-dom/cjs/react-dom-client.development.js:16409:11)
      at dispatchSetStateInternal (node_modules/react-dom/cjs/react-dom-client.development.js:9170:13)
      at dispatchSetState (node_modules/react-dom/cjs/react-dom-client.development.js:9127:7)
      at setResult (hooks/useWalletSend.ts:79:9)
      at handleConfirm (components/app/send-form.tsx:153:5)

    console.error
      An update to SendForm inside a test was not wrapped in act(...).
      
      When testing, code that causes React state updates should be wrapped into act(...):
      
      act(() => {
        /* fire events that update state */
      });
      /* assert on the output */
      
      This ensures that you're testing the behavior the user would see in the browser. Learn more at https://react.dev/link/wrap-tests-with-act

    [0m [90m 78 |[39m         [36mconst[39m txResult [33m=[39m [36mawait[39m wallet[33m.[39msendPayment(destination[33m,[39m amount[33m,[39m asset[33m,[39m memo)
     [90m 79 |[39m         setResult(txResult)
    [31m[1m>[22m[39m[90m 80 |[39m         setStatus(txResult[33m.[39msuccess [33m?[39m [32m'success'[39m [33m:[39m [32m'error'[39m)
     [90m    |[39m         [31m[1m^[22m[39m
     [90m 81 |[39m         [36mif[39m ([33m![39mtxResult[33m.[39msuccess) {
     [90m 82 |[39m           setError(txResult[33m.[39merror [33m?[39m[33m?[39m [32m'Payment failed'[39m)
     [90m 83 |[39m         }[0m

      at node_modules/react-dom/cjs/react-dom-client.development.js:18758:19
      at runWithFiberInDEV (node_modules/react-dom/cjs/react-dom-client.development.js:874:13)
      at warnIfUpdatesNotWrappedWithActDEV (node_modules/react-dom/cjs/react-dom-client.development.js:18757:9)
      at scheduleUpdateOnFiber (node_modules/react-dom/cjs/react-dom-client.development.js:16409:11)
      at dispatchSetStateInternal (node_modules/react-dom/cjs/react-dom-client.development.js:9170:13)
      at dispatchSetState (node_modules/react-dom/cjs/react-dom-client.development.js:9127:7)
      at setStatus (hooks/useWalletSend.ts:80:9)
      at handleConfirm (components/app/send-form.tsx:153:5)

    console.error
      An update to SendForm inside a test was not wrapped in act(...).
      
      When testing, code that causes React state updates should be wrapped into act(...):
      
      act(() => {
        /* fire events that update state */
      });
      /* assert on the output */
      
      This ensures that you're testing the behavior the user would see in the browser. Learn more at https://react.dev/link/wrap-tests-with-act

    [0m [90m 77 |[39m       [36mtry[39m {
     [90m 78 |[39m         [36mconst[39m txResult [33m=[39m [36mawait[39m wallet[33m.[39msendPayment(destination[33m,[39m amount[33m,[39m asset[33m,[39m memo)
    [31m[1m>[22m[39m[90m 79 |[39m         setResult(txResult)
     [90m    |[39m         [31m[1m^[22m[39m
     [90m 80 |[39m         setStatus(txResult[33m.[39msuccess [33m?[39m [32m'success'[39m [33m:[39m [32m'error'[39m)
     [90m 81 |[39m         [36mif[39m ([33m![39mtxResult[33m.[39msuccess) {
     [90m 82 |[39m           setError(txResult[33m.[39merror [33m?[39m[33m?[39m [32m'Payment failed'[39m)[0m

      at node_modules/react-dom/cjs/react-dom-client.development.js:18758:19
      at runWithFiberInDEV (node_modules/react-dom/cjs/react-dom-client.development.js:874:13)
      at warnIfUpdatesNotWrappedWithActDEV (node_modules/react-dom/cjs/react-dom-client.development.js:18757:9)
      at scheduleUpdateOnFiber (node_modules/react-dom/cjs/react-dom-client.development.js:16409:11)
      at dispatchSetStateInternal (node_modules/react-dom/cjs/react-dom-client.development.js:9170:13)
      at dispatchSetState (node_modules/react-dom/cjs/react-dom-client.development.js:9127:7)
      at setResult (hooks/useWalletSend.ts:79:9)
      at handleConfirm (components/app/send-form.tsx:153:5)

    console.error
      An update to SendForm inside a test was not wrapped in act(...).
      
      When testing, code that causes React state updates should be wrapped into act(...):
      
      act(() => {
        /* fire events that update state */
      });
      /* assert on the output */
      
      This ensures that you're testing the behavior the user would see in the browser. Learn more at https://react.dev/link/wrap-tests-with-act

    [0m [90m 78 |[39m         [36mconst[39m txResult [33m=[39m [36mawait[39m wallet[33m.[39msendPayment(destination[33m,[39m amount[33m,[39m asset[33m,[39m memo)
     [90m 79 |[39m         setResult(txResult)
    [31m[1m>[22m[39m[90m 80 |[39m         setStatus(txResult[33m.[39msuccess [33m?[39m [32m'success'[39m [33m:[39m [32m'error'[39m)
     [90m    |[39m         [31m[1m^[22m[39m
     [90m 81 |[39m         [36mif[39m ([33m![39mtxResult[33m.[39msuccess) {
     [90m 82 |[39m           setError(txResult[33m.[39merror [33m?[39m[33m?[39m [32m'Payment failed'[39m)
     [90m 83 |[39m         }[0m

      at node_modules/react-dom/cjs/react-dom-client.development.js:18758:19
      at runWithFiberInDEV (node_modules/react-dom/cjs/react-dom-client.development.js:874:13)
      at warnIfUpdatesNotWrappedWithActDEV (node_modules/react-dom/cjs/react-dom-client.development.js:18757:9)
      at scheduleUpdateOnFiber (node_modules/react-dom/cjs/react-dom-client.development.js:16409:11)
      at dispatchSetStateInternal (node_modules/react-dom/cjs/react-dom-client.development.js:9170:13)
      at dispatchSetState (node_modules/react-dom/cjs/react-dom-client.development.js:9127:7)
      at setStatus (hooks/useWalletSend.ts:80:9)
      at handleConfirm (components/app/send-form.tsx:153:5)

    console.error
      An update to SendForm inside a test was not wrapped in act(...).
      
      When testing, code that causes React state updates should be wrapped into act(...):
      
      act(() => {
        /* fire events that update state */
      });
      /* assert on the output */
      
      This ensures that you're testing the behavior the user would see in the browser. Learn more at https://react.dev/link/wrap-tests-with-act

    [0m [90m 62 |[39m       ])
     [90m 63 |[39m
    [31m[1m>[22m[39m[90m 64 |[39m       setBalanceData({
     [90m    |[39m       [31m[1m^[22m[39m
     [90m 65 |[39m         wallets[33m:[39m fiatWallets[33m,[39m
     [90m 66 |[39m         assets[33m:[39m cryptoAssets[33m,[39m
     [90m 67 |[39m         totalFiatValue[33m,[39m[0m

      at node_modules/react-dom/cjs/react-dom-client.development.js:18758:19
      at runWithFiberInDEV (node_modules/react-dom/cjs/react-dom-client.development.js:874:13)
      at warnIfUpdatesNotWrappedWithActDEV (node_modules/react-dom/cjs/react-dom-client.development.js:18757:9)
      at scheduleUpdateOnFiber (node_modules/react-dom/cjs/react-dom-client.development.js:16409:11)
      at dispatchSetStateInternal (node_modules/react-dom/cjs/react-dom-client.development.js:9170:13)
      at dispatchSetState (node_modules/react-dom/cjs/react-dom-client.development.js:9127:7)
      at setBalanceData (hooks/useBalances.ts:64:7)

FAIL tests/component/analytics-content.test.tsx
  ● Test suite failed to run

      [31mx[0m Unexpected character '\u{7}'
        ,-[[36;1;4mC:\Users\USER\Documents\GitHub\Globe-Wallet\components\analytics\analytics-content.tsx[0m:56:1]
     [2m53[0m |   const trendColor = stat.trend === "up" ? "text-green-600" : stat.trend === "down" ? "text-red-600" : "text-muted-foreground"
     [2m54[0m |   return (
     [2m55[0m |     <Card
     [2m56[0m |       data-testid={nalytics-stat- + index}
        : [35;1m                   ^[0m
     [2m57[0m |       onMouseEnter={onEnter}
     [2m58[0m |       onMouseLeave={onLeave}
     [2m59[0m |       style={{ animationDelay: ` + index * 100 + ms }}
        `----


    Caused by:
        Syntax Error

    [0m [90m 26 |[39m     [33mTooltip[39m[33m:[39m     () [33m=>[39m [36mnull[39m[33m,[39m
     [90m 27 |[39m     [33mLegend[39m[33m:[39m      () [33m=>[39m [36mnull[39m[33m,[39m
    [31m[1m>[22m[39m[90m 28 |[39m   }
     [90m    |[39m    [31m[1m^[22m[39m
     [90m 29 |[39m })
     [90m 30 |[39m
     [90m 31 |[39m describe([32m'AnalyticsContent'[39m[33m,[39m () [33m=>[39m {[0m

      at Object.transformSync (node_modules/next/src/build/swc/index.ts:1444:25)
      at transformSync (node_modules/next/src/build/swc/index.ts:1575:19)
      at Object.process (node_modules/next/src/build/swc/jest-transformer.ts:105:25)
      at ScriptTransformer.transformSource (node_modules/@jest/transform/build/ScriptTransformer.js:545:31)
      at ScriptTransformer._transformAndBuildScript (node_modules/@jest/transform/build/ScriptTransformer.js:674:40)
      at ScriptTransformer.transform (node_modules/@jest/transform/build/ScriptTransformer.js:726:19)
      at Object.<anonymous> (tests/component/analytics-content.test.tsx:28:27)

PASS tests/component/accessibility/page-header-a11y.test.tsx (5.856 s)
PASS tests/component/address-lookup-badge.test.tsx
PASS tests/component/OnboardingBanner.test.tsx
PASS tests/component/PageHeader.test.tsx
PASS tests/component/CryptoConverter.test.tsx (10.572 s)
PASS tests/component/app-transaction-list.test.tsx (5.199 s)
PASS tests/component/balance-card.test.tsx (5.654 s)
  ● Console

    console.error
      An update to BalanceCard inside a test was not wrapped in act(...).
      
      When testing, code that causes React state updates should be wrapped into act(...):
      
      act(() => {
        /* fire events that update state */
      });
      /* assert on the output */
      
      This ensures that you're testing the behavior the user would see in the browser. Learn more at https://react.dev/link/wrap-tests-with-act

    [0m [90m 62 |[39m       ])
     [90m 63 |[39m
    [31m[1m>[22m[39m[90m 64 |[39m       setBalanceData({
     [90m    |[39m       [31m[1m^[22m[39m
     [90m 65 |[39m         wallets[33m:[39m fiatWallets[33m,[39m
     [90m 66 |[39m         assets[33m:[39m cryptoAssets[33m,[39m
     [90m 67 |[39m         totalFiatValue[33m,[39m[0m

      at node_modules/react-dom/cjs/react-dom-client.development.js:18758:19
      at runWithFiberInDEV (node_modules/react-dom/cjs/react-dom-client.development.js:874:13)
      at warnIfUpdatesNotWrappedWithActDEV (node_modules/react-dom/cjs/react-dom-client.development.js:18757:9)
      at scheduleUpdateOnFiber (node_modules/react-dom/cjs/react-dom-client.development.js:16409:11)
      at dispatchSetStateInternal (node_modules/react-dom/cjs/react-dom-client.development.js:9170:13)
      at dispatchSetState (node_modules/react-dom/cjs/react-dom-client.development.js:9127:7)
      at setBalanceData (hooks/useBalances.ts:64:7)

    console.error
      An update to BalanceCard inside a test was not wrapped in act(...).
      
      When testing, code that causes React state updates should be wrapped into act(...):
      
      act(() => {
        /* fire events that update state */
      });
      /* assert on the output */
      
      This ensures that you're testing the behavior the user would see in the browser. Learn more at https://react.dev/link/wrap-tests-with-act

    [0m [90m 62 |[39m       ])
     [90m 63 |[39m
    [31m[1m>[22m[39m[90m 64 |[39m       setBalanceData({
     [90m    |[39m       [31m[1m^[22m[39m
     [90m 65 |[39m         wallets[33m:[39m fiatWallets[33m,[39m
     [90m 66 |[39m         assets[33m:[39m cryptoAssets[33m,[39m
     [90m 67 |[39m         totalFiatValue[33m,[39m[0m

      at node_modules/react-dom/cjs/react-dom-client.development.js:18758:19
      at runWithFiberInDEV (node_modules/react-dom/cjs/react-dom-client.development.js:874:13)
      at warnIfUpdatesNotWrappedWithActDEV (node_modules/react-dom/cjs/react-dom-client.development.js:18757:9)
      at scheduleUpdateOnFiber (node_modules/react-dom/cjs/react-dom-client.development.js:16409:11)
      at dispatchSetStateInternal (node_modules/react-dom/cjs/react-dom-client.development.js:9170:13)
      at dispatchSetState (node_modules/react-dom/cjs/react-dom-client.development.js:9127:7)
      at setBalanceData (hooks/useBalances.ts:64:7)

PASS tests/component/accessibility/app-shell-a11y.test.tsx (5.915 s)
PASS tests/component/accessibility/bottom-nav-a11y.test.tsx (6.978 s)
PASS tests/component/WalletErrorAlert.test.tsx (5.631 s)
PASS tests/component/accessibility/dashboard-header-a11y.test.tsx (5.919 s)
PASS tests/component/quick-actions.test.tsx (5.705 s)
PASS tests/component/input.test.tsx
FAIL tests/component/convert-page.test.tsx (26.182 s)
  ● Console

    console.warn
      [RatesService] Failed to fetch live rates, falling back to mock data ReferenceError: fetch is not defined
          at RatesService.fetchLiveRates (C:\Users\USER\Documents\GitHub\Globe-Wallet\lib\services\rates.service.ts:70:22)
          at fetchLiveRates (C:\Users\USER\Documents\GitHub\Globe-Wallet\lib\services\rates.service.ts:31:34)
          at RatesService.operation [as withPerformanceTracking] (C:\Users\USER\Documents\GitHub\Globe-Wallet\lib\services\base.service.ts:41:26)
          at RatesService.withPerformanceTracking [as getExchangeRates] (C:\Users\USER\Documents\GitHub\Globe-Wallet\lib\services\rates.service.ts:21:17)
          at getExchangeRates (C:\Users\USER\Documents\GitHub\Globe-Wallet\app\convert\page.tsx:40:49)
          at fetchRates (C:\Users\USER\Documents\GitHub\Globe-Wallet\app\convert\page.tsx:54:5)
          at Object.react_stack_bottom_frame (C:\Users\USER\Documents\GitHub\Globe-Wallet\node_modules\react-dom\cjs\react-dom-client.development.js:25989:20)
          at runWithFiberInDEV (C:\Users\USER\Documents\GitHub\Globe-Wallet\node_modules\react-dom\cjs\react-dom-client.development.js:874:13)
          at commitHookEffectListMount (C:\Users\USER\Documents\GitHub\Globe-Wallet\node_modules\react-dom\cjs\react-dom-client.development.js:13249:29)
          at commitHookPassiveMountEffects (C:\Users\USER\Documents\GitHub\Globe-Wallet\node_modules\react-dom\cjs\react-dom-client.development.js:13336:11)
          at commitPassiveMountOnFiber (C:\Users\USER\Documents\GitHub\Globe-Wallet\node_modules\react-dom\cjs\react-dom-client.development.js:15484:13)
          at recursivelyTraversePassiveMountEffects (C:\Users\USER\Documents\GitHub\Globe-Wallet\node_modules\react-dom\cjs\react-dom-client.development.js:15439:11)
          at commitPassiveMountOnFiber (C:\Users\USER\Documents\GitHub\Globe-Wallet\node_modules\react-dom\cjs\react-dom-client.development.js:15519:11)
          at flushPassiveEffects (C:\Users\USER\Documents\GitHub\Globe-Wallet\node_modules\react-dom\cjs\react-dom-client.development.js:18432:9)
          at flushPendingEffects (C:\Users\USER\Documents\GitHub\Globe-Wallet\node_modules\react-dom\cjs\react-dom-client.development.js:18358:14)
          at performSyncWorkOnRoot (C:\Users\USER\Documents\GitHub\Globe-Wallet\node_modules\react-dom\cjs\react-dom-client.development.js:18969:11)
          at flushSyncWorkAcrossRoots_impl (C:\Users\USER\Documents\GitHub\Globe-Wallet\node_modules\react-dom\cjs\react-dom-client.development.js:18814:21)
          at flushSpawnedWork (C:\Users\USER\Documents\GitHub\Globe-Wallet\node_modules\react-dom\cjs\react-dom-client.development.js:18334:9)
          at commitRoot (C:\Users\USER\Documents\GitHub\Globe-Wallet\node_modules\react-dom\cjs\react-dom-client.development.js:17955:9)
          at performWorkOnRoot (C:\Users\USER\Documents\GitHub\Globe-Wallet\node_modules\react-dom\cjs\react-dom-client.development.js:16667:15)
          at performWorkOnRootViaSchedulerTask (C:\Users\USER\Documents\GitHub\Globe-Wallet\node_modules\react-dom\cjs\react-dom-client.development.js:18957:7)
          at flushActQueue (C:\Users\USER\Documents\GitHub\Globe-Wallet\node_modules\react\cjs\react.development.js:590:34)
          at Object.<anonymous>.process.env.NODE_ENV.exports.act (C:\Users\USER\Documents\GitHub\Globe-Wallet\node_modules\react\cjs\react.development.js:884:10)
          at C:\Users\USER\Documents\GitHub\Globe-Wallet\node_modules\@testing-library\react\dist\act-compat.js:46:25
          at renderRoot (C:\Users\USER\Documents\GitHub\Globe-Wallet\node_modules\@testing-library\react\dist\pure.js:189:26)
          at render (C:\Users\USER\Documents\GitHub\Globe-Wallet\node_modules\@testing-library\react\dist\pure.js:291:10)
          at renderPage (C:\Users\USER\Documents\GitHub\Globe-Wallet\tests\component\convert-page.test.tsx:52:16)
          at Object.renderPage (C:\Users\USER\Documents\GitHub\Globe-Wallet\tests\component\convert-page.test.tsx:82:7)
          at Promise.then.completed (C:\Users\USER\Documents\GitHub\Globe-Wallet\node_modules\jest-circus\build\utils.js:298:28)
          at new Promise (<anonymous>)
          at callAsyncCircusFn (C:\Users\USER\Documents\GitHub\Globe-Wallet\node_modules\jest-circus\build\utils.js:231:10)
          at _callCircusTest (C:\Users\USER\Documents\GitHub\Globe-Wallet\node_modules\jest-circus\build\run.js:316:40)
          at processTicksAndRejections (node:internal/process/task_queues:104:5)
          at _runTest (C:\Users\USER\Documents\GitHub\Globe-Wallet\node_modules\jest-circus\build\run.js:252:3)
          at _runTestsForDescribeBlock (C:\Users\USER\Documents\GitHub\Globe-Wallet\node_modules\jest-circus\build\run.js:126:9)
          at _runTestsForDescribeBlock (C:\Users\USER\Documents\GitHub\Globe-Wallet\node_modules\jest-circus\build\run.js:121:9)
          at _runTestsForDescribeBlock (C:\Users\USER\Documents\GitHub\Globe-Wallet\node_modules\jest-circus\build\run.js:121:9)
          at run (C:\Users\USER\Documents\GitHub\Globe-Wallet\node_modules\jest-circus\build\run.js:71:3)
          at runAndTransformResultsToJestFormat (C:\Users\USER\Documents\GitHub\Globe-Wallet\node_modules\jest-circus\build\legacy-code-todo-rewrite\jestAdapterInit.js:122:21)
          at jestAdapter (C:\Users\USER\Documents\GitHub\Globe-Wallet\node_modules\jest-circus\build\legacy-code-todo-rewrite\jestAdapter.js:79:19)
          at runTestInternal (C:\Users\USER\Documents\GitHub\Globe-Wallet\node_modules\jest-runner\build\runTest.js:367:16)
          at runTest (C:\Users\USER\Documents\GitHub\Globe-Wallet\node_modules\jest-runner\build\runTest.js:444:34)
          at Object.worker (C:\Users\USER\Documents\GitHub\Globe-Wallet\node_modules\jest-runner\build\testWorker.js:106:12)

    [0m [90m 33 |[39m         [36mreturn[39m rates
     [90m 34 |[39m       } [36mcatch[39m (error) {
    [31m[1m>[22m[39m[90m 35 |[39m         console[33m.[39mwarn([32m'[RatesService] Failed to fetch live rates, falling back to mock data'[39m[33m,[39m error)
     [90m    |[39m                 [31m[1m^[22m[39m
     [90m 36 |[39m         [36mreturn[39m [36mthis[39m[33m.[39mgetMockRates([36mfrom[39m[33m,[39m supportedCurrencies)
     [90m 37 |[39m       }
     [90m 38 |[39m     })[0m

      at warn (lib/services/rates.service.ts:35:17)
      at RatesService.withPerformanceTracking (lib/services/base.service.ts:41:20)

    console.debug
      [RatesService] getExchangeRates took 0.00ms

      at RatesService.debug [as withPerformanceTracking] (lib/services/base.service.ts:44:21)

    console.error
      An update to ConvertPage inside a test was not wrapped in act(...).
      
      When testing, code that causes React state updates should be wrapped into act(...):
      
      act(() => {
        /* fire events that update state */
      });
      /* assert on the output */
      
      This ensures that you're testing the behavior the user would see in the browser. Learn more at https://react.dev/link/wrap-tests-with-act

    [0m [90m 42 |[39m           toCurrency[33m,[39m
     [90m 43 |[39m         ])
    [31m[1m>[22m[39m[90m 44 |[39m         setRates(fetchedRates)
     [90m    |[39m         [31m[1m^[22m[39m
     [90m 45 |[39m       } [36mcatch[39m (error) {
     [90m 46 |[39m         [36mconst[39m message [33m=[39m error [36minstanceof[39m [33mError[39m [33m?[39m error[33m.[39mmessage [33m:[39m [32m"Failed to load exchange rates"[39m
     [90m 47 |[39m         setRatesError(message)[0m

      at node_modules/react-dom/cjs/react-dom-client.development.js:18758:19
      at runWithFiberInDEV (node_modules/react-dom/cjs/react-dom-client.development.js:874:13)
      at warnIfUpdatesNotWrappedWithActDEV (node_modules/react-dom/cjs/react-dom-client.development.js:18757:9)
      at scheduleUpdateOnFiber (node_modules/react-dom/cjs/react-dom-client.development.js:16409:11)
      at dispatchSetStateInternal (node_modules/react-dom/cjs/react-dom-client.development.js:9170:13)
      at dispatchSetState (node_modules/react-dom/cjs/react-dom-client.development.js:9127:7)
      at setRates (app/convert/page.tsx:44:9)

    console.error
      An update to ConvertPage inside a test was not wrapped in act(...).
      
      When testing, code that causes React state updates should be wrapped into act(...):
      
      act(() => {
        /* fire events that update state */
      });
      /* assert on the output */
      
      This ensures that you're testing the behavior the user would see in the browser. Learn more at https://react.dev/link/wrap-tests-with-act

    [0m [90m 48 |[39m         toast[33m.[39merror([32m"Could not load exchange rates, using cached rates"[39m)
     [90m 49 |[39m       } [36mfinally[39m {
    [31m[1m>[22m[39m[90m 50 |[39m         setIsLoadingRates([36mfalse[39m)
     [90m    |[39m         [31m[1m^[22m[39m
     [90m 51 |[39m       }
     [90m 52 |[39m     }
     [90m 53 |[39m[0m

      at node_modules/react-dom/cjs/react-dom-client.development.js:18758:19
      at runWithFiberInDEV (node_modules/react-dom/cjs/react-dom-client.development.js:874:13)
      at warnIfUpdatesNotWrappedWithActDEV (node_modules/react-dom/cjs/react-dom-client.development.js:18757:9)
      at scheduleUpdateOnFiber (node_modules/react-dom/cjs/react-dom-client.development.js:16409:11)
      at dispatchSetStateInternal (node_modules/react-dom/cjs/react-dom-client.development.js:9170:13)
      at dispatchSetState (node_modules/react-dom/cjs/react-dom-client.development.js:9127:7)
      at setIsLoadingRates (app/convert/page.tsx:50:9)

    console.warn
      [RatesService] Failed to fetch live rates, falling back to mock data ReferenceError: fetch is not defined
          at RatesService.fetchLiveRates (C:\Users\USER\Documents\GitHub\Globe-Wallet\lib\services\rates.service.ts:70:22)
          at fetchLiveRates (C:\Users\USER\Documents\GitHub\Globe-Wallet\lib\services\rates.service.ts:31:34)
          at RatesService.operation [as withPerformanceTracking] (C:\Users\USER\Documents\GitHub\Globe-Wallet\lib\services\base.service.ts:41:26)
          at RatesService.withPerformanceTracking [as getExchangeRates] (C:\Users\USER\Documents\GitHub\Globe-Wallet\lib\services\rates.service.ts:21:17)
          at getExchangeRates (C:\Users\USER\Documents\GitHub\Globe-Wallet\app\convert\page.tsx:40:49)
          at fetchRates (C:\Users\USER\Documents\GitHub\Globe-Wallet\app\convert\page.tsx:54:5)
          at Object.react_stack_bottom_frame (C:\Users\USER\Documents\GitHub\Globe-Wallet\node_modules\react-dom\cjs\react-dom-client.development.js:25989:20)
          at runWithFiberInDEV (C:\Users\USER\Documents\GitHub\Globe-Wallet\node_modules\react-dom\cjs\react-dom-client.development.js:874:13)
          at commitHookEffectListMount (C:\Users\USER\Documents\GitHub\Globe-Wallet\node_modules\react-dom\cjs\react-dom-client.development.js:13249:29)
          at commitHookPassiveMountEffects (C:\Users\USER\Documents\GitHub\Globe-Wallet\node_modules\react-dom\cjs\react-dom-client.development.js:13336:11)
          at commitPassiveMountOnFiber (C:\Users\USER\Documents\GitHub\Globe-Wallet\node_modules\react-dom\cjs\react-dom-client.development.js:15484:13)
          at recursivelyTraversePassiveMountEffects (C:\Users\USER\Documents\GitHub\Globe-Wallet\node_modules\react-dom\cjs\react-dom-client.development.js:15439:11)
          at commitPassiveMountOnFiber (C:\Users\USER\Documents\GitHub\Globe-Wallet\node_modules\react-dom\cjs\react-dom-client.development.js:15519:11)
          at flushPassiveEffects (C:\Users\USER\Documents\GitHub\Globe-Wallet\node_modules\react-dom\cjs\react-dom-client.development.js:18432:9)
          at flushPendingEffects (C:\Users\USER\Documents\GitHub\Globe-Wallet\node_modules\react-dom\cjs\react-dom-client.development.js:18358:14)
          at performSyncWorkOnRoot (C:\Users\USER\Documents\GitHub\Globe-Wallet\node_modules\react-dom\cjs\react-dom-client.development.js:18969:11)
          at flushSyncWorkAcrossRoots_impl (C:\Users\USER\Documents\GitHub\Globe-Wallet\node_modules\react-dom\cjs\react-dom-client.development.js:18814:21)
          at flushSpawnedWork (C:\Users\USER\Documents\GitHub\Globe-Wallet\node_modules\react-dom\cjs\react-dom-client.development.js:18334:9)
          at commitRoot (C:\Users\USER\Documents\GitHub\Globe-Wallet\node_modules\react-dom\cjs\react-dom-client.development.js:17955:9)
          at performWorkOnRoot (C:\Users\USER\Documents\GitHub\Globe-Wallet\node_modules\react-dom\cjs\react-dom-client.development.js:16667:15)
          at performWorkOnRootViaSchedulerTask (C:\Users\USER\Documents\GitHub\Globe-Wallet\node_modules\react-dom\cjs\react-dom-client.development.js:18957:7)
          at flushActQueue (C:\Users\USER\Documents\GitHub\Globe-Wallet\node_modules\react\cjs\react.development.js:590:34)
          at Object.<anonymous>.process.env.NODE_ENV.exports.act (C:\Users\USER\Documents\GitHub\Globe-Wallet\node_modules\react\cjs\react.development.js:884:10)
          at C:\Users\USER\Documents\GitHub\Globe-Wallet\node_modules\@testing-library\react\dist\act-compat.js:46:25
          at renderRoot (C:\Users\USER\Documents\GitHub\Globe-Wallet\node_modules\@testing-library\react\dist\pure.js:189:26)
          at render (C:\Users\USER\Documents\GitHub\Globe-Wallet\node_modules\@testing-library\react\dist\pure.js:291:10)
          at renderPage (C:\Users\USER\Documents\GitHub\Globe-Wallet\tests\component\convert-page.test.tsx:52:16)
          at Object.renderPage (C:\Users\USER\Documents\GitHub\Globe-Wallet\tests\component\convert-page.test.tsx:87:7)
          at Promise.then.completed (C:\Users\USER\Documents\GitHub\Globe-Wallet\node_modules\jest-circus\build\utils.js:298:28)
          at new Promise (<anonymous>)
          at callAsyncCircusFn (C:\Users\USER\Documents\GitHub\Globe-Wallet\node_modules\jest-circus\build\utils.js:231:10)
          at _callCircusTest (C:\Users\USER\Documents\GitHub\Globe-Wallet\node_modules\jest-circus\build\run.js:316:40)
          at processTicksAndRejections (node:internal/process/task_queues:104:5)
          at _runTest (C:\Users\USER\Documents\GitHub\Globe-Wallet\node_modules\jest-circus\build\run.js:252:3)
          at _runTestsForDescribeBlock (C:\Users\USER\Documents\GitHub\Globe-Wallet\node_modules\jest-circus\build\run.js:126:9)
          at _runTestsForDescribeBlock (C:\Users\USER\Documents\GitHub\Globe-Wallet\node_modules\jest-circus\build\run.js:121:9)
          at _runTestsForDescribeBlock (C:\Users\USER\Documents\GitHub\Globe-Wallet\node_modules\jest-circus\build\run.js:121:9)
          at run (C:\Users\USER\Documents\GitHub\Globe-Wallet\node_modules\jest-circus\build\run.js:71:3)
          at runAndTransformResultsToJestFormat (C:\Users\USER\Documents\GitHub\Globe-Wallet\node_modules\jest-circus\build\legacy-code-todo-rewrite\jestAdapterInit.js:122:21)
          at jestAdapter (C:\Users\USER\Documents\GitHub\Globe-Wallet\node_modules\jest-circus\build\legacy-code-todo-rewrite\jestAdapter.js:79:19)
          at runTestInternal (C:\Users\USER\Documents\GitHub\Globe-Wallet\node_modules\jest-runner\build\runTest.js:367:16)
          at runTest (C:\Users\USER\Documents\GitHub\Globe-Wallet\node_modules\jest-runner\build\runTest.js:444:34)
          at Object.worker (C:\Users\USER\Documents\GitHub\Globe-Wallet\node_modules\jest-runner\build\testWorker.js:106:12)

    [0m [90m 33 |[39m         [36mreturn[39m rates
     [90m 34 |[39m       } [36mcatch[39m (error) {
    [31m[1m>[22m[39m[90m 35 |[39m         console[33m.[39mwarn([32m'[RatesService] Failed to fetch live rates, falling back to mock data'[39m[33m,[39m error)
     [90m    |[39m                 [31m[1m^[22m[39m
     [90m 36 |[39m         [36mreturn[39m [36mthis[39m[33m.[39mgetMockRates([36mfrom[39m[33m,[39m supportedCurrencies)
     [90m 37 |[39m       }
     [90m 38 |[39m     })[0m

      at warn (lib/services/rates.service.ts:35:17)
      at RatesService.withPerformanceTracking (lib/services/base.service.ts:41:20)

    console.debug
      [RatesService] getExchangeRates took 0.00ms

      at RatesService.debug [as withPerformanceTracking] (lib/services/base.service.ts:44:21)

    console.error
      An update to ConvertPage inside a test was not wrapped in act(...).
      
      When testing, code that causes React state updates should be wrapped into act(...):
      
      act(() => {
        /* fire events that update state */
      });
      /* assert on the output */
      
      This ensures that you're testing the behavior the user would see in the browser. Learn more at https://react.dev/link/wrap-tests-with-act

    [0m [90m 42 |[39m           toCurrency[33m,[39m
     [90m 43 |[39m         ])
    [31m[1m>[22m[39m[90m 44 |[39m         setRates(fetchedRates)
     [90m    |[39m         [31m[1m^[22m[39m
     [90m 45 |[39m       } [36mcatch[39m (error) {
     [90m 46 |[39m         [36mconst[39m message [33m=[39m error [36minstanceof[39m [33mError[39m [33m?[39m error[33m.[39mmessage [33m:[39m [32m"Failed to load exchange rates"[39m
     [90m 47 |[39m         setRatesError(message)[0m

      at node_modules/react-dom/cjs/react-dom-client.development.js:18758:19
      at runWithFiberInDEV (node_modules/react-dom/cjs/react-dom-client.development.js:874:13)
      at warnIfUpdatesNotWrappedWithActDEV (node_modules/react-dom/cjs/react-dom-client.development.js:18757:9)
      at scheduleUpdateOnFiber (node_modules/react-dom/cjs/react-dom-client.development.js:16409:11)
      at dispatchSetStateInternal (node_modules/react-dom/cjs/react-dom-client.development.js:9170:13)
      at dispatchSetState (node_modules/react-dom/cjs/react-dom-client.development.js:9127:7)
      at setRates (app/convert/page.tsx:44:9)

    console.error
      An update to ConvertPage inside a test was not wrapped in act(...).
      
      When testing, code that causes React state updates should be wrapped into act(...):
      
      act(() => {
        /* fire events that update state */
      });
      /* assert on the output */
      
      This ensures that you're testing the behavior the user would see in the browser. Learn more at https://react.dev/link/wrap-tests-with-act

    [0m [90m 48 |[39m         toast[33m.[39merror([32m"Could not load exchange rates, using cached rates"[39m)
     [90m 49 |[39m       } [36mfinally[39m {
    [31m[1m>[22m[39m[90m 50 |[39m         setIsLoadingRates([36mfalse[39m)
     [90m    |[39m         [31m[1m^[22m[39m
     [90m 51 |[39m       }
     [90m 52 |[39m     }
     [90m 53 |[39m[0m

      at node_modules/react-dom/cjs/react-dom-client.development.js:18758:19
      at runWithFiberInDEV (node_modules/react-dom/cjs/react-dom-client.development.js:874:13)
      at warnIfUpdatesNotWrappedWithActDEV (node_modules/react-dom/cjs/react-dom-client.development.js:18757:9)
      at scheduleUpdateOnFiber (node_modules/react-dom/cjs/react-dom-client.development.js:16409:11)
      at dispatchSetStateInternal (node_modules/react-dom/cjs/react-dom-client.development.js:9170:13)
      at dispatchSetState (node_modules/react-dom/cjs/react-dom-client.development.js:9127:7)
      at setIsLoadingRates (app/convert/page.tsx:50:9)

    console.warn
      [RatesService] Failed to fetch live rates, falling back to mock data ReferenceError: fetch is not defined
          at RatesService.fetchLiveRates (C:\Users\USER\Documents\GitHub\Globe-Wallet\lib\services\rates.service.ts:70:22)
          at fetchLiveRates (C:\Users\USER\Documents\GitHub\Globe-Wallet\lib\services\rates.service.ts:31:34)
          at RatesService.operation [as withPerformanceTracking] (C:\Users\USER\Documents\GitHub\Globe-Wallet\lib\services\base.service.ts:41:26)
          at RatesService.withPerformanceTracking [as getExchangeRates] (C:\Users\USER\Documents\GitHub\Globe-Wallet\lib\services\rates.service.ts:21:17)
          at getExchangeRates (C:\Users\USER\Documents\GitHub\Globe-Wallet\app\convert\page.tsx:40:49)
          at fetchRates (C:\Users\USER\Documents\GitHub\Globe-Wallet\app\convert\page.tsx:54:5)
          at Object.react_stack_bottom_frame (C:\Users\USER\Documents\GitHub\Globe-Wallet\node_modules\react-dom\cjs\react-dom-client.development.js:25989:20)
          at runWithFiberInDEV (C:\Users\USER\Documents\GitHub\Globe-Wallet\node_modules\react-dom\cjs\react-dom-client.development.js:874:13)
          at commitHookEffectListMount (C:\Users\USER\Documents\GitHub\Globe-Wallet\node_modules\react-dom\cjs\react-dom-client.development.js:13249:29)
          at commitHookPassiveMountEffects (C:\Users\USER\Documents\GitHub\Globe-Wallet\node_modules\react-dom\cjs\react-dom-client.development.js:13336:11)
          at commitPassiveMountOnFiber (C:\Users\USER\Documents\GitHub\Globe-Wallet\node_modules\react-dom\cjs\react-dom-client.development.js:15484:13)
          at recursivelyTraversePassiveMountEffects (C:\Users\USER\Documents\GitHub\Globe-Wallet\node_modules\react-dom\cjs\react-dom-client.development.js:15439:11)
          at commitPassiveMountOnFiber (C:\Users\USER\Documents\GitHub\Globe-Wallet\node_modules\react-dom\cjs\react-dom-client.development.js:15519:11)
          at flushPassiveEffects (C:\Users\USER\Documents\GitHub\Globe-Wallet\node_modules\react-dom\cjs\react-dom-client.development.js:18432:9)
          at flushPendingEffects (C:\Users\USER\Documents\GitHub\Globe-Wallet\node_modules\react-dom\cjs\react-dom-client.development.js:18358:14)
          at performSyncWorkOnRoot (C:\Users\USER\Documents\GitHub\Globe-Wallet\node_modules\react-dom\cjs\react-dom-client.development.js:18969:11)
          at flushSyncWorkAcrossRoots_impl (C:\Users\USER\Documents\GitHub\Globe-Wallet\node_modules\react-dom\cjs\react-dom-client.development.js:18814:21)
          at flushSpawnedWork (C:\Users\USER\Documents\GitHub\Globe-Wallet\node_modules\react-dom\cjs\react-dom-client.development.js:18334:9)
          at commitRoot (C:\Users\USER\Documents\GitHub\Globe-Wallet\node_modules\react-dom\cjs\react-dom-client.development.js:17955:9)
          at performWorkOnRoot (C:\Users\USER\Documents\GitHub\Globe-Wallet\node_modules\react-dom\cjs\react-dom-client.development.js:16667:15)
          at performWorkOnRootViaSchedulerTask (C:\Users\USER\Documents\GitHub\Globe-Wallet\node_modules\react-dom\cjs\react-dom-client.development.js:18957:7)
          at flushActQueue (C:\Users\USER\Documents\GitHub\Globe-Wallet\node_modules\react\cjs\react.development.js:590:34)
          at Object.<anonymous>.process.env.NODE_ENV.exports.act (C:\Users\USER\Documents\GitHub\Globe-Wallet\node_modules\react\cjs\react.development.js:884:10)
          at C:\Users\USER\Documents\GitHub\Globe-Wallet\node_modules\@testing-library\react\dist\act-compat.js:46:25
          at renderRoot (C:\Users\USER\Documents\GitHub\Globe-Wallet\node_modules\@testing-library\react\dist\pure.js:189:26)
          at render (C:\Users\USER\Documents\GitHub\Globe-Wallet\node_modules\@testing-library\react\dist\pure.js:291:10)
          at renderPage (C:\Users\USER\Documents\GitHub\Globe-Wallet\tests\component\convert-page.test.tsx:52:16)
          at Object.renderPage (C:\Users\USER\Documents\GitHub\Globe-Wallet\tests\component\convert-page.test.tsx:92:7)
          at Promise.then.completed (C:\Users\USER\Documents\GitHub\Globe-Wallet\node_modules\jest-circus\build\utils.js:298:28)
          at new Promise (<anonymous>)
          at callAsyncCircusFn (C:\Users\USER\Documents\GitHub\Globe-Wallet\node_modules\jest-circus\build\utils.js:231:10)
          at _callCircusTest (C:\Users\USER\Documents\GitHub\Globe-Wallet\node_modules\jest-circus\build\run.js:316:40)
          at processTicksAndRejections (node:internal/process/task_queues:104:5)
          at _runTest (C:\Users\USER\Documents\GitHub\Globe-Wallet\node_modules\jest-circus\build\run.js:252:3)
          at _runTestsForDescribeBlock (C:\Users\USER\Documents\GitHub\Globe-Wallet\node_modules\jest-circus\build\run.js:126:9)
          at _runTestsForDescribeBlock (C:\Users\USER\Documents\GitHub\Globe-Wallet\node_modules\jest-circus\build\run.js:121:9)
          at _runTestsForDescribeBlock (C:\Users\USER\Documents\GitHub\Globe-Wallet\node_modules\jest-circus\build\run.js:121:9)
          at run (C:\Users\USER\Documents\GitHub\Globe-Wallet\node_modules\jest-circus\build\run.js:71:3)
          at runAndTransformResultsToJestFormat (C:\Users\USER\Documents\GitHub\Globe-Wallet\node_modules\jest-circus\build\legacy-code-todo-rewrite\jestAdapterInit.js:122:21)
          at jestAdapter (C:\Users\USER\Documents\GitHub\Globe-Wallet\node_modules\jest-circus\build\legacy-code-todo-rewrite\jestAdapter.js:79:19)
          at runTestInternal (C:\Users\USER\Documents\GitHub\Globe-Wallet\node_modules\jest-runner\build\runTest.js:367:16)
          at runTest (C:\Users\USER\Documents\GitHub\Globe-Wallet\node_modules\jest-runner\build\runTest.js:444:34)
          at Object.worker (C:\Users\USER\Documents\GitHub\Globe-Wallet\node_modules\jest-runner\build\testWorker.js:106:12)

    [0m [90m 33 |[39m         [36mreturn[39m rates
     [90m 34 |[39m       } [36mcatch[39m (error) {
    [31m[1m>[22m[39m[90m 35 |[39m         console[33m.[39mwarn([32m'[RatesService] Failed to fetch live rates, falling back to mock data'[39m[33m,[39m error)
     [90m    |[39m                 [31m[1m^[22m[39m
     [90m 36 |[39m         [36mreturn[39m [36mthis[39m[33m.[39mgetMockRates([36mfrom[39m[33m,[39m supportedCurrencies)
     [90m 37 |[39m       }
     [90m 38 |[39m     })[0m

      at warn (lib/services/rates.service.ts:35:17)
      at RatesService.withPerformanceTracking (lib/services/base.service.ts:41:20)

    console.debug
      [RatesService] getExchangeRates took 0.00ms

      at RatesService.debug [as withPerformanceTracking] (lib/services/base.service.ts:44:21)

    console.error
      An update to ConvertPage inside a test was not wrapped in act(...).
      
      When testing, code that causes React state updates should be wrapped into act(...):
      
      act(() => {
        /* fire events that update state */
      });
      /* assert on the output */
      
      This ensures that you're testing the behavior the user would see in the browser. Learn more at https://react.dev/link/wrap-tests-with-act

    [0m [90m 42 |[39m           toCurrency[33m,[39m
     [90m 43 |[39m         ])
    [31m[1m>[22m[39m[90m 44 |[39m         setRates(fetchedRates)
     [90m    |[39m         [31m[1m^[22m[39m
     [90m 45 |[39m       } [36mcatch[39m (error) {
     [90m 46 |[39m         [36mconst[39m message [33m=[39m error [36minstanceof[39m [33mError[39m [33m?[39m error[33m.[39mmessage [33m:[39m [32m"Failed to load exchange rates"[39m
     [90m 47 |[39m         setRatesError(message)[0m

      at node_modules/react-dom/cjs/react-dom-client.development.js:18758:19
      at runWithFiberInDEV (node_modules/react-dom/cjs/react-dom-client.development.js:874:13)
      at warnIfUpdatesNotWrappedWithActDEV (node_modules/react-dom/cjs/react-dom-client.development.js:18757:9)
      at scheduleUpdateOnFiber (node_modules/react-dom/cjs/react-dom-client.development.js:16409:11)
      at dispatchSetStateInternal (node_modules/react-dom/cjs/react-dom-client.development.js:9170:13)
      at dispatchSetState (node_modules/react-dom/cjs/react-dom-client.development.js:9127:7)
      at setRates (app/convert/page.tsx:44:9)

    console.error
      An update to ConvertPage inside a test was not wrapped in act(...).
      
      When testing, code that causes React state updates should be wrapped into act(...):
      
      act(() => {
        /* fire events that update state */
      });
      /* assert on the output */
      
      This ensures that you're testing the behavior the user would see in the browser. Learn more at https://react.dev/link/wrap-tests-with-act

    [0m [90m 48 |[39m         toast[33m.[39merror([32m"Could not load exchange rates, using cached rates"[39m)
     [90m 49 |[39m       } [36mfinally[39m {
    [31m[1m>[22m[39m[90m 50 |[39m         setIsLoadingRates([36mfalse[39m)
     [90m    |[39m         [31m[1m^[22m[39m
     [90m 51 |[39m       }
     [90m 52 |[39m     }
     [90m 53 |[39m[0m

      at node_modules/react-dom/cjs/react-dom-client.development.js:18758:19
      at runWithFiberInDEV (node_modules/react-dom/cjs/react-dom-client.development.js:874:13)
      at warnIfUpdatesNotWrappedWithActDEV (node_modules/react-dom/cjs/react-dom-client.development.js:18757:9)
      at scheduleUpdateOnFiber (node_modules/react-dom/cjs/react-dom-client.development.js:16409:11)
      at dispatchSetStateInternal (node_modules/react-dom/cjs/react-dom-client.development.js:9170:13)
      at dispatchSetState (node_modules/react-dom/cjs/react-dom-client.development.js:9127:7)
      at setIsLoadingRates (app/convert/page.tsx:50:9)

    console.warn
      [RatesService] Failed to fetch live rates, falling back to mock data ReferenceError: fetch is not defined
          at RatesService.fetchLiveRates (C:\Users\USER\Documents\GitHub\Globe-Wallet\lib\services\rates.service.ts:70:22)
          at fetchLiveRates (C:\Users\USER\Documents\GitHub\Globe-Wallet\lib\services\rates.service.ts:31:34)
          at RatesService.operation [as withPerformanceTracking] (C:\Users\USER\Documents\GitHub\Globe-Wallet\lib\services\base.service.ts:41:26)
          at RatesService.withPerformanceTracking [as getExchangeRates] (C:\Users\USER\Documents\GitHub\Globe-Wallet\lib\services\rates.service.ts:21:17)
          at getExchangeRates (C:\Users\USER\Documents\GitHub\Globe-Wallet\app\convert\page.tsx:40:49)
          at fetchRates (C:\Users\USER\Documents\GitHub\Globe-Wallet\app\convert\page.tsx:54:5)
          at Object.react_stack_bottom_frame (C:\Users\USER\Documents\GitHub\Globe-Wallet\node_modules\react-dom\cjs\react-dom-client.development.js:25989:20)
          at runWithFiberInDEV (C:\Users\USER\Documents\GitHub\Globe-Wallet\node_modules\react-dom\cjs\react-dom-client.development.js:874:13)
          at commitHookEffectListMount (C:\Users\USER\Documents\GitHub\Globe-Wallet\node_modules\react-dom\cjs\react-dom-client.development.js:13249:29)
          at commitHookPassiveMountEffects (C:\Users\USER\Documents\GitHub\Globe-Wallet\node_modules\react-dom\cjs\react-dom-client.development.js:13336:11)
          at commitPassiveMountOnFiber (C:\Users\USER\Documents\GitHub\Globe-Wallet\node_modules\react-dom\cjs\react-dom-client.development.js:15484:13)
          at recursivelyTraversePassiveMountEffects (C:\Users\USER\Documents\GitHub\Globe-Wallet\node_modules\react-dom\cjs\react-dom-client.development.js:15439:11)
          at commitPassiveMountOnFiber (C:\Users\USER\Documents\GitHub\Globe-Wallet\node_modules\react-dom\cjs\react-dom-client.development.js:15519:11)
          at flushPassiveEffects (C:\Users\USER\Documents\GitHub\Globe-Wallet\node_modules\react-dom\cjs\react-dom-client.development.js:18432:9)
          at flushPendingEffects (C:\Users\USER\Documents\GitHub\Globe-Wallet\node_modules\react-dom\cjs\react-dom-client.development.js:18358:14)
          at performSyncWorkOnRoot (C:\Users\USER\Documents\GitHub\Globe-Wallet\node_modules\react-dom\cjs\react-dom-client.development.js:18969:11)
          at flushSyncWorkAcrossRoots_impl (C:\Users\USER\Documents\GitHub\Globe-Wallet\node_modules\react-dom\cjs\react-dom-client.development.js:18814:21)
          at flushSpawnedWork (C:\Users\USER\Documents\GitHub\Globe-Wallet\node_modules\react-dom\cjs\react-dom-client.development.js:18334:9)
          at commitRoot (C:\Users\USER\Documents\GitHub\Globe-Wallet\node_modules\react-dom\cjs\react-dom-client.development.js:17955:9)
          at performWorkOnRoot (C:\Users\USER\Documents\GitHub\Globe-Wallet\node_modules\react-dom\cjs\react-dom-client.development.js:16667:15)
          at performWorkOnRootViaSchedulerTask (C:\Users\USER\Documents\GitHub\Globe-Wallet\node_modules\react-dom\cjs\react-dom-client.development.js:18957:7)
          at flushActQueue (C:\Users\USER\Documents\GitHub\Globe-Wallet\node_modules\react\cjs\react.development.js:590:34)
          at Object.<anonymous>.process.env.NODE_ENV.exports.act (C:\Users\USER\Documents\GitHub\Globe-Wallet\node_modules\react\cjs\react.development.js:884:10)
          at C:\Users\USER\Documents\GitHub\Globe-Wallet\node_modules\@testing-library\react\dist\act-compat.js:46:25
          at renderRoot (C:\Users\USER\Documents\GitHub\Globe-Wallet\node_modules\@testing-library\react\dist\pure.js:189:26)
          at render (C:\Users\USER\Documents\GitHub\Globe-Wallet\node_modules\@testing-library\react\dist\pure.js:291:10)
          at renderPage (C:\Users\USER\Documents\GitHub\Globe-Wallet\tests\component\convert-page.test.tsx:52:16)
          at Object.renderPage (C:\Users\USER\Documents\GitHub\Globe-Wallet\tests\component\convert-page.test.tsx:98:7)
          at Promise.then.completed (C:\Users\USER\Documents\GitHub\Globe-Wallet\node_modules\jest-circus\build\utils.js:298:28)
          at new Promise (<anonymous>)
          at callAsyncCircusFn (C:\Users\USER\Documents\GitHub\Globe-Wallet\node_modules\jest-circus\build\utils.js:231:10)
          at _callCircusTest (C:\Users\USER\Documents\GitHub\Globe-Wallet\node_modules\jest-circus\build\run.js:316:40)
          at processTicksAndRejections (node:internal/process/task_queues:104:5)
          at _runTest (C:\Users\USER\Documents\GitHub\Globe-Wallet\node_modules\jest-circus\build\run.js:252:3)
          at _runTestsForDescribeBlock (C:\Users\USER\Documents\GitHub\Globe-Wallet\node_modules\jest-circus\build\run.js:126:9)
          at _runTestsForDescribeBlock (C:\Users\USER\Documents\GitHub\Globe-Wallet\node_modules\jest-circus\build\run.js:121:9)
          at _runTestsForDescribeBlock (C:\Users\USER\Documents\GitHub\Globe-Wallet\node_modules\jest-circus\build\run.js:121:9)
          at run (C:\Users\USER\Documents\GitHub\Globe-Wallet\node_modules\jest-circus\build\run.js:71:3)
          at runAndTransformResultsToJestFormat (C:\Users\USER\Documents\GitHub\Globe-Wallet\node_modules\jest-circus\build\legacy-code-todo-rewrite\jestAdapterInit.js:122:21)
          at jestAdapter (C:\Users\USER\Documents\GitHub\Globe-Wallet\node_modules\jest-circus\build\legacy-code-todo-rewrite\jestAdapter.js:79:19)
          at runTestInternal (C:\Users\USER\Documents\GitHub\Globe-Wallet\node_modules\jest-runner\build\runTest.js:367:16)
          at runTest (C:\Users\USER\Documents\GitHub\Globe-Wallet\node_modules\jest-runner\build\runTest.js:444:34)
          at Object.worker (C:\Users\USER\Documents\GitHub\Globe-Wallet\node_modules\jest-runner\build\testWorker.js:106:12)

    [0m [90m 33 |[39m         [36mreturn[39m rates
     [90m 34 |[39m       } [36mcatch[39m (error) {
    [31m[1m>[22m[39m[90m 35 |[39m         console[33m.[39mwarn([32m'[RatesService] Failed to fetch live rates, falling back to mock data'[39m[33m,[39m error)
     [90m    |[39m                 [31m[1m^[22m[39m
     [90m 36 |[39m         [36mreturn[39m [36mthis[39m[33m.[39mgetMockRates([36mfrom[39m[33m,[39m supportedCurrencies)
     [90m 37 |[39m       }
     [90m 38 |[39m     })[0m

      at warn (lib/services/rates.service.ts:35:17)
      at RatesService.withPerformanceTracking (lib/services/base.service.ts:41:20)

    console.debug
      [RatesService] getExchangeRates took 0.00ms

      at RatesService.debug [as withPerformanceTracking] (lib/services/base.service.ts:44:21)

    console.error
      An update to ConvertPage inside a test was not wrapped in act(...).
      
      When testing, code that causes React state updates should be wrapped into act(...):
      
      act(() => {
        /* fire events that update state */
      });
      /* assert on the output */
      
      This ensures that you're testing the behavior the user would see in the browser. Learn more at https://react.dev/link/wrap-tests-with-act

    [0m [90m 42 |[39m           toCurrency[33m,[39m
     [90m 43 |[39m         ])
    [31m[1m>[22m[39m[90m 44 |[39m         setRates(fetchedRates)
     [90m    |[39m         [31m[1m^[22m[39m
     [90m 45 |[39m       } [36mcatch[39m (error) {
     [90m 46 |[39m         [36mconst[39m message [33m=[39m error [36minstanceof[39m [33mError[39m [33m?[39m error[33m.[39mmessage [33m:[39m [32m"Failed to load exchange rates"[39m
     [90m 47 |[39m         setRatesError(message)[0m

      at node_modules/react-dom/cjs/react-dom-client.development.js:18758:19
      at runWithFiberInDEV (node_modules/react-dom/cjs/react-dom-client.development.js:874:13)
      at warnIfUpdatesNotWrappedWithActDEV (node_modules/react-dom/cjs/react-dom-client.development.js:18757:9)
      at scheduleUpdateOnFiber (node_modules/react-dom/cjs/react-dom-client.development.js:16409:11)
      at dispatchSetStateInternal (node_modules/react-dom/cjs/react-dom-client.development.js:9170:13)
      at dispatchSetState (node_modules/react-dom/cjs/react-dom-client.development.js:9127:7)
      at setRates (app/convert/page.tsx:44:9)

    console.error
      An update to ConvertPage inside a test was not wrapped in act(...).
      
      When testing, code that causes React state updates should be wrapped into act(...):
      
      act(() => {
        /* fire events that update state */
      });
      /* assert on the output */
      
      This ensures that you're testing the behavior the user would see in the browser. Learn more at https://react.dev/link/wrap-tests-with-act

    [0m [90m 48 |[39m         toast[33m.[39merror([32m"Could not load exchange rates, using cached rates"[39m)
     [90m 49 |[39m       } [36mfinally[39m {
    [31m[1m>[22m[39m[90m 50 |[39m         setIsLoadingRates([36mfalse[39m)
     [90m    |[39m         [31m[1m^[22m[39m
     [90m 51 |[39m       }
     [90m 52 |[39m     }
     [90m 53 |[39m[0m

      at node_modules/react-dom/cjs/react-dom-client.development.js:18758:19
      at runWithFiberInDEV (node_modules/react-dom/cjs/react-dom-client.development.js:874:13)
      at warnIfUpdatesNotWrappedWithActDEV (node_modules/react-dom/cjs/react-dom-client.development.js:18757:9)
      at scheduleUpdateOnFiber (node_modules/react-dom/cjs/react-dom-client.development.js:16409:11)
      at dispatchSetStateInternal (node_modules/react-dom/cjs/react-dom-client.development.js:9170:13)
      at dispatchSetState (node_modules/react-dom/cjs/react-dom-client.development.js:9127:7)
      at setIsLoadingRates (app/convert/page.tsx:50:9)

    console.warn
      [RatesService] Failed to fetch live rates, falling back to mock data ReferenceError: fetch is not defined
          at RatesService.fetchLiveRates (C:\Users\USER\Documents\GitHub\Globe-Wallet\lib\services\rates.service.ts:70:22)
          at fetchLiveRates (C:\Users\USER\Documents\GitHub\Globe-Wallet\lib\services\rates.service.ts:31:34)
          at RatesService.operation [as withPerformanceTracking] (C:\Users\USER\Documents\GitHub\Globe-Wallet\lib\services\base.service.ts:41:26)
          at RatesService.withPerformanceTracking [as getExchangeRates] (C:\Users\USER\Documents\GitHub\Globe-Wallet\lib\services\rates.service.ts:21:17)
          at getExchangeRates (C:\Users\USER\Documents\GitHub\Globe-Wallet\app\convert\page.tsx:40:49)
          at fetchRates (C:\Users\USER\Documents\GitHub\Globe-Wallet\app\convert\page.tsx:54:5)
          at Object.react_stack_bottom_frame (C:\Users\USER\Documents\GitHub\Globe-Wallet\node_modules\react-dom\cjs\react-dom-client.development.js:25989:20)
          at runWithFiberInDEV (C:\Users\USER\Documents\GitHub\Globe-Wallet\node_modules\react-dom\cjs\react-dom-client.development.js:874:13)
          at commitHookEffectListMount (C:\Users\USER\Documents\GitHub\Globe-Wallet\node_modules\react-dom\cjs\react-dom-client.development.js:13249:29)
          at commitHookPassiveMountEffects (C:\Users\USER\Documents\GitHub\Globe-Wallet\node_modules\react-dom\cjs\react-dom-client.development.js:13336:11)
          at commitPassiveMountOnFiber (C:\Users\USER\Documents\GitHub\Globe-Wallet\node_modules\react-dom\cjs\react-dom-client.development.js:15484:13)
          at recursivelyTraversePassiveMountEffects (C:\Users\USER\Documents\GitHub\Globe-Wallet\node_modules\react-dom\cjs\react-dom-client.development.js:15439:11)
          at commitPassiveMountOnFiber (C:\Users\USER\Documents\GitHub\Globe-Wallet\node_modules\react-dom\cjs\react-dom-client.development.js:15519:11)
          at flushPassiveEffects (C:\Users\USER\Documents\GitHub\Globe-Wallet\node_modules\react-dom\cjs\react-dom-client.development.js:18432:9)
          at flushPendingEffects (C:\Users\USER\Documents\GitHub\Globe-Wallet\node_modules\react-dom\cjs\react-dom-client.development.js:18358:14)
          at performSyncWorkOnRoot (C:\Users\USER\Documents\GitHub\Globe-Wallet\node_modules\react-dom\cjs\react-dom-client.development.js:18969:11)
          at flushSyncWorkAcrossRoots_impl (C:\Users\USER\Documents\GitHub\Globe-Wallet\node_modules\react-dom\cjs\react-dom-client.development.js:18814:21)
          at flushSpawnedWork (C:\Users\USER\Documents\GitHub\Globe-Wallet\node_modules\react-dom\cjs\react-dom-client.development.js:18334:9)
          at commitRoot (C:\Users\USER\Documents\GitHub\Globe-Wallet\node_modules\react-dom\cjs\react-dom-client.development.js:17955:9)
          at performWorkOnRoot (C:\Users\USER\Documents\GitHub\Globe-Wallet\node_modules\react-dom\cjs\react-dom-client.development.js:16667:15)
          at performWorkOnRootViaSchedulerTask (C:\Users\USER\Documents\GitHub\Globe-Wallet\node_modules\react-dom\cjs\react-dom-client.development.js:18957:7)
          at flushActQueue (C:\Users\USER\Documents\GitHub\Globe-Wallet\node_modules\react\cjs\react.development.js:590:34)
          at Object.<anonymous>.process.env.NODE_ENV.exports.act (C:\Users\USER\Documents\GitHub\Globe-Wallet\node_modules\react\cjs\react.development.js:884:10)
          at C:\Users\USER\Documents\GitHub\Globe-Wallet\node_modules\@testing-library\react\dist\act-compat.js:46:25
          at renderRoot (C:\Users\USER\Documents\GitHub\Globe-Wallet\node_modules\@testing-library\react\dist\pure.js:189:26)
          at render (C:\Users\USER\Documents\GitHub\Globe-Wallet\node_modules\@testing-library\react\dist\pure.js:291:10)
          at renderPage (C:\Users\USER\Documents\GitHub\Globe-Wallet\tests\component\convert-page.test.tsx:52:16)
          at Object.renderPage (C:\Users\USER\Documents\GitHub\Globe-Wallet\tests\component\convert-page.test.tsx:103:7)
          at Promise.then.completed (C:\Users\USER\Documents\GitHub\Globe-Wallet\node_modules\jest-circus\build\utils.js:298:28)
          at new Promise (<anonymous>)
          at callAsyncCircusFn (C:\Users\USER\Documents\GitHub\Globe-Wallet\node_modules\jest-circus\build\utils.js:231:10)
          at _callCircusTest (C:\Users\USER\Documents\GitHub\Globe-Wallet\node_modules\jest-circus\build\run.js:316:40)
          at processTicksAndRejections (node:internal/process/task_queues:104:5)
          at _runTest (C:\Users\USER\Documents\GitHub\Globe-Wallet\node_modules\jest-circus\build\run.js:252:3)
          at _runTestsForDescribeBlock (C:\Users\USER\Documents\GitHub\Globe-Wallet\node_modules\jest-circus\build\run.js:126:9)
          at _runTestsForDescribeBlock (C:\Users\USER\Documents\GitHub\Globe-Wallet\node_modules\jest-circus\build\run.js:121:9)
          at _runTestsForDescribeBlock (C:\Users\USER\Documents\GitHub\Globe-Wallet\node_modules\jest-circus\build\run.js:121:9)
          at run (C:\Users\USER\Documents\GitHub\Globe-Wallet\node_modules\jest-circus\build\run.js:71:3)
          at runAndTransformResultsToJestFormat (C:\Users\USER\Documents\GitHub\Globe-Wallet\node_modules\jest-circus\build\legacy-code-todo-rewrite\jestAdapterInit.js:122:21)
          at jestAdapter (C:\Users\USER\Documents\GitHub\Globe-Wallet\node_modules\jest-circus\build\legacy-code-todo-rewrite\jestAdapter.js:79:19)
          at runTestInternal (C:\Users\USER\Documents\GitHub\Globe-Wallet\node_modules\jest-runner\build\runTest.js:367:16)
          at runTest (C:\Users\USER\Documents\GitHub\Globe-Wallet\node_modules\jest-runner\build\runTest.js:444:34)
          at Object.worker (C:\Users\USER\Documents\GitHub\Globe-Wallet\node_modules\jest-runner\build\testWorker.js:106:12)

    [0m [90m 33 |[39m         [36mreturn[39m rates
     [90m 34 |[39m       } [36mcatch[39m (error) {
    [31m[1m>[22m[39m[90m 35 |[39m         console[33m.[39mwarn([32m'[RatesService] Failed to fetch live rates, falling back to mock data'[39m[33m,[39m error)
     [90m    |[39m                 [31m[1m^[22m[39m
     [90m 36 |[39m         [36mreturn[39m [36mthis[39m[33m.[39mgetMockRates([36mfrom[39m[33m,[39m supportedCurrencies)
     [90m 37 |[39m       }
     [90m 38 |[39m     })[0m

      at warn (lib/services/rates.service.ts:35:17)
      at RatesService.withPerformanceTracking (lib/services/base.service.ts:41:20)

    console.debug
      [RatesService] getExchangeRates took 0.00ms

      at RatesService.debug [as withPerformanceTracking] (lib/services/base.service.ts:44:21)

    console.error
      An update to ConvertPage inside a test was not wrapped in act(...).
      
      When testing, code that causes React state updates should be wrapped into act(...):
      
      act(() => {
        /* fire events that update state */
      });
      /* assert on the output */
      
      This ensures that you're testing the behavior the user would see in the browser. Learn more at https://react.dev/link/wrap-tests-with-act

    [0m [90m 42 |[39m           toCurrency[33m,[39m
     [90m 43 |[39m         ])
    [31m[1m>[22m[39m[90m 44 |[39m         setRates(fetchedRates)
     [90m    |[39m         [31m[1m^[22m[39m
     [90m 45 |[39m       } [36mcatch[39m (error) {
     [90m 46 |[39m         [36mconst[39m message [33m=[39m error [36minstanceof[39m [33mError[39m [33m?[39m error[33m.[39mmessage [33m:[39m [32m"Failed to load exchange rates"[39m
     [90m 47 |[39m         setRatesError(message)[0m

      at node_modules/react-dom/cjs/react-dom-client.development.js:18758:19
      at runWithFiberInDEV (node_modules/react-dom/cjs/react-dom-client.development.js:874:13)
      at warnIfUpdatesNotWrappedWithActDEV (node_modules/react-dom/cjs/react-dom-client.development.js:18757:9)
      at scheduleUpdateOnFiber (node_modules/react-dom/cjs/react-dom-client.development.js:16409:11)
      at dispatchSetStateInternal (node_modules/react-dom/cjs/react-dom-client.development.js:9170:13)
      at dispatchSetState (node_modules/react-dom/cjs/react-dom-client.development.js:9127:7)
      at setRates (app/convert/page.tsx:44:9)

    console.error
      An update to ConvertPage inside a test was not wrapped in act(...).
      
      When testing, code that causes React state updates should be wrapped into act(...):
      
      act(() => {
        /* fire events that update state */
      });
      /* assert on the output */
      
      This ensures that you're testing the behavior the user would see in the browser. Learn more at https://react.dev/link/wrap-tests-with-act

    [0m [90m 48 |[39m         toast[33m.[39merror([32m"Could not load exchange rates, using cached rates"[39m)
     [90m 49 |[39m       } [36mfinally[39m {
    [31m[1m>[22m[39m[90m 50 |[39m         setIsLoadingRates([36mfalse[39m)
     [90m    |[39m         [31m[1m^[22m[39m
     [90m 51 |[39m       }
     [90m 52 |[39m     }
     [90m 53 |[39m[0m

      at node_modules/react-dom/cjs/react-dom-client.development.js:18758:19
      at runWithFiberInDEV (node_modules/react-dom/cjs/react-dom-client.development.js:874:13)
      at warnIfUpdatesNotWrappedWithActDEV (node_modules/react-dom/cjs/react-dom-client.development.js:18757:9)
      at scheduleUpdateOnFiber (node_modules/react-dom/cjs/react-dom-client.development.js:16409:11)
      at dispatchSetStateInternal (node_modules/react-dom/cjs/react-dom-client.development.js:9170:13)
      at dispatchSetState (node_modules/react-dom/cjs/react-dom-client.development.js:9127:7)
      at setIsLoadingRates (app/convert/page.tsx:50:9)

    console.warn
      [RatesService] Failed to fetch live rates, falling back to mock data ReferenceError: fetch is not defined
          at RatesService.fetchLiveRates (C:\Users\USER\Documents\GitHub\Globe-Wallet\lib\services\rates.service.ts:70:22)
          at fetchLiveRates (C:\Users\USER\Documents\GitHub\Globe-Wallet\lib\services\rates.service.ts:31:34)
          at RatesService.operation [as withPerformanceTracking] (C:\Users\USER\Documents\GitHub\Globe-Wallet\lib\services\base.service.ts:41:26)
          at RatesService.withPerformanceTracking [as getExchangeRates] (C:\Users\USER\Documents\GitHub\Globe-Wallet\lib\services\rates.service.ts:21:17)
          at getExchangeRates (C:\Users\USER\Documents\GitHub\Globe-Wallet\app\convert\page.tsx:40:49)
          at fetchRates (C:\Users\USER\Documents\GitHub\Globe-Wallet\app\convert\page.tsx:54:5)
          at Object.react_stack_bottom_frame (C:\Users\USER\Documents\GitHub\Globe-Wallet\node_modules\react-dom\cjs\react-dom-client.development.js:25989:20)
          at runWithFiberInDEV (C:\Users\USER\Documents\GitHub\Globe-Wallet\node_modules\react-dom\cjs\react-dom-client.development.js:874:13)
          at commitHookEffectListMount (C:\Users\USER\Documents\GitHub\Globe-Wallet\node_modules\react-dom\cjs\react-dom-client.development.js:13249:29)
          at commitHookPassiveMountEffects (C:\Users\USER\Documents\GitHub\Globe-Wallet\node_modules\react-dom\cjs\react-dom-client.development.js:13336:11)
          at commitPassiveMountOnFiber (C:\Users\USER\Documents\GitHub\Globe-Wallet\node_modules\react-dom\cjs\react-dom-client.development.js:15484:13)
          at recursivelyTraversePassiveMountEffects (C:\Users\USER\Documents\GitHub\Globe-Wallet\node_modules\react-dom\cjs\react-dom-client.development.js:15439:11)
          at commitPassiveMountOnFiber (C:\Users\USER\Documents\GitHub\Globe-Wallet\node_modules\react-dom\cjs\react-dom-client.development.js:15519:11)
          at flushPassiveEffects (C:\Users\USER\Documents\GitHub\Globe-Wallet\node_modules\react-dom\cjs\react-dom-client.development.js:18432:9)
          at flushPendingEffects (C:\Users\USER\Documents\GitHub\Globe-Wallet\node_modules\react-dom\cjs\react-dom-client.development.js:18358:14)
          at performSyncWorkOnRoot (C:\Users\USER\Documents\GitHub\Globe-Wallet\node_modules\react-dom\cjs\react-dom-client.development.js:18969:11)
          at flushSyncWorkAcrossRoots_impl (C:\Users\USER\Documents\GitHub\Globe-Wallet\node_modules\react-dom\cjs\react-dom-client.development.js:18814:21)
          at flushSpawnedWork (C:\Users\USER\Documents\GitHub\Globe-Wallet\node_modules\react-dom\cjs\react-dom-client.development.js:18334:9)
          at commitRoot (C:\Users\USER\Documents\GitHub\Globe-Wallet\node_modules\react-dom\cjs\react-dom-client.development.js:17955:9)
          at performWorkOnRoot (C:\Users\USER\Documents\GitHub\Globe-Wallet\node_modules\react-dom\cjs\react-dom-client.development.js:16667:15)
          at performWorkOnRootViaSchedulerTask (C:\Users\USER\Documents\GitHub\Globe-Wallet\node_modules\react-dom\cjs\react-dom-client.development.js:18957:7)
          at flushActQueue (C:\Users\USER\Documents\GitHub\Globe-Wallet\node_modules\react\cjs\react.development.js:590:34)
          at Object.<anonymous>.process.env.NODE_ENV.exports.act (C:\Users\USER\Documents\GitHub\Globe-Wallet\node_modules\react\cjs\react.development.js:884:10)
          at C:\Users\USER\Documents\GitHub\Globe-Wallet\node_modules\@testing-library\react\dist\act-compat.js:46:25
          at renderRoot (C:\Users\USER\Documents\GitHub\Globe-Wallet\node_modules\@testing-library\react\dist\pure.js:189:26)
          at render (C:\Users\USER\Documents\GitHub\Globe-Wallet\node_modules\@testing-library\react\dist\pure.js:291:10)
          at renderPage (C:\Users\USER\Documents\GitHub\Globe-Wallet\tests\component\convert-page.test.tsx:52:16)
          at Object.renderPage (C:\Users\USER\Documents\GitHub\Globe-Wallet\tests\component\convert-page.test.tsx:108:7)
          at Promise.then.completed (C:\Users\USER\Documents\GitHub\Globe-Wallet\node_modules\jest-circus\build\utils.js:298:28)
          at new Promise (<anonymous>)
          at callAsyncCircusFn (C:\Users\USER\Documents\GitHub\Globe-Wallet\node_modules\jest-circus\build\utils.js:231:10)
          at _callCircusTest (C:\Users\USER\Documents\GitHub\Globe-Wallet\node_modules\jest-circus\build\run.js:316:40)
          at processTicksAndRejections (node:internal/process/task_queues:104:5)
          at _runTest (C:\Users\USER\Documents\GitHub\Globe-Wallet\node_modules\jest-circus\build\run.js:252:3)
          at _runTestsForDescribeBlock (C:\Users\USER\Documents\GitHub\Globe-Wallet\node_modules\jest-circus\build\run.js:126:9)
          at _runTestsForDescribeBlock (C:\Users\USER\Documents\GitHub\Globe-Wallet\node_modules\jest-circus\build\run.js:121:9)
          at _runTestsForDescribeBlock (C:\Users\USER\Documents\GitHub\Globe-Wallet\node_modules\jest-circus\build\run.js:121:9)
          at run (C:\Users\USER\Documents\GitHub\Globe-Wallet\node_modules\jest-circus\build\run.js:71:3)
          at runAndTransformResultsToJestFormat (C:\Users\USER\Documents\GitHub\Globe-Wallet\node_modules\jest-circus\build\legacy-code-todo-rewrite\jestAdapterInit.js:122:21)
          at jestAdapter (C:\Users\USER\Documents\GitHub\Globe-Wallet\node_modules\jest-circus\build\legacy-code-todo-rewrite\jestAdapter.js:79:19)
          at runTestInternal (C:\Users\USER\Documents\GitHub\Globe-Wallet\node_modules\jest-runner\build\runTest.js:367:16)
          at runTest (C:\Users\USER\Documents\GitHub\Globe-Wallet\node_modules\jest-runner\build\runTest.js:444:34)
          at Object.worker (C:\Users\USER\Documents\GitHub\Globe-Wallet\node_modules\jest-runner\build\testWorker.js:106:12)

    [0m [90m 33 |[39m         [36mreturn[39m rates
     [90m 34 |[39m       } [36mcatch[39m (error) {
    [31m[1m>[22m[39m[90m 35 |[39m         console[33m.[39mwarn([32m'[RatesService] Failed to fetch live rates, falling back to mock data'[39m[33m,[39m error)
     [90m    |[39m                 [31m[1m^[22m[39m
     [90m 36 |[39m         [36mreturn[39m [36mthis[39m[33m.[39mgetMockRates([36mfrom[39m[33m,[39m supportedCurrencies)
     [90m 37 |[39m       }
     [90m 38 |[39m     })[0m

      at warn (lib/services/rates.service.ts:35:17)
      at RatesService.withPerformanceTracking (lib/services/base.service.ts:41:20)

    console.debug
      [RatesService] getExchangeRates took 0.00ms

      at RatesService.debug [as withPerformanceTracking] (lib/services/base.service.ts:44:21)

    console.error
      An update to ConvertPage inside a test was not wrapped in act(...).
      
      When testing, code that causes React state updates should be wrapped into act(...):
      
      act(() => {
        /* fire events that update state */
      });
      /* assert on the output */
      
      This ensures that you're testing the behavior the user would see in the browser. Learn more at https://react.dev/link/wrap-tests-with-act

    [0m [90m 42 |[39m           toCurrency[33m,[39m
     [90m 43 |[39m         ])
    [31m[1m>[22m[39m[90m 44 |[39m         setRates(fetchedRates)
     [90m    |[39m         [31m[1m^[22m[39m
     [90m 45 |[39m       } [36mcatch[39m (error) {
     [90m 46 |[39m         [36mconst[39m message [33m=[39m error [36minstanceof[39m [33mError[39m [33m?[39m error[33m.[39mmessage [33m:[39m [32m"Failed to load exchange rates"[39m
     [90m 47 |[39m         setRatesError(message)[0m

      at node_modules/react-dom/cjs/react-dom-client.development.js:18758:19
      at runWithFiberInDEV (node_modules/react-dom/cjs/react-dom-client.development.js:874:13)
      at warnIfUpdatesNotWrappedWithActDEV (node_modules/react-dom/cjs/react-dom-client.development.js:18757:9)
      at scheduleUpdateOnFiber (node_modules/react-dom/cjs/react-dom-client.development.js:16409:11)
      at dispatchSetStateInternal (node_modules/react-dom/cjs/react-dom-client.development.js:9170:13)
      at dispatchSetState (node_modules/react-dom/cjs/react-dom-client.development.js:9127:7)
      at setRates (app/convert/page.tsx:44:9)

    console.error
      An update to ConvertPage inside a test was not wrapped in act(...).
      
      When testing, code that causes React state updates should be wrapped into act(...):
      
      act(() => {
        /* fire events that update state */
      });
      /* assert on the output */
      
      This ensures that you're testing the behavior the user would see in the browser. Learn more at https://react.dev/link/wrap-tests-with-act

    [0m [90m 48 |[39m         toast[33m.[39merror([32m"Could not load exchange rates, using cached rates"[39m)
     [90m 49 |[39m       } [36mfinally[39m {
    [31m[1m>[22m[39m[90m 50 |[39m         setIsLoadingRates([36mfalse[39m)
     [90m    |[39m         [31m[1m^[22m[39m
     [90m 51 |[39m       }
     [90m 52 |[39m     }
     [90m 53 |[39m[0m

      at node_modules/react-dom/cjs/react-dom-client.development.js:18758:19
      at runWithFiberInDEV (node_modules/react-dom/cjs/react-dom-client.development.js:874:13)
      at warnIfUpdatesNotWrappedWithActDEV (node_modules/react-dom/cjs/react-dom-client.development.js:18757:9)
      at scheduleUpdateOnFiber (node_modules/react-dom/cjs/react-dom-client.development.js:16409:11)
      at dispatchSetStateInternal (node_modules/react-dom/cjs/react-dom-client.development.js:9170:13)
      at dispatchSetState (node_modules/react-dom/cjs/react-dom-client.development.js:9127:7)
      at setIsLoadingRates (app/convert/page.tsx:50:9)

    console.warn
      [RatesService] Failed to fetch live rates, falling back to mock data ReferenceError: fetch is not defined
          at RatesService.fetchLiveRates (C:\Users\USER\Documents\GitHub\Globe-Wallet\lib\services\rates.service.ts:70:22)
          at fetchLiveRates (C:\Users\USER\Documents\GitHub\Globe-Wallet\lib\services\rates.service.ts:31:34)
          at RatesService.operation [as withPerformanceTracking] (C:\Users\USER\Documents\GitHub\Globe-Wallet\lib\services\base.service.ts:41:26)
          at RatesService.withPerformanceTracking [as getExchangeRates] (C:\Users\USER\Documents\GitHub\Globe-Wallet\lib\services\rates.service.ts:21:17)
          at getExchangeRates (C:\Users\USER\Documents\GitHub\Globe-Wallet\app\convert\page.tsx:40:49)
          at fetchRates (C:\Users\USER\Documents\GitHub\Globe-Wallet\app\convert\page.tsx:54:5)
          at Object.react_stack_bottom_frame (C:\Users\USER\Documents\GitHub\Globe-Wallet\node_modules\react-dom\cjs\react-dom-client.development.js:25989:20)
          at runWithFiberInDEV (C:\Users\USER\Documents\GitHub\Globe-Wallet\node_modules\react-dom\cjs\react-dom-client.development.js:874:13)
          at commitHookEffectListMount (C:\Users\USER\Documents\GitHub\Globe-Wallet\node_modules\react-dom\cjs\react-dom-client.development.js:13249:29)
          at commitHookPassiveMountEffects (C:\Users\USER\Documents\GitHub\Globe-Wallet\node_modules\react-dom\cjs\react-dom-client.development.js:13336:11)
          at commitPassiveMountOnFiber (C:\Users\USER\Documents\GitHub\Globe-Wallet\node_modules\react-dom\cjs\react-dom-client.development.js:15484:13)
          at recursivelyTraversePassiveMountEffects (C:\Users\USER\Documents\GitHub\Globe-Wallet\node_modules\react-dom\cjs\react-dom-client.development.js:15439:11)
          at commitPassiveMountOnFiber (C:\Users\USER\Documents\GitHub\Globe-Wallet\node_modules\react-dom\cjs\react-dom-client.development.js:15519:11)
          at flushPassiveEffects (C:\Users\USER\Documents\GitHub\Globe-Wallet\node_modules\react-dom\cjs\react-dom-client.development.js:18432:9)
          at flushPendingEffects (C:\Users\USER\Documents\GitHub\Globe-Wallet\node_modules\react-dom\cjs\react-dom-client.development.js:18358:14)
          at performSyncWorkOnRoot (C:\Users\USER\Documents\GitHub\Globe-Wallet\node_modules\react-dom\cjs\react-dom-client.development.js:18969:11)
          at flushSyncWorkAcrossRoots_impl (C:\Users\USER\Documents\GitHub\Globe-Wallet\node_modules\react-dom\cjs\react-dom-client.development.js:18814:21)
          at flushSpawnedWork (C:\Users\USER\Documents\GitHub\Globe-Wallet\node_modules\react-dom\cjs\react-dom-client.development.js:18334:9)
          at commitRoot (C:\Users\USER\Documents\GitHub\Globe-Wallet\node_modules\react-dom\cjs\react-dom-client.development.js:17955:9)
          at performWorkOnRoot (C:\Users\USER\Documents\GitHub\Globe-Wallet\node_modules\react-dom\cjs\react-dom-client.development.js:16667:15)
          at performWorkOnRootViaSchedulerTask (C:\Users\USER\Documents\GitHub\Globe-Wallet\node_modules\react-dom\cjs\react-dom-client.development.js:18957:7)
          at flushActQueue (C:\Users\USER\Documents\GitHub\Globe-Wallet\node_modules\react\cjs\react.development.js:590:34)
          at Object.<anonymous>.process.env.NODE_ENV.exports.act (C:\Users\USER\Documents\GitHub\Globe-Wallet\node_modules\react\cjs\react.development.js:884:10)
          at C:\Users\USER\Documents\GitHub\Globe-Wallet\node_modules\@testing-library\react\dist\act-compat.js:46:25
          at renderRoot (C:\Users\USER\Documents\GitHub\Globe-Wallet\node_modules\@testing-library\react\dist\pure.js:189:26)
          at render (C:\Users\USER\Documents\GitHub\Globe-Wallet\node_modules\@testing-library\react\dist\pure.js:291:10)
          at renderPage (C:\Users\USER\Documents\GitHub\Globe-Wallet\tests\component\convert-page.test.tsx:52:16)
          at Object.renderPage (C:\Users\USER\Documents\GitHub\Globe-Wallet\tests\component\convert-page.test.tsx:113:7)
          at Promise.then.completed (C:\Users\USER\Documents\GitHub\Globe-Wallet\node_modules\jest-circus\build\utils.js:298:28)
          at new Promise (<anonymous>)
          at callAsyncCircusFn (C:\Users\USER\Documents\GitHub\Globe-Wallet\node_modules\jest-circus\build\utils.js:231:10)
          at _callCircusTest (C:\Users\USER\Documents\GitHub\Globe-Wallet\node_modules\jest-circus\build\run.js:316:40)
          at processTicksAndRejections (node:internal/process/task_queues:104:5)
          at _runTest (C:\Users\USER\Documents\GitHub\Globe-Wallet\node_modules\jest-circus\build\run.js:252:3)
          at _runTestsForDescribeBlock (C:\Users\USER\Documents\GitHub\Globe-Wallet\node_modules\jest-circus\build\run.js:126:9)
          at _runTestsForDescribeBlock (C:\Users\USER\Documents\GitHub\Globe-Wallet\node_modules\jest-circus\build\run.js:121:9)
          at _runTestsForDescribeBlock (C:\Users\USER\Documents\GitHub\Globe-Wallet\node_modules\jest-circus\build\run.js:121:9)
          at run (C:\Users\USER\Documents\GitHub\Globe-Wallet\node_modules\jest-circus\build\run.js:71:3)
          at runAndTransformResultsToJestFormat (C:\Users\USER\Documents\GitHub\Globe-Wallet\node_modules\jest-circus\build\legacy-code-todo-rewrite\jestAdapterInit.js:122:21)
          at jestAdapter (C:\Users\USER\Documents\GitHub\Globe-Wallet\node_modules\jest-circus\build\legacy-code-todo-rewrite\jestAdapter.js:79:19)
          at runTestInternal (C:\Users\USER\Documents\GitHub\Globe-Wallet\node_modules\jest-runner\build\runTest.js:367:16)
          at runTest (C:\Users\USER\Documents\GitHub\Globe-Wallet\node_modules\jest-runner\build\runTest.js:444:34)
          at Object.worker (C:\Users\USER\Documents\GitHub\Globe-Wallet\node_modules\jest-runner\build\testWorker.js:106:12)

    [0m [90m 33 |[39m         [36mreturn[39m rates
     [90m 34 |[39m       } [36mcatch[39m (error) {
    [31m[1m>[22m[39m[90m 35 |[39m         console[33m.[39mwarn([32m'[RatesService] Failed to fetch live rates, falling back to mock data'[39m[33m,[39m error)
     [90m    |[39m                 [31m[1m^[22m[39m
     [90m 36 |[39m         [36mreturn[39m [36mthis[39m[33m.[39mgetMockRates([36mfrom[39m[33m,[39m supportedCurrencies)
     [90m 37 |[39m       }
     [90m 38 |[39m     })[0m

      at warn (lib/services/rates.service.ts:35:17)
      at RatesService.withPerformanceTracking (lib/services/base.service.ts:41:20)

    console.debug
      [RatesService] getExchangeRates took 0.00ms

      at RatesService.debug [as withPerformanceTracking] (lib/services/base.service.ts:44:21)

    console.error
      An update to ConvertPage inside a test was not wrapped in act(...).
      
      When testing, code that causes React state updates should be wrapped into act(...):
      
      act(() => {
        /* fire events that update state */
      });
      /* assert on the output */
      
      This ensures that you're testing the behavior the user would see in the browser. Learn more at https://react.dev/link/wrap-tests-with-act

    [0m [90m 42 |[39m           toCurrency[33m,[39m
     [90m 43 |[39m         ])
    [31m[1m>[22m[39m[90m 44 |[39m         setRates(fetchedRates)
     [90m    |[39m         [31m[1m^[22m[39m
     [90m 45 |[39m       } [36mcatch[39m (error) {
     [90m 46 |[39m         [36mconst[39m message [33m=[39m error [36minstanceof[39m [33mError[39m [33m?[39m error[33m.[39mmessage [33m:[39m [32m"Failed to load exchange rates"[39m
     [90m 47 |[39m         setRatesError(message)[0m

      at node_modules/react-dom/cjs/react-dom-client.development.js:18758:19
      at runWithFiberInDEV (node_modules/react-dom/cjs/react-dom-client.development.js:874:13)
      at warnIfUpdatesNotWrappedWithActDEV (node_modules/react-dom/cjs/react-dom-client.development.js:18757:9)
      at scheduleUpdateOnFiber (node_modules/react-dom/cjs/react-dom-client.development.js:16409:11)
      at dispatchSetStateInternal (node_modules/react-dom/cjs/react-dom-client.development.js:9170:13)
      at dispatchSetState (node_modules/react-dom/cjs/react-dom-client.development.js:9127:7)
      at setRates (app/convert/page.tsx:44:9)

    console.error
      An update to ConvertPage inside a test was not wrapped in act(...).
      
      When testing, code that causes React state updates should be wrapped into act(...):
      
      act(() => {
        /* fire events that update state */
      });
      /* assert on the output */
      
      This ensures that you're testing the behavior the user would see in the browser. Learn more at https://react.dev/link/wrap-tests-with-act

    [0m [90m 48 |[39m         toast[33m.[39merror([32m"Could not load exchange rates, using cached rates"[39m)
     [90m 49 |[39m       } [36mfinally[39m {
    [31m[1m>[22m[39m[90m 50 |[39m         setIsLoadingRates([36mfalse[39m)
     [90m    |[39m         [31m[1m^[22m[39m
     [90m 51 |[39m       }
     [90m 52 |[39m     }
     [90m 53 |[39m[0m

      at node_modules/react-dom/cjs/react-dom-client.development.js:18758:19
      at runWithFiberInDEV (node_modules/react-dom/cjs/react-dom-client.development.js:874:13)
      at warnIfUpdatesNotWrappedWithActDEV (node_modules/react-dom/cjs/react-dom-client.development.js:18757:9)
      at scheduleUpdateOnFiber (node_modules/react-dom/cjs/react-dom-client.development.js:16409:11)
      at dispatchSetStateInternal (node_modules/react-dom/cjs/react-dom-client.development.js:9170:13)
      at dispatchSetState (node_modules/react-dom/cjs/react-dom-client.development.js:9127:7)
      at setIsLoadingRates (app/convert/page.tsx:50:9)

    console.warn
      [RatesService] Failed to fetch live rates, falling back to mock data ReferenceError: fetch is not defined
          at RatesService.fetchLiveRates (C:\Users\USER\Documents\GitHub\Globe-Wallet\lib\services\rates.service.ts:70:22)
          at fetchLiveRates (C:\Users\USER\Documents\GitHub\Globe-Wallet\lib\services\rates.service.ts:31:34)
          at RatesService.operation [as withPerformanceTracking] (C:\Users\USER\Documents\GitHub\Globe-Wallet\lib\services\base.service.ts:41:26)
          at RatesService.withPerformanceTracking [as getExchangeRates] (C:\Users\USER\Documents\GitHub\Globe-Wallet\lib\services\rates.service.ts:21:17)
          at getExchangeRates (C:\Users\USER\Documents\GitHub\Globe-Wallet\app\convert\page.tsx:40:49)
          at fetchRates (C:\Users\USER\Documents\GitHub\Globe-Wallet\app\convert\page.tsx:54:5)
          at Object.react_stack_bottom_frame (C:\Users\USER\Documents\GitHub\Globe-Wallet\node_modules\react-dom\cjs\react-dom-client.development.js:25989:20)
          at runWithFiberInDEV (C:\Users\USER\Documents\GitHub\Globe-Wallet\node_modules\react-dom\cjs\react-dom-client.development.js:874:13)
          at commitHookEffectListMount (C:\Users\USER\Documents\GitHub\Globe-Wallet\node_modules\react-dom\cjs\react-dom-client.development.js:13249:29)
          at commitHookPassiveMountEffects (C:\Users\USER\Documents\GitHub\Globe-Wallet\node_modules\react-dom\cjs\react-dom-client.development.js:13336:11)
          at commitPassiveMountOnFiber (C:\Users\USER\Documents\GitHub\Globe-Wallet\node_modules\react-dom\cjs\react-dom-client.development.js:15484:13)
          at recursivelyTraversePassiveMountEffects (C:\Users\USER\Documents\GitHub\Globe-Wallet\node_modules\react-dom\cjs\react-dom-client.development.js:15439:11)
          at commitPassiveMountOnFiber (C:\Users\USER\Documents\GitHub\Globe-Wallet\node_modules\react-dom\cjs\react-dom-client.development.js:15519:11)
          at flushPassiveEffects (C:\Users\USER\Documents\GitHub\Globe-Wallet\node_modules\react-dom\cjs\react-dom-client.development.js:18432:9)
          at flushPendingEffects (C:\Users\USER\Documents\GitHub\Globe-Wallet\node_modules\react-dom\cjs\react-dom-client.development.js:18358:14)
          at performSyncWorkOnRoot (C:\Users\USER\Documents\GitHub\Globe-Wallet\node_modules\react-dom\cjs\react-dom-client.development.js:18969:11)
          at flushSyncWorkAcrossRoots_impl (C:\Users\USER\Documents\GitHub\Globe-Wallet\node_modules\react-dom\cjs\react-dom-client.development.js:18814:21)
          at flushSpawnedWork (C:\Users\USER\Documents\GitHub\Globe-Wallet\node_modules\react-dom\cjs\react-dom-client.development.js:18334:9)
          at commitRoot (C:\Users\USER\Documents\GitHub\Globe-Wallet\node_modules\react-dom\cjs\react-dom-client.development.js:17955:9)
          at performWorkOnRoot (C:\Users\USER\Documents\GitHub\Globe-Wallet\node_modules\react-dom\cjs\react-dom-client.development.js:16667:15)
          at performWorkOnRootViaSchedulerTask (C:\Users\USER\Documents\GitHub\Globe-Wallet\node_modules\react-dom\cjs\react-dom-client.development.js:18957:7)
          at flushActQueue (C:\Users\USER\Documents\GitHub\Globe-Wallet\node_modules\react\cjs\react.development.js:590:34)
          at Object.<anonymous>.process.env.NODE_ENV.exports.act (C:\Users\USER\Documents\GitHub\Globe-Wallet\node_modules\react\cjs\react.development.js:884:10)
          at C:\Users\USER\Documents\GitHub\Globe-Wallet\node_modules\@testing-library\react\dist\act-compat.js:46:25
          at renderRoot (C:\Users\USER\Documents\GitHub\Globe-Wallet\node_modules\@testing-library\react\dist\pure.js:189:26)
          at render (C:\Users\USER\Documents\GitHub\Globe-Wallet\node_modules\@testing-library\react\dist\pure.js:291:10)
          at renderPage (C:\Users\USER\Documents\GitHub\Globe-Wallet\tests\component\convert-page.test.tsx:52:16)
          at Object.renderPage (C:\Users\USER\Documents\GitHub\Globe-Wallet\tests\component\convert-page.test.tsx:124:7)
          at Promise.then.completed (C:\Users\USER\Documents\GitHub\Globe-Wallet\node_modules\jest-circus\build\utils.js:298:28)
          at new Promise (<anonymous>)
          at callAsyncCircusFn (C:\Users\USER\Documents\GitHub\Globe-Wallet\node_modules\jest-circus\build\utils.js:231:10)
          at _callCircusTest (C:\Users\USER\Documents\GitHub\Globe-Wallet\node_modules\jest-circus\build\run.js:316:40)
          at processTicksAndRejections (node:internal/process/task_queues:104:5)
          at _runTest (C:\Users\USER\Documents\GitHub\Globe-Wallet\node_modules\jest-circus\build\run.js:252:3)
          at _runTestsForDescribeBlock (C:\Users\USER\Documents\GitHub\Globe-Wallet\node_modules\jest-circus\build\run.js:126:9)
          at _runTestsForDescribeBlock (C:\Users\USER\Documents\GitHub\Globe-Wallet\node_modules\jest-circus\build\run.js:121:9)
          at _runTestsForDescribeBlock (C:\Users\USER\Documents\GitHub\Globe-Wallet\node_modules\jest-circus\build\run.js:121:9)
          at run (C:\Users\USER\Documents\GitHub\Globe-Wallet\node_modules\jest-circus\build\run.js:71:3)
          at runAndTransformResultsToJestFormat (C:\Users\USER\Documents\GitHub\Globe-Wallet\node_modules\jest-circus\build\legacy-code-todo-rewrite\jestAdapterInit.js:122:21)
          at jestAdapter (C:\Users\USER\Documents\GitHub\Globe-Wallet\node_modules\jest-circus\build\legacy-code-todo-rewrite\jestAdapter.js:79:19)
          at runTestInternal (C:\Users\USER\Documents\GitHub\Globe-Wallet\node_modules\jest-runner\build\runTest.js:367:16)
          at runTest (C:\Users\USER\Documents\GitHub\Globe-Wallet\node_modules\jest-runner\build\runTest.js:444:34)
          at Object.worker (C:\Users\USER\Documents\GitHub\Globe-Wallet\node_modules\jest-runner\build\testWorker.js:106:12)

    [0m [90m 33 |[39m         [36mreturn[39m rates
     [90m 34 |[39m       } [36mcatch[39m (error) {
    [31m[1m>[22m[39m[90m 35 |[39m         console[33m.[39mwarn([32m'[RatesService] Failed to fetch live rates, falling back to mock data'[39m[33m,[39m error)
     [90m    |[39m                 [31m[1m^[22m[39m
     [90m 36 |[39m         [36mreturn[39m [36mthis[39m[33m.[39mgetMockRates([36mfrom[39m[33m,[39m supportedCurrencies)
     [90m 37 |[39m       }
     [90m 38 |[39m     })[0m

      at warn (lib/services/rates.service.ts:35:17)
      at RatesService.withPerformanceTracking (lib/services/base.service.ts:41:20)

    console.debug
      [RatesService] getExchangeRates took 0.00ms

      at RatesService.debug [as withPerformanceTracking] (lib/services/base.service.ts:44:21)

    console.warn
      [RatesService] Failed to fetch live rates, falling back to mock data ReferenceError: fetch is not defined
          at RatesService.fetchLiveRates (C:\Users\USER\Documents\GitHub\Globe-Wallet\lib\services\rates.service.ts:70:22)
          at fetchLiveRates (C:\Users\USER\Documents\GitHub\Globe-Wallet\lib\services\rates.service.ts:31:34)
          at RatesService.operation [as withPerformanceTracking] (C:\Users\USER\Documents\GitHub\Globe-Wallet\lib\services\base.service.ts:41:26)
          at RatesService.withPerformanceTracking [as getExchangeRates] (C:\Users\USER\Documents\GitHub\Globe-Wallet\lib\services\rates.service.ts:21:17)
          at getExchangeRates (C:\Users\USER\Documents\GitHub\Globe-Wallet\app\convert\page.tsx:40:49)
          at fetchRates (C:\Users\USER\Documents\GitHub\Globe-Wallet\app\convert\page.tsx:54:5)
          at Object.react_stack_bottom_frame (C:\Users\USER\Documents\GitHub\Globe-Wallet\node_modules\react-dom\cjs\react-dom-client.development.js:25989:20)
          at runWithFiberInDEV (C:\Users\USER\Documents\GitHub\Globe-Wallet\node_modules\react-dom\cjs\react-dom-client.development.js:874:13)
          at commitHookEffectListMount (C:\Users\USER\Documents\GitHub\Globe-Wallet\node_modules\react-dom\cjs\react-dom-client.development.js:13249:29)
          at commitHookPassiveMountEffects (C:\Users\USER\Documents\GitHub\Globe-Wallet\node_modules\react-dom\cjs\react-dom-client.development.js:13336:11)
          at commitPassiveMountOnFiber (C:\Users\USER\Documents\GitHub\Globe-Wallet\node_modules\react-dom\cjs\react-dom-client.development.js:15484:13)
          at recursivelyTraversePassiveMountEffects (C:\Users\USER\Documents\GitHub\Globe-Wallet\node_modules\react-dom\cjs\react-dom-client.development.js:15439:11)
          at commitPassiveMountOnFiber (C:\Users\USER\Documents\GitHub\Globe-Wallet\node_modules\react-dom\cjs\react-dom-client.development.js:15519:11)
          at flushPassiveEffects (C:\Users\USER\Documents\GitHub\Globe-Wallet\node_modules\react-dom\cjs\react-dom-client.development.js:18432:9)
          at flushPendingEffects (C:\Users\USER\Documents\GitHub\Globe-Wallet\node_modules\react-dom\cjs\react-dom-client.development.js:18358:14)
          at performSyncWorkOnRoot (C:\Users\USER\Documents\GitHub\Globe-Wallet\node_modules\react-dom\cjs\react-dom-client.development.js:18969:11)
          at flushSyncWorkAcrossRoots_impl (C:\Users\USER\Documents\GitHub\Globe-Wallet\node_modules\react-dom\cjs\react-dom-client.development.js:18814:21)
          at flushSpawnedWork (C:\Users\USER\Documents\GitHub\Globe-Wallet\node_modules\react-dom\cjs\react-dom-client.development.js:18334:9)
          at commitRoot (C:\Users\USER\Documents\GitHub\Globe-Wallet\node_modules\react-dom\cjs\react-dom-client.development.js:17955:9)
          at performWorkOnRoot (C:\Users\USER\Documents\GitHub\Globe-Wallet\node_modules\react-dom\cjs\react-dom-client.development.js:16667:15)
          at performWorkOnRootViaSchedulerTask (C:\Users\USER\Documents\GitHub\Globe-Wallet\node_modules\react-dom\cjs\react-dom-client.development.js:18957:7)
          at flushActQueue (C:\Users\USER\Documents\GitHub\Globe-Wallet\node_modules\react\cjs\react.development.js:590:34)
          at Object.<anonymous>.process.env.NODE_ENV.exports.act (C:\Users\USER\Documents\GitHub\Globe-Wallet\node_modules\react\cjs\react.development.js:884:10)
          at C:\Users\USER\Documents\GitHub\Globe-Wallet\node_modules\@testing-library\react\dist\act-compat.js:46:25
          at renderRoot (C:\Users\USER\Documents\GitHub\Globe-Wallet\node_modules\@testing-library\react\dist\pure.js:189:26)
          at render (C:\Users\USER\Documents\GitHub\Globe-Wallet\node_modules\@testing-library\react\dist\pure.js:291:10)
          at renderPage (C:\Users\USER\Documents\GitHub\Globe-Wallet\tests\component\convert-page.test.tsx:52:16)
          at Object.renderPage (C:\Users\USER\Documents\GitHub\Globe-Wallet\tests\component\convert-page.test.tsx:139:7)
          at Promise.then.completed (C:\Users\USER\Documents\GitHub\Globe-Wallet\node_modules\jest-circus\build\utils.js:298:28)
          at new Promise (<anonymous>)
          at callAsyncCircusFn (C:\Users\USER\Documents\GitHub\Globe-Wallet\node_modules\jest-circus\build\utils.js:231:10)
          at _callCircusTest (C:\Users\USER\Documents\GitHub\Globe-Wallet\node_modules\jest-circus\build\run.js:316:40)
          at _runTest (C:\Users\USER\Documents\GitHub\Globe-Wallet\node_modules\jest-circus\build\run.js:252:3)
          at _runTestsForDescribeBlock (C:\Users\USER\Documents\GitHub\Globe-Wallet\node_modules\jest-circus\build\run.js:126:9)
          at _runTestsForDescribeBlock (C:\Users\USER\Documents\GitHub\Globe-Wallet\node_modules\jest-circus\build\run.js:121:9)
          at _runTestsForDescribeBlock (C:\Users\USER\Documents\GitHub\Globe-Wallet\node_modules\jest-circus\build\run.js:121:9)
          at run (C:\Users\USER\Documents\GitHub\Globe-Wallet\node_modules\jest-circus\build\run.js:71:3)
          at runAndTransformResultsToJestFormat (C:\Users\USER\Documents\GitHub\Globe-Wallet\node_modules\jest-circus\build\legacy-code-todo-rewrite\jestAdapterInit.js:122:21)
          at jestAdapter (C:\Users\USER\Documents\GitHub\Globe-Wallet\node_modules\jest-circus\build\legacy-code-todo-rewrite\jestAdapter.js:79:19)
          at runTestInternal (C:\Users\USER\Documents\GitHub\Globe-Wallet\node_modules\jest-runner\build\runTest.js:367:16)
          at runTest (C:\Users\USER\Documents\GitHub\Globe-Wallet\node_modules\jest-runner\build\runTest.js:444:34)
          at Object.worker (C:\Users\USER\Documents\GitHub\Globe-Wallet\node_modules\jest-runner\build\testWorker.js:106:12)

    [0m [90m 33 |[39m         [36mreturn[39m rates
     [90m 34 |[39m       } [36mcatch[39m (error) {
    [31m[1m>[22m[39m[90m 35 |[39m         console[33m.[39mwarn([32m'[RatesService] Failed to fetch live rates, falling back to mock data'[39m[33m,[39m error)
     [90m    |[39m                 [31m[1m^[22m[39m
     [90m 36 |[39m         [36mreturn[39m [36mthis[39m[33m.[39mgetMockRates([36mfrom[39m[33m,[39m supportedCurrencies)
     [90m 37 |[39m       }
     [90m 38 |[39m     })[0m

      at warn (lib/services/rates.service.ts:35:17)
      at RatesService.withPerformanceTracking (lib/services/base.service.ts:41:20)

    console.debug
      [RatesService] getExchangeRates took 0.00ms

      at RatesService.debug [as withPerformanceTracking] (lib/services/base.service.ts:44:21)

    console.warn
      [RatesService] Failed to fetch live rates, falling back to mock data ReferenceError: fetch is not defined
          at RatesService.fetchLiveRates (C:\Users\USER\Documents\GitHub\Globe-Wallet\lib\services\rates.service.ts:70:22)
          at fetchLiveRates (C:\Users\USER\Documents\GitHub\Globe-Wallet\lib\services\rates.service.ts:31:34)
          at RatesService.operation [as withPerformanceTracking] (C:\Users\USER\Documents\GitHub\Globe-Wallet\lib\services\base.service.ts:41:26)
          at RatesService.withPerformanceTracking [as getExchangeRates] (C:\Users\USER\Documents\GitHub\Globe-Wallet\lib\services\rates.service.ts:21:17)
          at getExchangeRates (C:\Users\USER\Documents\GitHub\Globe-Wallet\app\convert\page.tsx:40:49)
          at fetchRates (C:\Users\USER\Documents\GitHub\Globe-Wallet\app\convert\page.tsx:54:5)
          at Object.react_stack_bottom_frame (C:\Users\USER\Documents\GitHub\Globe-Wallet\node_modules\react-dom\cjs\react-dom-client.development.js:25989:20)
          at runWithFiberInDEV (C:\Users\USER\Documents\GitHub\Globe-Wallet\node_modules\react-dom\cjs\react-dom-client.development.js:874:13)
          at commitHookEffectListMount (C:\Users\USER\Documents\GitHub\Globe-Wallet\node_modules\react-dom\cjs\react-dom-client.development.js:13249:29)
          at commitHookPassiveMountEffects (C:\Users\USER\Documents\GitHub\Globe-Wallet\node_modules\react-dom\cjs\react-dom-client.development.js:13336:11)
          at commitPassiveMountOnFiber (C:\Users\USER\Documents\GitHub\Globe-Wallet\node_modules\react-dom\cjs\react-dom-client.development.js:15484:13)
          at recursivelyTraversePassiveMountEffects (C:\Users\USER\Documents\GitHub\Globe-Wallet\node_modules\react-dom\cjs\react-dom-client.development.js:15439:11)
          at commitPassiveMountOnFiber (C:\Users\USER\Documents\GitHub\Globe-Wallet\node_modules\react-dom\cjs\react-dom-client.development.js:15519:11)
          at flushPassiveEffects (C:\Users\USER\Documents\GitHub\Globe-Wallet\node_modules\react-dom\cjs\react-dom-client.development.js:18432:9)
          at flushPendingEffects (C:\Users\USER\Documents\GitHub\Globe-Wallet\node_modules\react-dom\cjs\react-dom-client.development.js:18358:14)
          at performSyncWorkOnRoot (C:\Users\USER\Documents\GitHub\Globe-Wallet\node_modules\react-dom\cjs\react-dom-client.development.js:18969:11)
          at flushSyncWorkAcrossRoots_impl (C:\Users\USER\Documents\GitHub\Globe-Wallet\node_modules\react-dom\cjs\react-dom-client.development.js:18814:21)
          at flushSpawnedWork (C:\Users\USER\Documents\GitHub\Globe-Wallet\node_modules\react-dom\cjs\react-dom-client.development.js:18334:9)
          at commitRoot (C:\Users\USER\Documents\GitHub\Globe-Wallet\node_modules\react-dom\cjs\react-dom-client.development.js:17955:9)
          at performWorkOnRoot (C:\Users\USER\Documents\GitHub\Globe-Wallet\node_modules\react-dom\cjs\react-dom-client.development.js:16667:15)
          at performWorkOnRootViaSchedulerTask (C:\Users\USER\Documents\GitHub\Globe-Wallet\node_modules\react-dom\cjs\react-dom-client.development.js:18957:7)
          at flushActQueue (C:\Users\USER\Documents\GitHub\Globe-Wallet\node_modules\react\cjs\react.development.js:590:34)
          at Object.<anonymous>.process.env.NODE_ENV.exports.act (C:\Users\USER\Documents\GitHub\Globe-Wallet\node_modules\react\cjs\react.development.js:884:10)
          at C:\Users\USER\Documents\GitHub\Globe-Wallet\node_modules\@testing-library\react\dist\act-compat.js:46:25
          at renderRoot (C:\Users\USER\Documents\GitHub\Globe-Wallet\node_modules\@testing-library\react\dist\pure.js:189:26)
          at render (C:\Users\USER\Documents\GitHub\Globe-Wallet\node_modules\@testing-library\react\dist\pure.js:291:10)
          at renderPage (C:\Users\USER\Documents\GitHub\Globe-Wallet\tests\component\convert-page.test.tsx:52:16)
          at Object.renderPage (C:\Users\USER\Documents\GitHub\Globe-Wallet\tests\component\convert-page.test.tsx:150:7)
          at Promise.then.completed (C:\Users\USER\Documents\GitHub\Globe-Wallet\node_modules\jest-circus\build\utils.js:298:28)
          at new Promise (<anonymous>)
          at callAsyncCircusFn (C:\Users\USER\Documents\GitHub\Globe-Wallet\node_modules\jest-circus\build\utils.js:231:10)
          at _callCircusTest (C:\Users\USER\Documents\GitHub\Globe-Wallet\node_modules\jest-circus\build\run.js:316:40)
          at _runTest (C:\Users\USER\Documents\GitHub\Globe-Wallet\node_modules\jest-circus\build\run.js:252:3)
          at _runTestsForDescribeBlock (C:\Users\USER\Documents\GitHub\Globe-Wallet\node_modules\jest-circus\build\run.js:126:9)
          at _runTestsForDescribeBlock (C:\Users\USER\Documents\GitHub\Globe-Wallet\node_modules\jest-circus\build\run.js:121:9)
          at _runTestsForDescribeBlock (C:\Users\USER\Documents\GitHub\Globe-Wallet\node_modules\jest-circus\build\run.js:121:9)
          at run (C:\Users\USER\Documents\GitHub\Globe-Wallet\node_modules\jest-circus\build\run.js:71:3)
          at runAndTransformResultsToJestFormat (C:\Users\USER\Documents\GitHub\Globe-Wallet\node_modules\jest-circus\build\legacy-code-todo-rewrite\jestAdapterInit.js:122:21)
          at jestAdapter (C:\Users\USER\Documents\GitHub\Globe-Wallet\node_modules\jest-circus\build\legacy-code-todo-rewrite\jestAdapter.js:79:19)
          at runTestInternal (C:\Users\USER\Documents\GitHub\Globe-Wallet\node_modules\jest-runner\build\runTest.js:367:16)
          at runTest (C:\Users\USER\Documents\GitHub\Globe-Wallet\node_modules\jest-runner\build\runTest.js:444:34)
          at Object.worker (C:\Users\USER\Documents\GitHub\Globe-Wallet\node_modules\jest-runner\build\testWorker.js:106:12)

    [0m [90m 33 |[39m         [36mreturn[39m rates
     [90m 34 |[39m       } [36mcatch[39m (error) {
    [31m[1m>[22m[39m[90m 35 |[39m         console[33m.[39mwarn([32m'[RatesService] Failed to fetch live rates, falling back to mock data'[39m[33m,[39m error)
     [90m    |[39m                 [31m[1m^[22m[39m
     [90m 36 |[39m         [36mreturn[39m [36mthis[39m[33m.[39mgetMockRates([36mfrom[39m[33m,[39m supportedCurrencies)
     [90m 37 |[39m       }
     [90m 38 |[39m     })[0m

      at warn (lib/services/rates.service.ts:35:17)
      at RatesService.withPerformanceTracking (lib/services/base.service.ts:41:20)

    console.debug
      [RatesService] getExchangeRates took 0.00ms

      at RatesService.debug [as withPerformanceTracking] (lib/services/base.service.ts:44:21)

    console.warn
      [RatesService] Failed to fetch live rates, falling back to mock data ReferenceError: fetch is not defined
          at RatesService.fetchLiveRates (C:\Users\USER\Documents\GitHub\Globe-Wallet\lib\services\rates.service.ts:70:22)
          at fetchLiveRates (C:\Users\USER\Documents\GitHub\Globe-Wallet\lib\services\rates.service.ts:31:34)
          at RatesService.operation [as withPerformanceTracking] (C:\Users\USER\Documents\GitHub\Globe-Wallet\lib\services\base.service.ts:41:26)
          at RatesService.withPerformanceTracking [as getExchangeRates] (C:\Users\USER\Documents\GitHub\Globe-Wallet\lib\services\rates.service.ts:21:17)
          at getExchangeRates (C:\Users\USER\Documents\GitHub\Globe-Wallet\app\convert\page.tsx:40:49)
          at fetchRates (C:\Users\USER\Documents\GitHub\Globe-Wallet\app\convert\page.tsx:54:5)
          at Object.react_stack_bottom_frame (C:\Users\USER\Documents\GitHub\Globe-Wallet\node_modules\react-dom\cjs\react-dom-client.development.js:25989:20)
          at runWithFiberInDEV (C:\Users\USER\Documents\GitHub\Globe-Wallet\node_modules\react-dom\cjs\react-dom-client.development.js:874:13)
          at commitHookEffectListMount (C:\Users\USER\Documents\GitHub\Globe-Wallet\node_modules\react-dom\cjs\react-dom-client.development.js:13249:29)
          at commitHookPassiveMountEffects (C:\Users\USER\Documents\GitHub\Globe-Wallet\node_modules\react-dom\cjs\react-dom-client.development.js:13336:11)
          at commitPassiveMountOnFiber (C:\Users\USER\Documents\GitHub\Globe-Wallet\node_modules\react-dom\cjs\react-dom-client.development.js:15484:13)
          at recursivelyTraversePassiveMountEffects (C:\Users\USER\Documents\GitHub\Globe-Wallet\node_modules\react-dom\cjs\react-dom-client.development.js:15439:11)
          at commitPassiveMountOnFiber (C:\Users\USER\Documents\GitHub\Globe-Wallet\node_modules\react-dom\cjs\react-dom-client.development.js:15519:11)
          at flushPassiveEffects (C:\Users\USER\Documents\GitHub\Globe-Wallet\node_modules\react-dom\cjs\react-dom-client.development.js:18432:9)
          at flushPendingEffects (C:\Users\USER\Documents\GitHub\Globe-Wallet\node_modules\react-dom\cjs\react-dom-client.development.js:18358:14)
          at performSyncWorkOnRoot (C:\Users\USER\Documents\GitHub\Globe-Wallet\node_modules\react-dom\cjs\react-dom-client.development.js:18969:11)
          at flushSyncWorkAcrossRoots_impl (C:\Users\USER\Documents\GitHub\Globe-Wallet\node_modules\react-dom\cjs\react-dom-client.development.js:18814:21)
          at flushSpawnedWork (C:\Users\USER\Documents\GitHub\Globe-Wallet\node_modules\react-dom\cjs\react-dom-client.development.js:18334:9)
          at commitRoot (C:\Users\USER\Documents\GitHub\Globe-Wallet\node_modules\react-dom\cjs\react-dom-client.development.js:17955:9)
          at performWorkOnRoot (C:\Users\USER\Documents\GitHub\Globe-Wallet\node_modules\react-dom\cjs\react-dom-client.development.js:16667:15)
          at performWorkOnRootViaSchedulerTask (C:\Users\USER\Documents\GitHub\Globe-Wallet\node_modules\react-dom\cjs\react-dom-client.development.js:18957:7)
          at flushActQueue (C:\Users\USER\Documents\GitHub\Globe-Wallet\node_modules\react\cjs\react.development.js:590:34)
          at Object.<anonymous>.process.env.NODE_ENV.exports.act (C:\Users\USER\Documents\GitHub\Globe-Wallet\node_modules\react\cjs\react.development.js:884:10)
          at C:\Users\USER\Documents\GitHub\Globe-Wallet\node_modules\@testing-library\react\dist\act-compat.js:46:25
          at renderRoot (C:\Users\USER\Documents\GitHub\Globe-Wallet\node_modules\@testing-library\react\dist\pure.js:189:26)
          at render (C:\Users\USER\Documents\GitHub\Globe-Wallet\node_modules\@testing-library\react\dist\pure.js:291:10)
          at renderPage (C:\Users\USER\Documents\GitHub\Globe-Wallet\tests\component\convert-page.test.tsx:52:16)
          at Object.renderPage (C:\Users\USER\Documents\GitHub\Globe-Wallet\tests\component\convert-page.test.tsx:161:7)
          at Promise.then.completed (C:\Users\USER\Documents\GitHub\Globe-Wallet\node_modules\jest-circus\build\utils.js:298:28)
          at new Promise (<anonymous>)
          at callAsyncCircusFn (C:\Users\USER\Documents\GitHub\Globe-Wallet\node_modules\jest-circus\build\utils.js:231:10)
          at _callCircusTest (C:\Users\USER\Documents\GitHub\Globe-Wallet\node_modules\jest-circus\build\run.js:316:40)
          at _runTest (C:\Users\USER\Documents\GitHub\Globe-Wallet\node_modules\jest-circus\build\run.js:252:3)
          at _runTestsForDescribeBlock (C:\Users\USER\Documents\GitHub\Globe-Wallet\node_modules\jest-circus\build\run.js:126:9)
          at _runTestsForDescribeBlock (C:\Users\USER\Documents\GitHub\Globe-Wallet\node_modules\jest-circus\build\run.js:121:9)
          at _runTestsForDescribeBlock (C:\Users\USER\Documents\GitHub\Globe-Wallet\node_modules\jest-circus\build\run.js:121:9)
          at run (C:\Users\USER\Documents\GitHub\Globe-Wallet\node_modules\jest-circus\build\run.js:71:3)
          at runAndTransformResultsToJestFormat (C:\Users\USER\Documents\GitHub\Globe-Wallet\node_modules\jest-circus\build\legacy-code-todo-rewrite\jestAdapterInit.js:122:21)
          at jestAdapter (C:\Users\USER\Documents\GitHub\Globe-Wallet\node_modules\jest-circus\build\legacy-code-todo-rewrite\jestAdapter.js:79:19)
          at runTestInternal (C:\Users\USER\Documents\GitHub\Globe-Wallet\node_modules\jest-runner\build\runTest.js:367:16)
          at runTest (C:\Users\USER\Documents\GitHub\Globe-Wallet\node_modules\jest-runner\build\runTest.js:444:34)
          at Object.worker (C:\Users\USER\Documents\GitHub\Globe-Wallet\node_modules\jest-runner\build\testWorker.js:106:12)

    [0m [90m 33 |[39m         [36mreturn[39m rates
     [90m 34 |[39m       } [36mcatch[39m (error) {
    [31m[1m>[22m[39m[90m 35 |[39m         console[33m.[39mwarn([32m'[RatesService] Failed to fetch live rates, falling back to mock data'[39m[33m,[39m error)
     [90m    |[39m                 [31m[1m^[22m[39m
     [90m 36 |[39m         [36mreturn[39m [36mthis[39m[33m.[39mgetMockRates([36mfrom[39m[33m,[39m supportedCurrencies)
     [90m 37 |[39m       }
     [90m 38 |[39m     })[0m

      at warn (lib/services/rates.service.ts:35:17)
      at RatesService.withPerformanceTracking (lib/services/base.service.ts:41:20)

    console.debug
      [RatesService] getExchangeRates took 0.00ms

      at RatesService.debug [as withPerformanceTracking] (lib/services/base.service.ts:44:21)

    console.warn
      [RatesService] Failed to fetch live rates, falling back to mock data ReferenceError: fetch is not defined
          at RatesService.fetchLiveRates (C:\Users\USER\Documents\GitHub\Globe-Wallet\lib\services\rates.service.ts:70:22)
          at fetchLiveRates (C:\Users\USER\Documents\GitHub\Globe-Wallet\lib\services\rates.service.ts:31:34)
          at RatesService.operation [as withPerformanceTracking] (C:\Users\USER\Documents\GitHub\Globe-Wallet\lib\services\base.service.ts:41:26)
          at RatesService.withPerformanceTracking [as getExchangeRates] (C:\Users\USER\Documents\GitHub\Globe-Wallet\lib\services\rates.service.ts:21:17)
          at getExchangeRates (C:\Users\USER\Documents\GitHub\Globe-Wallet\app\convert\page.tsx:40:49)
          at fetchRates (C:\Users\USER\Documents\GitHub\Globe-Wallet\app\convert\page.tsx:54:5)
          at Object.react_stack_bottom_frame (C:\Users\USER\Documents\GitHub\Globe-Wallet\node_modules\react-dom\cjs\react-dom-client.development.js:25989:20)
          at runWithFiberInDEV (C:\Users\USER\Documents\GitHub\Globe-Wallet\node_modules\react-dom\cjs\react-dom-client.development.js:874:13)
          at commitHookEffectListMount (C:\Users\USER\Documents\GitHub\Globe-Wallet\node_modules\react-dom\cjs\react-dom-client.development.js:13249:29)
          at commitHookPassiveMountEffects (C:\Users\USER\Documents\GitHub\Globe-Wallet\node_modules\react-dom\cjs\react-dom-client.development.js:13336:11)
          at commitPassiveMountOnFiber (C:\Users\USER\Documents\GitHub\Globe-Wallet\node_modules\react-dom\cjs\react-dom-client.development.js:15484:13)
          at recursivelyTraversePassiveMountEffects (C:\Users\USER\Documents\GitHub\Globe-Wallet\node_modules\react-dom\cjs\react-dom-client.development.js:15439:11)
          at commitPassiveMountOnFiber (C:\Users\USER\Documents\GitHub\Globe-Wallet\node_modules\react-dom\cjs\react-dom-client.development.js:15519:11)
          at flushPassiveEffects (C:\Users\USER\Documents\GitHub\Globe-Wallet\node_modules\react-dom\cjs\react-dom-client.development.js:18432:9)
          at flushPendingEffects (C:\Users\USER\Documents\GitHub\Globe-Wallet\node_modules\react-dom\cjs\react-dom-client.development.js:18358:14)
          at performSyncWorkOnRoot (C:\Users\USER\Documents\GitHub\Globe-Wallet\node_modules\react-dom\cjs\react-dom-client.development.js:18969:11)
          at flushSyncWorkAcrossRoots_impl (C:\Users\USER\Documents\GitHub\Globe-Wallet\node_modules\react-dom\cjs\react-dom-client.development.js:18814:21)
          at flushSpawnedWork (C:\Users\USER\Documents\GitHub\Globe-Wallet\node_modules\react-dom\cjs\react-dom-client.development.js:18334:9)
          at commitRoot (C:\Users\USER\Documents\GitHub\Globe-Wallet\node_modules\react-dom\cjs\react-dom-client.development.js:17955:9)
          at performWorkOnRoot (C:\Users\USER\Documents\GitHub\Globe-Wallet\node_modules\react-dom\cjs\react-dom-client.development.js:16667:15)
          at performWorkOnRootViaSchedulerTask (C:\Users\USER\Documents\GitHub\Globe-Wallet\node_modules\react-dom\cjs\react-dom-client.development.js:18957:7)
          at flushActQueue (C:\Users\USER\Documents\GitHub\Globe-Wallet\node_modules\react\cjs\react.development.js:590:34)
          at Object.<anonymous>.process.env.NODE_ENV.exports.act (C:\Users\USER\Documents\GitHub\Globe-Wallet\node_modules\react\cjs\react.development.js:884:10)
          at C:\Users\USER\Documents\GitHub\Globe-Wallet\node_modules\@testing-library\react\dist\act-compat.js:46:25
          at renderRoot (C:\Users\USER\Documents\GitHub\Globe-Wallet\node_modules\@testing-library\react\dist\pure.js:189:26)
          at render (C:\Users\USER\Documents\GitHub\Globe-Wallet\node_modules\@testing-library\react\dist\pure.js:291:10)
          at renderPage (C:\Users\USER\Documents\GitHub\Globe-Wallet\tests\component\convert-page.test.tsx:52:16)
          at Object.renderPage (C:\Users\USER\Documents\GitHub\Globe-Wallet\tests\component\convert-page.test.tsx:172:7)
          at Promise.then.completed (C:\Users\USER\Documents\GitHub\Globe-Wallet\node_modules\jest-circus\build\utils.js:298:28)
          at new Promise (<anonymous>)
          at callAsyncCircusFn (C:\Users\USER\Documents\GitHub\Globe-Wallet\node_modules\jest-circus\build\utils.js:231:10)
          at _callCircusTest (C:\Users\USER\Documents\GitHub\Globe-Wallet\node_modules\jest-circus\build\run.js:316:40)
          at _runTest (C:\Users\USER\Documents\GitHub\Globe-Wallet\node_modules\jest-circus\build\run.js:252:3)
          at _runTestsForDescribeBlock (C:\Users\USER\Documents\GitHub\Globe-Wallet\node_modules\jest-circus\build\run.js:126:9)
          at _runTestsForDescribeBlock (C:\Users\USER\Documents\GitHub\Globe-Wallet\node_modules\jest-circus\build\run.js:121:9)
          at _runTestsForDescribeBlock (C:\Users\USER\Documents\GitHub\Globe-Wallet\node_modules\jest-circus\build\run.js:121:9)
          at run (C:\Users\USER\Documents\GitHub\Globe-Wallet\node_modules\jest-circus\build\run.js:71:3)
          at runAndTransformResultsToJestFormat (C:\Users\USER\Documents\GitHub\Globe-Wallet\node_modules\jest-circus\build\legacy-code-todo-rewrite\jestAdapterInit.js:122:21)
          at jestAdapter (C:\Users\USER\Documents\GitHub\Globe-Wallet\node_modules\jest-circus\build\legacy-code-todo-rewrite\jestAdapter.js:79:19)
          at runTestInternal (C:\Users\USER\Documents\GitHub\Globe-Wallet\node_modules\jest-runner\build\runTest.js:367:16)
          at runTest (C:\Users\USER\Documents\GitHub\Globe-Wallet\node_modules\jest-runner\build\runTest.js:444:34)
          at Object.worker (C:\Users\USER\Documents\GitHub\Globe-Wallet\node_modules\jest-runner\build\testWorker.js:106:12)

    [0m [90m 33 |[39m         [36mreturn[39m rates
     [90m 34 |[39m       } [36mcatch[39m (error) {
    [31m[1m>[22m[39m[90m 35 |[39m         console[33m.[39mwarn([32m'[RatesService] Failed to fetch live rates, falling back to mock data'[39m[33m,[39m error)
     [90m    |[39m                 [31m[1m^[22m[39m
     [90m 36 |[39m         [36mreturn[39m [36mthis[39m[33m.[39mgetMockRates([36mfrom[39m[33m,[39m supportedCurrencies)
     [90m 37 |[39m       }
     [90m 38 |[39m     })[0m

      at warn (lib/services/rates.service.ts:35:17)
      at RatesService.withPerformanceTracking (lib/services/base.service.ts:41:20)

    console.debug
      [RatesService] getExchangeRates took 0.00ms

      at RatesService.debug [as withPerformanceTracking] (lib/services/base.service.ts:44:21)

    console.warn
      [RatesService] Failed to fetch live rates, falling back to mock data ReferenceError: fetch is not defined
          at RatesService.fetchLiveRates (C:\Users\USER\Documents\GitHub\Globe-Wallet\lib\services\rates.service.ts:70:22)
          at fetchLiveRates (C:\Users\USER\Documents\GitHub\Globe-Wallet\lib\services\rates.service.ts:31:34)
          at RatesService.operation [as withPerformanceTracking] (C:\Users\USER\Documents\GitHub\Globe-Wallet\lib\services\base.service.ts:41:26)
          at RatesService.withPerformanceTracking [as getExchangeRates] (C:\Users\USER\Documents\GitHub\Globe-Wallet\lib\services\rates.service.ts:21:17)
          at getExchangeRates (C:\Users\USER\Documents\GitHub\Globe-Wallet\app\convert\page.tsx:40:49)
          at fetchRates (C:\Users\USER\Documents\GitHub\Globe-Wallet\app\convert\page.tsx:54:5)
          at Object.react_stack_bottom_frame (C:\Users\USER\Documents\GitHub\Globe-Wallet\node_modules\react-dom\cjs\react-dom-client.development.js:25989:20)
          at runWithFiberInDEV (C:\Users\USER\Documents\GitHub\Globe-Wallet\node_modules\react-dom\cjs\react-dom-client.development.js:874:13)
          at commitHookEffectListMount (C:\Users\USER\Documents\GitHub\Globe-Wallet\node_modules\react-dom\cjs\react-dom-client.development.js:13249:29)
          at commitHookPassiveMountEffects (C:\Users\USER\Documents\GitHub\Globe-Wallet\node_modules\react-dom\cjs\react-dom-client.development.js:13336:11)
          at commitPassiveMountOnFiber (C:\Users\USER\Documents\GitHub\Globe-Wallet\node_modules\react-dom\cjs\react-dom-client.development.js:15484:13)
          at recursivelyTraversePassiveMountEffects (C:\Users\USER\Documents\GitHub\Globe-Wallet\node_modules\react-dom\cjs\react-dom-client.development.js:15439:11)
          at commitPassiveMountOnFiber (C:\Users\USER\Documents\GitHub\Globe-Wallet\node_modules\react-dom\cjs\react-dom-client.development.js:15519:11)
          at flushPassiveEffects (C:\Users\USER\Documents\GitHub\Globe-Wallet\node_modules\react-dom\cjs\react-dom-client.development.js:18432:9)
          at flushPendingEffects (C:\Users\USER\Documents\GitHub\Globe-Wallet\node_modules\react-dom\cjs\react-dom-client.development.js:18358:14)
          at performSyncWorkOnRoot (C:\Users\USER\Documents\GitHub\Globe-Wallet\node_modules\react-dom\cjs\react-dom-client.development.js:18969:11)
          at flushSyncWorkAcrossRoots_impl (C:\Users\USER\Documents\GitHub\Globe-Wallet\node_modules\react-dom\cjs\react-dom-client.development.js:18814:21)
          at flushSpawnedWork (C:\Users\USER\Documents\GitHub\Globe-Wallet\node_modules\react-dom\cjs\react-dom-client.development.js:18334:9)
          at commitRoot (C:\Users\USER\Documents\GitHub\Globe-Wallet\node_modules\react-dom\cjs\react-dom-client.development.js:17955:9)
          at performWorkOnRoot (C:\Users\USER\Documents\GitHub\Globe-Wallet\node_modules\react-dom\cjs\react-dom-client.development.js:16667:15)
          at performWorkOnRootViaSchedulerTask (C:\Users\USER\Documents\GitHub\Globe-Wallet\node_modules\react-dom\cjs\react-dom-client.development.js:18957:7)
          at flushActQueue (C:\Users\USER\Documents\GitHub\Globe-Wallet\node_modules\react\cjs\react.development.js:590:34)
          at Object.<anonymous>.process.env.NODE_ENV.exports.act (C:\Users\USER\Documents\GitHub\Globe-Wallet\node_modules\react\cjs\react.development.js:884:10)
          at C:\Users\USER\Documents\GitHub\Globe-Wallet\node_modules\@testing-library\react\dist\act-compat.js:46:25
          at renderRoot (C:\Users\USER\Documents\GitHub\Globe-Wallet\node_modules\@testing-library\react\dist\pure.js:189:26)
          at render (C:\Users\USER\Documents\GitHub\Globe-Wallet\node_modules\@testing-library\react\dist\pure.js:291:10)
          at renderPage (C:\Users\USER\Documents\GitHub\Globe-Wallet\tests\component\convert-page.test.tsx:52:16)
          at Object.renderPage (C:\Users\USER\Documents\GitHub\Globe-Wallet\tests\component\convert-page.test.tsx:186:7)
          at Promise.then.completed (C:\Users\USER\Documents\GitHub\Globe-Wallet\node_modules\jest-circus\build\utils.js:298:28)
          at new Promise (<anonymous>)
          at callAsyncCircusFn (C:\Users\USER\Documents\GitHub\Globe-Wallet\node_modules\jest-circus\build\utils.js:231:10)
          at _callCircusTest (C:\Users\USER\Documents\GitHub\Globe-Wallet\node_modules\jest-circus\build\run.js:316:40)
          at _runTest (C:\Users\USER\Documents\GitHub\Globe-Wallet\node_modules\jest-circus\build\run.js:252:3)
          at _runTestsForDescribeBlock (C:\Users\USER\Documents\GitHub\Globe-Wallet\node_modules\jest-circus\build\run.js:126:9)
          at _runTestsForDescribeBlock (C:\Users\USER\Documents\GitHub\Globe-Wallet\node_modules\jest-circus\build\run.js:121:9)
          at _runTestsForDescribeBlock (C:\Users\USER\Documents\GitHub\Globe-Wallet\node_modules\jest-circus\build\run.js:121:9)
          at run (C:\Users\USER\Documents\GitHub\Globe-Wallet\node_modules\jest-circus\build\run.js:71:3)
          at runAndTransformResultsToJestFormat (C:\Users\USER\Documents\GitHub\Globe-Wallet\node_modules\jest-circus\build\legacy-code-todo-rewrite\jestAdapterInit.js:122:21)
          at jestAdapter (C:\Users\USER\Documents\GitHub\Globe-Wallet\node_modules\jest-circus\build\legacy-code-todo-rewrite\jestAdapter.js:79:19)
          at runTestInternal (C:\Users\USER\Documents\GitHub\Globe-Wallet\node_modules\jest-runner\build\runTest.js:367:16)
          at runTest (C:\Users\USER\Documents\GitHub\Globe-Wallet\node_modules\jest-runner\build\runTest.js:444:34)
          at Object.worker (C:\Users\USER\Documents\GitHub\Globe-Wallet\node_modules\jest-runner\build\testWorker.js:106:12)

    [0m [90m 33 |[39m         [36mreturn[39m rates
     [90m 34 |[39m       } [36mcatch[39m (error) {
    [31m[1m>[22m[39m[90m 35 |[39m         console[33m.[39mwarn([32m'[RatesService] Failed to fetch live rates, falling back to mock data'[39m[33m,[39m error)
     [90m    |[39m                 [31m[1m^[22m[39m
     [90m 36 |[39m         [36mreturn[39m [36mthis[39m[33m.[39mgetMockRates([36mfrom[39m[33m,[39m supportedCurrencies)
     [90m 37 |[39m       }
     [90m 38 |[39m     })[0m

      at warn (lib/services/rates.service.ts:35:17)
      at RatesService.withPerformanceTracking (lib/services/base.service.ts:41:20)

    console.debug
      [RatesService] getExchangeRates took 0.00ms

      at RatesService.debug [as withPerformanceTracking] (lib/services/base.service.ts:44:21)

    console.warn
      [RatesService] Failed to fetch live rates, falling back to mock data ReferenceError: fetch is not defined
          at RatesService.fetchLiveRates (C:\Users\USER\Documents\GitHub\Globe-Wallet\lib\services\rates.service.ts:70:22)
          at fetchLiveRates (C:\Users\USER\Documents\GitHub\Globe-Wallet\lib\services\rates.service.ts:31:34)
          at RatesService.operation [as withPerformanceTracking] (C:\Users\USER\Documents\GitHub\Globe-Wallet\lib\services\base.service.ts:41:26)
          at RatesService.withPerformanceTracking [as getExchangeRates] (C:\Users\USER\Documents\GitHub\Globe-Wallet\lib\services\rates.service.ts:21:17)
          at getExchangeRates (C:\Users\USER\Documents\GitHub\Globe-Wallet\app\convert\page.tsx:40:49)
          at fetchRates (C:\Users\USER\Documents\GitHub\Globe-Wallet\app\convert\page.tsx:54:5)
          at Object.react_stack_bottom_frame (C:\Users\USER\Documents\GitHub\Globe-Wallet\node_modules\react-dom\cjs\react-dom-client.development.js:25989:20)
          at runWithFiberInDEV (C:\Users\USER\Documents\GitHub\Globe-Wallet\node_modules\react-dom\cjs\react-dom-client.development.js:874:13)
          at commitHookEffectListMount (C:\Users\USER\Documents\GitHub\Globe-Wallet\node_modules\react-dom\cjs\react-dom-client.development.js:13249:29)
          at commitHookPassiveMountEffects (C:\Users\USER\Documents\GitHub\Globe-Wallet\node_modules\react-dom\cjs\react-dom-client.development.js:13336:11)
          at commitPassiveMountOnFiber (C:\Users\USER\Documents\GitHub\Globe-Wallet\node_modules\react-dom\cjs\react-dom-client.development.js:15484:13)
          at recursivelyTraversePassiveMountEffects (C:\Users\USER\Documents\GitHub\Globe-Wallet\node_modules\react-dom\cjs\react-dom-client.development.js:15439:11)
          at commitPassiveMountOnFiber (C:\Users\USER\Documents\GitHub\Globe-Wallet\node_modules\react-dom\cjs\react-dom-client.development.js:15519:11)
          at flushPassiveEffects (C:\Users\USER\Documents\GitHub\Globe-Wallet\node_modules\react-dom\cjs\react-dom-client.development.js:18432:9)
          at flushPendingEffects (C:\Users\USER\Documents\GitHub\Globe-Wallet\node_modules\react-dom\cjs\react-dom-client.development.js:18358:14)
          at performSyncWorkOnRoot (C:\Users\USER\Documents\GitHub\Globe-Wallet\node_modules\react-dom\cjs\react-dom-client.development.js:18969:11)
          at flushSyncWorkAcrossRoots_impl (C:\Users\USER\Documents\GitHub\Globe-Wallet\node_modules\react-dom\cjs\react-dom-client.development.js:18814:21)
          at flushSpawnedWork (C:\Users\USER\Documents\GitHub\Globe-Wallet\node_modules\react-dom\cjs\react-dom-client.development.js:18334:9)
          at commitRoot (C:\Users\USER\Documents\GitHub\Globe-Wallet\node_modules\react-dom\cjs\react-dom-client.development.js:17955:9)
          at performWorkOnRoot (C:\Users\USER\Documents\GitHub\Globe-Wallet\node_modules\react-dom\cjs\react-dom-client.development.js:16667:15)
          at performWorkOnRootViaSchedulerTask (C:\Users\USER\Documents\GitHub\Globe-Wallet\node_modules\react-dom\cjs\react-dom-client.development.js:18957:7)
          at flushActQueue (C:\Users\USER\Documents\GitHub\Globe-Wallet\node_modules\react\cjs\react.development.js:590:34)
          at Object.<anonymous>.process.env.NODE_ENV.exports.act (C:\Users\USER\Documents\GitHub\Globe-Wallet\node_modules\react\cjs\react.development.js:884:10)
          at C:\Users\USER\Documents\GitHub\Globe-Wallet\node_modules\@testing-library\react\dist\act-compat.js:46:25
          at renderRoot (C:\Users\USER\Documents\GitHub\Globe-Wallet\node_modules\@testing-library\react\dist\pure.js:189:26)
          at render (C:\Users\USER\Documents\GitHub\Globe-Wallet\node_modules\@testing-library\react\dist\pure.js:291:10)
          at renderPage (C:\Users\USER\Documents\GitHub\Globe-Wallet\tests\component\convert-page.test.tsx:52:16)
          at Object.renderPage (C:\Users\USER\Documents\GitHub\Globe-Wallet\tests\component\convert-page.test.tsx:198:7)
          at Promise.then.completed (C:\Users\USER\Documents\GitHub\Globe-Wallet\node_modules\jest-circus\build\utils.js:298:28)
          at new Promise (<anonymous>)
          at callAsyncCircusFn (C:\Users\USER\Documents\GitHub\Globe-Wallet\node_modules\jest-circus\build\utils.js:231:10)
          at _callCircusTest (C:\Users\USER\Documents\GitHub\Globe-Wallet\node_modules\jest-circus\build\run.js:316:40)
          at _runTest (C:\Users\USER\Documents\GitHub\Globe-Wallet\node_modules\jest-circus\build\run.js:252:3)
          at _runTestsForDescribeBlock (C:\Users\USER\Documents\GitHub\Globe-Wallet\node_modules\jest-circus\build\run.js:126:9)
          at _runTestsForDescribeBlock (C:\Users\USER\Documents\GitHub\Globe-Wallet\node_modules\jest-circus\build\run.js:121:9)
          at _runTestsForDescribeBlock (C:\Users\USER\Documents\GitHub\Globe-Wallet\node_modules\jest-circus\build\run.js:121:9)
          at run (C:\Users\USER\Documents\GitHub\Globe-Wallet\node_modules\jest-circus\build\run.js:71:3)
          at runAndTransformResultsToJestFormat (C:\Users\USER\Documents\GitHub\Globe-Wallet\node_modules\jest-circus\build\legacy-code-todo-rewrite\jestAdapterInit.js:122:21)
          at jestAdapter (C:\Users\USER\Documents\GitHub\Globe-Wallet\node_modules\jest-circus\build\legacy-code-todo-rewrite\jestAdapter.js:79:19)
          at runTestInternal (C:\Users\USER\Documents\GitHub\Globe-Wallet\node_modules\jest-runner\build\runTest.js:367:16)
          at runTest (C:\Users\USER\Documents\GitHub\Globe-Wallet\node_modules\jest-runner\build\runTest.js:444:34)
          at Object.worker (C:\Users\USER\Documents\GitHub\Globe-Wallet\node_modules\jest-runner\build\testWorker.js:106:12)

    [0m [90m 33 |[39m         [36mreturn[39m rates
     [90m 34 |[39m       } [36mcatch[39m (error) {
    [31m[1m>[22m[39m[90m 35 |[39m         console[33m.[39mwarn([32m'[RatesService] Failed to fetch live rates, falling back to mock data'[39m[33m,[39m error)
     [90m    |[39m                 [31m[1m^[22m[39m
     [90m 36 |[39m         [36mreturn[39m [36mthis[39m[33m.[39mgetMockRates([36mfrom[39m[33m,[39m supportedCurrencies)
     [90m 37 |[39m       }
     [90m 38 |[39m     })[0m

      at warn (lib/services/rates.service.ts:35:17)
      at RatesService.withPerformanceTracking (lib/services/base.service.ts:41:20)

    console.debug
      [RatesService] getExchangeRates took 0.00ms

      at RatesService.debug [as withPerformanceTracking] (lib/services/base.service.ts:44:21)

    console.warn
      [RatesService] Failed to fetch live rates, falling back to mock data ReferenceError: fetch is not defined
          at RatesService.fetchLiveRates (C:\Users\USER\Documents\GitHub\Globe-Wallet\lib\services\rates.service.ts:70:22)
          at fetchLiveRates (C:\Users\USER\Documents\GitHub\Globe-Wallet\lib\services\rates.service.ts:31:34)
          at RatesService.operation [as withPerformanceTracking] (C:\Users\USER\Documents\GitHub\Globe-Wallet\lib\services\base.service.ts:41:26)
          at RatesService.withPerformanceTracking [as getExchangeRates] (C:\Users\USER\Documents\GitHub\Globe-Wallet\lib\services\rates.service.ts:21:17)
          at getExchangeRates (C:\Users\USER\Documents\GitHub\Globe-Wallet\app\convert\page.tsx:40:49)
          at fetchRates (C:\Users\USER\Documents\GitHub\Globe-Wallet\app\convert\page.tsx:54:5)
          at Object.react_stack_bottom_frame (C:\Users\USER\Documents\GitHub\Globe-Wallet\node_modules\react-dom\cjs\react-dom-client.development.js:25989:20)
          at runWithFiberInDEV (C:\Users\USER\Documents\GitHub\Globe-Wallet\node_modules\react-dom\cjs\react-dom-client.development.js:874:13)
          at commitHookEffectListMount (C:\Users\USER\Documents\GitHub\Globe-Wallet\node_modules\react-dom\cjs\react-dom-client.development.js:13249:29)
          at commitHookPassiveMountEffects (C:\Users\USER\Documents\GitHub\Globe-Wallet\node_modules\react-dom\cjs\react-dom-client.development.js:13336:11)
          at commitPassiveMountOnFiber (C:\Users\USER\Documents\GitHub\Globe-Wallet\node_modules\react-dom\cjs\react-dom-client.development.js:15484:13)
          at recursivelyTraversePassiveMountEffects (C:\Users\USER\Documents\GitHub\Globe-Wallet\node_modules\react-dom\cjs\react-dom-client.development.js:15439:11)
          at commitPassiveMountOnFiber (C:\Users\USER\Documents\GitHub\Globe-Wallet\node_modules\react-dom\cjs\react-dom-client.development.js:15519:11)
          at flushPassiveEffects (C:\Users\USER\Documents\GitHub\Globe-Wallet\node_modules\react-dom\cjs\react-dom-client.development.js:18432:9)
          at flushPendingEffects (C:\Users\USER\Documents\GitHub\Globe-Wallet\node_modules\react-dom\cjs\react-dom-client.development.js:18358:14)
          at performSyncWorkOnRoot (C:\Users\USER\Documents\GitHub\Globe-Wallet\node_modules\react-dom\cjs\react-dom-client.development.js:18969:11)
          at flushSyncWorkAcrossRoots_impl (C:\Users\USER\Documents\GitHub\Globe-Wallet\node_modules\react-dom\cjs\react-dom-client.development.js:18814:21)
          at flushSpawnedWork (C:\Users\USER\Documents\GitHub\Globe-Wallet\node_modules\react-dom\cjs\react-dom-client.development.js:18334:9)
          at commitRoot (C:\Users\USER\Documents\GitHub\Globe-Wallet\node_modules\react-dom\cjs\react-dom-client.development.js:17955:9)
          at performWorkOnRoot (C:\Users\USER\Documents\GitHub\Globe-Wallet\node_modules\react-dom\cjs\react-dom-client.development.js:16667:15)
          at performWorkOnRootViaSchedulerTask (C:\Users\USER\Documents\GitHub\Globe-Wallet\node_modules\react-dom\cjs\react-dom-client.development.js:18957:7)
          at flushActQueue (C:\Users\USER\Documents\GitHub\Globe-Wallet\node_modules\react\cjs\react.development.js:590:34)
          at Object.<anonymous>.process.env.NODE_ENV.exports.act (C:\Users\USER\Documents\GitHub\Globe-Wallet\node_modules\react\cjs\react.development.js:884:10)
          at C:\Users\USER\Documents\GitHub\Globe-Wallet\node_modules\@testing-library\react\dist\act-compat.js:46:25
          at renderRoot (C:\Users\USER\Documents\GitHub\Globe-Wallet\node_modules\@testing-library\react\dist\pure.js:189:26)
          at render (C:\Users\USER\Documents\GitHub\Globe-Wallet\node_modules\@testing-library\react\dist\pure.js:291:10)
          at renderPage (C:\Users\USER\Documents\GitHub\Globe-Wallet\tests\component\convert-page.test.tsx:52:16)
          at Object.renderPage (C:\Users\USER\Documents\GitHub\Globe-Wallet\tests\component\convert-page.test.tsx:215:7)
          at Promise.then.completed (C:\Users\USER\Documents\GitHub\Globe-Wallet\node_modules\jest-circus\build\utils.js:298:28)
          at new Promise (<anonymous>)
          at callAsyncCircusFn (C:\Users\USER\Documents\GitHub\Globe-Wallet\node_modules\jest-circus\build\utils.js:231:10)
          at _callCircusTest (C:\Users\USER\Documents\GitHub\Globe-Wallet\node_modules\jest-circus\build\run.js:316:40)
          at _runTest (C:\Users\USER\Documents\GitHub\Globe-Wallet\node_modules\jest-circus\build\run.js:252:3)
          at _runTestsForDescribeBlock (C:\Users\USER\Documents\GitHub\Globe-Wallet\node_modules\jest-circus\build\run.js:126:9)
          at _runTestsForDescribeBlock (C:\Users\USER\Documents\GitHub\Globe-Wallet\node_modules\jest-circus\build\run.js:121:9)
          at _runTestsForDescribeBlock (C:\Users\USER\Documents\GitHub\Globe-Wallet\node_modules\jest-circus\build\run.js:121:9)
          at run (C:\Users\USER\Documents\GitHub\Globe-Wallet\node_modules\jest-circus\build\run.js:71:3)
          at runAndTransformResultsToJestFormat (C:\Users\USER\Documents\GitHub\Globe-Wallet\node_modules\jest-circus\build\legacy-code-todo-rewrite\jestAdapterInit.js:122:21)
          at jestAdapter (C:\Users\USER\Documents\GitHub\Globe-Wallet\node_modules\jest-circus\build\legacy-code-todo-rewrite\jestAdapter.js:79:19)
          at runTestInternal (C:\Users\USER\Documents\GitHub\Globe-Wallet\node_modules\jest-runner\build\runTest.js:367:16)
          at runTest (C:\Users\USER\Documents\GitHub\Globe-Wallet\node_modules\jest-runner\build\runTest.js:444:34)
          at Object.worker (C:\Users\USER\Documents\GitHub\Globe-Wallet\node_modules\jest-runner\build\testWorker.js:106:12)

    [0m [90m 33 |[39m         [36mreturn[39m rates
     [90m 34 |[39m       } [36mcatch[39m (error) {
    [31m[1m>[22m[39m[90m 35 |[39m         console[33m.[39mwarn([32m'[RatesService] Failed to fetch live rates, falling back to mock data'[39m[33m,[39m error)
     [90m    |[39m                 [31m[1m^[22m[39m
     [90m 36 |[39m         [36mreturn[39m [36mthis[39m[33m.[39mgetMockRates([36mfrom[39m[33m,[39m supportedCurrencies)
     [90m 37 |[39m       }
     [90m 38 |[39m     })[0m

      at warn (lib/services/rates.service.ts:35:17)
      at RatesService.withPerformanceTracking (lib/services/base.service.ts:41:20)

    console.debug
      [RatesService] getExchangeRates took 0.00ms

      at RatesService.debug [as withPerformanceTracking] (lib/services/base.service.ts:44:21)

    console.error
      An update to ConvertPage inside a test was not wrapped in act(...).
      
      When testing, code that causes React state updates should be wrapped into act(...):
      
      act(() => {
        /* fire events that update state */
      });
      /* assert on the output */
      
      This ensures that you're testing the behavior the user would see in the browser. Learn more at https://react.dev/link/wrap-tests-with-act

    [0m [90m 42 |[39m           toCurrency[33m,[39m
     [90m 43 |[39m         ])
    [31m[1m>[22m[39m[90m 44 |[39m         setRates(fetchedRates)
     [90m    |[39m         [31m[1m^[22m[39m
     [90m 45 |[39m       } [36mcatch[39m (error) {
     [90m 46 |[39m         [36mconst[39m message [33m=[39m error [36minstanceof[39m [33mError[39m [33m?[39m error[33m.[39mmessage [33m:[39m [32m"Failed to load exchange rates"[39m
     [90m 47 |[39m         setRatesError(message)[0m

      at node_modules/react-dom/cjs/react-dom-client.development.js:18758:19
      at runWithFiberInDEV (node_modules/react-dom/cjs/react-dom-client.development.js:874:13)
      at warnIfUpdatesNotWrappedWithActDEV (node_modules/react-dom/cjs/react-dom-client.development.js:18757:9)
      at scheduleUpdateOnFiber (node_modules/react-dom/cjs/react-dom-client.development.js:16409:11)
      at dispatchSetStateInternal (node_modules/react-dom/cjs/react-dom-client.development.js:9170:13)
      at dispatchSetState (node_modules/react-dom/cjs/react-dom-client.development.js:9127:7)
      at setRates (app/convert/page.tsx:44:9)

    console.error
      An update to ConvertPage inside a test was not wrapped in act(...).
      
      When testing, code that causes React state updates should be wrapped into act(...):
      
      act(() => {
        /* fire events that update state */
      });
      /* assert on the output */
      
      This ensures that you're testing the behavior the user would see in the browser. Learn more at https://react.dev/link/wrap-tests-with-act

    [0m [90m 48 |[39m         toast[33m.[39merror([32m"Could not load exchange rates, using cached rates"[39m)
     [90m 49 |[39m       } [36mfinally[39m {
    [31m[1m>[22m[39m[90m 50 |[39m         setIsLoadingRates([36mfalse[39m)
     [90m    |[39m         [31m[1m^[22m[39m
     [90m 51 |[39m       }
     [90m 52 |[39m     }
     [90m 53 |[39m[0m

      at node_modules/react-dom/cjs/react-dom-client.development.js:18758:19
      at runWithFiberInDEV (node_modules/react-dom/cjs/react-dom-client.development.js:874:13)
      at warnIfUpdatesNotWrappedWithActDEV (node_modules/react-dom/cjs/react-dom-client.development.js:18757:9)
      at scheduleUpdateOnFiber (node_modules/react-dom/cjs/react-dom-client.development.js:16409:11)
      at dispatchSetStateInternal (node_modules/react-dom/cjs/react-dom-client.development.js:9170:13)
      at dispatchSetState (node_modules/react-dom/cjs/react-dom-client.development.js:9127:7)
      at setIsLoadingRates (app/convert/page.tsx:50:9)

    console.warn
      [RatesService] Failed to fetch live rates, falling back to mock data ReferenceError: fetch is not defined
          at RatesService.fetchLiveRates (C:\Users\USER\Documents\GitHub\Globe-Wallet\lib\services\rates.service.ts:70:22)
          at fetchLiveRates (C:\Users\USER\Documents\GitHub\Globe-Wallet\lib\services\rates.service.ts:31:34)
          at RatesService.operation [as withPerformanceTracking] (C:\Users\USER\Documents\GitHub\Globe-Wallet\lib\services\base.service.ts:41:26)
          at RatesService.withPerformanceTracking [as getExchangeRates] (C:\Users\USER\Documents\GitHub\Globe-Wallet\lib\services\rates.service.ts:21:17)
          at getExchangeRates (C:\Users\USER\Documents\GitHub\Globe-Wallet\app\convert\page.tsx:40:49)
          at fetchRates (C:\Users\USER\Documents\GitHub\Globe-Wallet\app\convert\page.tsx:54:5)
          at Object.react_stack_bottom_frame (C:\Users\USER\Documents\GitHub\Globe-Wallet\node_modules\react-dom\cjs\react-dom-client.development.js:25989:20)
          at runWithFiberInDEV (C:\Users\USER\Documents\GitHub\Globe-Wallet\node_modules\react-dom\cjs\react-dom-client.development.js:874:13)
          at commitHookEffectListMount (C:\Users\USER\Documents\GitHub\Globe-Wallet\node_modules\react-dom\cjs\react-dom-client.development.js:13249:29)
          at commitHookPassiveMountEffects (C:\Users\USER\Documents\GitHub\Globe-Wallet\node_modules\react-dom\cjs\react-dom-client.development.js:13336:11)
          at commitPassiveMountOnFiber (C:\Users\USER\Documents\GitHub\Globe-Wallet\node_modules\react-dom\cjs\react-dom-client.development.js:15484:13)
          at recursivelyTraversePassiveMountEffects (C:\Users\USER\Documents\GitHub\Globe-Wallet\node_modules\react-dom\cjs\react-dom-client.development.js:15439:11)
          at commitPassiveMountOnFiber (C:\Users\USER\Documents\GitHub\Globe-Wallet\node_modules\react-dom\cjs\react-dom-client.development.js:15519:11)
          at flushPassiveEffects (C:\Users\USER\Documents\GitHub\Globe-Wallet\node_modules\react-dom\cjs\react-dom-client.development.js:18432:9)
          at flushPendingEffects (C:\Users\USER\Documents\GitHub\Globe-Wallet\node_modules\react-dom\cjs\react-dom-client.development.js:18358:14)
          at performSyncWorkOnRoot (C:\Users\USER\Documents\GitHub\Globe-Wallet\node_modules\react-dom\cjs\react-dom-client.development.js:18969:11)
          at flushSyncWorkAcrossRoots_impl (C:\Users\USER\Documents\GitHub\Globe-Wallet\node_modules\react-dom\cjs\react-dom-client.development.js:18814:21)
          at flushSpawnedWork (C:\Users\USER\Documents\GitHub\Globe-Wallet\node_modules\react-dom\cjs\react-dom-client.development.js:18334:9)
          at commitRoot (C:\Users\USER\Documents\GitHub\Globe-Wallet\node_modules\react-dom\cjs\react-dom-client.development.js:17955:9)
          at performWorkOnRoot (C:\Users\USER\Documents\GitHub\Globe-Wallet\node_modules\react-dom\cjs\react-dom-client.development.js:16667:15)
          at performWorkOnRootViaSchedulerTask (C:\Users\USER\Documents\GitHub\Globe-Wallet\node_modules\react-dom\cjs\react-dom-client.development.js:18957:7)
          at flushActQueue (C:\Users\USER\Documents\GitHub\Globe-Wallet\node_modules\react\cjs\react.development.js:590:34)
          at Object.<anonymous>.process.env.NODE_ENV.exports.act (C:\Users\USER\Documents\GitHub\Globe-Wallet\node_modules\react\cjs\react.development.js:884:10)
          at C:\Users\USER\Documents\GitHub\Globe-Wallet\node_modules\@testing-library\react\dist\act-compat.js:46:25
          at renderRoot (C:\Users\USER\Documents\GitHub\Globe-Wallet\node_modules\@testing-library\react\dist\pure.js:189:26)
          at render (C:\Users\USER\Documents\GitHub\Globe-Wallet\node_modules\@testing-library\react\dist\pure.js:291:10)
          at renderPage (C:\Users\USER\Documents\GitHub\Globe-Wallet\tests\component\convert-page.test.tsx:52:16)
          at Object.renderPage (C:\Users\USER\Documents\GitHub\Globe-Wallet\tests\component\convert-page.test.tsx:223:7)
          at Promise.then.completed (C:\Users\USER\Documents\GitHub\Globe-Wallet\node_modules\jest-circus\build\utils.js:298:28)
          at new Promise (<anonymous>)
          at callAsyncCircusFn (C:\Users\USER\Documents\GitHub\Globe-Wallet\node_modules\jest-circus\build\utils.js:231:10)
          at _callCircusTest (C:\Users\USER\Documents\GitHub\Globe-Wallet\node_modules\jest-circus\build\run.js:316:40)
          at _runTest (C:\Users\USER\Documents\GitHub\Globe-Wallet\node_modules\jest-circus\build\run.js:252:3)
          at _runTestsForDescribeBlock (C:\Users\USER\Documents\GitHub\Globe-Wallet\node_modules\jest-circus\build\run.js:126:9)
          at _runTestsForDescribeBlock (C:\Users\USER\Documents\GitHub\Globe-Wallet\node_modules\jest-circus\build\run.js:121:9)
          at _runTestsForDescribeBlock (C:\Users\USER\Documents\GitHub\Globe-Wallet\node_modules\jest-circus\build\run.js:121:9)
          at run (C:\Users\USER\Documents\GitHub\Globe-Wallet\node_modules\jest-circus\build\run.js:71:3)
          at runAndTransformResultsToJestFormat (C:\Users\USER\Documents\GitHub\Globe-Wallet\node_modules\jest-circus\build\legacy-code-todo-rewrite\jestAdapterInit.js:122:21)
          at jestAdapter (C:\Users\USER\Documents\GitHub\Globe-Wallet\node_modules\jest-circus\build\legacy-code-todo-rewrite\jestAdapter.js:79:19)
          at runTestInternal (C:\Users\USER\Documents\GitHub\Globe-Wallet\node_modules\jest-runner\build\runTest.js:367:16)
          at runTest (C:\Users\USER\Documents\GitHub\Globe-Wallet\node_modules\jest-runner\build\runTest.js:444:34)
          at Object.worker (C:\Users\USER\Documents\GitHub\Globe-Wallet\node_modules\jest-runner\build\testWorker.js:106:12)

    [0m [90m 33 |[39m         [36mreturn[39m rates
     [90m 34 |[39m       } [36mcatch[39m (error) {
    [31m[1m>[22m[39m[90m 35 |[39m         console[33m.[39mwarn([32m'[RatesService] Failed to fetch live rates, falling back to mock data'[39m[33m,[39m error)
     [90m    |[39m                 [31m[1m^[22m[39m
     [90m 36 |[39m         [36mreturn[39m [36mthis[39m[33m.[39mgetMockRates([36mfrom[39m[33m,[39m supportedCurrencies)
     [90m 37 |[39m       }
     [90m 38 |[39m     })[0m

      at warn (lib/services/rates.service.ts:35:17)
      at RatesService.withPerformanceTracking (lib/services/base.service.ts:41:20)

    console.debug
      [RatesService] getExchangeRates took 0.00ms

      at RatesService.debug [as withPerformanceTracking] (lib/services/base.service.ts:44:21)

    console.warn
      [RatesService] Failed to fetch live rates, falling back to mock data ReferenceError: fetch is not defined
          at RatesService.fetchLiveRates (C:\Users\USER\Documents\GitHub\Globe-Wallet\lib\services\rates.service.ts:70:22)
          at fetchLiveRates (C:\Users\USER\Documents\GitHub\Globe-Wallet\lib\services\rates.service.ts:31:34)
          at RatesService.operation [as withPerformanceTracking] (C:\Users\USER\Documents\GitHub\Globe-Wallet\lib\services\base.service.ts:41:26)
          at RatesService.withPerformanceTracking [as getExchangeRates] (C:\Users\USER\Documents\GitHub\Globe-Wallet\lib\services\rates.service.ts:21:17)
          at getExchangeRates (C:\Users\USER\Documents\GitHub\Globe-Wallet\app\convert\page.tsx:40:49)
          at fetchRates (C:\Users\USER\Documents\GitHub\Globe-Wallet\app\convert\page.tsx:54:5)
          at Object.react_stack_bottom_frame (C:\Users\USER\Documents\GitHub\Globe-Wallet\node_modules\react-dom\cjs\react-dom-client.development.js:25989:20)
          at runWithFiberInDEV (C:\Users\USER\Documents\GitHub\Globe-Wallet\node_modules\react-dom\cjs\react-dom-client.development.js:874:13)
          at commitHookEffectListMount (C:\Users\USER\Documents\GitHub\Globe-Wallet\node_modules\react-dom\cjs\react-dom-client.development.js:13249:29)
          at commitHookPassiveMountEffects (C:\Users\USER\Documents\GitHub\Globe-Wallet\node_modules\react-dom\cjs\react-dom-client.development.js:13336:11)
          at commitPassiveMountOnFiber (C:\Users\USER\Documents\GitHub\Globe-Wallet\node_modules\react-dom\cjs\react-dom-client.development.js:15484:13)
          at recursivelyTraversePassiveMountEffects (C:\Users\USER\Documents\GitHub\Globe-Wallet\node_modules\react-dom\cjs\react-dom-client.development.js:15439:11)
          at commitPassiveMountOnFiber (C:\Users\USER\Documents\GitHub\Globe-Wallet\node_modules\react-dom\cjs\react-dom-client.development.js:15519:11)
          at flushPassiveEffects (C:\Users\USER\Documents\GitHub\Globe-Wallet\node_modules\react-dom\cjs\react-dom-client.development.js:18432:9)
          at flushPendingEffects (C:\Users\USER\Documents\GitHub\Globe-Wallet\node_modules\react-dom\cjs\react-dom-client.development.js:18358:14)
          at flushSpawnedWork (C:\Users\USER\Documents\GitHub\Globe-Wallet\node_modules\react-dom\cjs\react-dom-client.development.js:18323:44)
          at commitRoot (C:\Users\USER\Documents\GitHub\Globe-Wallet\node_modules\react-dom\cjs\react-dom-client.development.js:17955:9)
          at performWorkOnRoot (C:\Users\USER\Documents\GitHub\Globe-Wallet\node_modules\react-dom\cjs\react-dom-client.development.js:16667:15)
          at performSyncWorkOnRoot (C:\Users\USER\Documents\GitHub\Globe-Wallet\node_modules\react-dom\cjs\react-dom-client.development.js:18972:7)
          at flushSyncWorkAcrossRoots_impl (C:\Users\USER\Documents\GitHub\Globe-Wallet\node_modules\react-dom\cjs\react-dom-client.development.js:18814:21)
          at processRootScheduleInMicrotask (C:\Users\USER\Documents\GitHub\Globe-Wallet\node_modules\react-dom\cjs\react-dom-client.development.js:18853:9)
          at C:\Users\USER\Documents\GitHub\Globe-Wallet\node_modules\react-dom\cjs\react-dom-client.development.js:18982:11
          at flushActQueue (C:\Users\USER\Documents\GitHub\Globe-Wallet\node_modules\react\cjs\react.development.js:590:34)
          at Object.<anonymous>.process.env.NODE_ENV.exports.act (C:\Users\USER\Documents\GitHub\Globe-Wallet\node_modules\react\cjs\react.development.js:884:10)
          at C:\Users\USER\Documents\GitHub\Globe-Wallet\node_modules\@testing-library\react\dist\act-compat.js:46:25
          at Object.eventWrapper (C:\Users\USER\Documents\GitHub\Globe-Wallet\node_modules\@testing-library\react\dist\pure.js:106:28)
          at Object.wrapEvent (C:\Users\USER\Documents\GitHub\Globe-Wallet\node_modules\@testing-library\user-event\dist\cjs\event\wrapEvent.js:6:28)
          at Object.dispatchEvent (C:\Users\USER\Documents\GitHub\Globe-Wallet\node_modules\@testing-library\user-event\dist\cjs\event\dispatchEvent.js:45:22)
          at Object.dispatchUIEvent (C:\Users\USER\Documents\GitHub\Globe-Wallet\node_modules\@testing-library\user-event\dist\cjs\event\dispatchEvent.js:22:26)
          at Mouse.up (C:\Users\USER\Documents\GitHub\Globe-Wallet\node_modules\@testing-library\user-event\dist\cjs\system\pointer\mouse.js:100:30)
          at PointerHost.release (C:\Users\USER\Documents\GitHub\Globe-Wallet\node_modules\@testing-library\user-event\dist\cjs\system\pointer\index.js:87:24)
          at pointerAction (C:\Users\USER\Documents\GitHub\Globe-Wallet\node_modules\@testing-library\user-event\dist\cjs\pointer\index.js:54:47)
          at Object.pointer (C:\Users\USER\Documents\GitHub\Globe-Wallet\node_modules\@testing-library\user-event\dist\cjs\pointer\index.js:27:9)
          at Object.asyncWrapper (C:\Users\USER\Documents\GitHub\Globe-Wallet\node_modules\@testing-library\react\dist\pure.js:87:22)
          at Object.<anonymous> (C:\Users\USER\Documents\GitHub\Globe-Wallet\tests\component\convert-page.test.tsx:243:9)

    [0m [90m 33 |[39m         [36mreturn[39m rates
     [90m 34 |[39m       } [36mcatch[39m (error) {
    [31m[1m>[22m[39m[90m 35 |[39m         console[33m.[39mwarn([32m'[RatesService] Failed to fetch live rates, falling back to mock data'[39m[33m,[39m error)
     [90m    |[39m                 [31m[1m^[22m[39m
     [90m 36 |[39m         [36mreturn[39m [36mthis[39m[33m.[39mgetMockRates([36mfrom[39m[33m,[39m supportedCurrencies)
     [90m 37 |[39m       }
     [90m 38 |[39m     })[0m

      at warn (lib/services/rates.service.ts:35:17)
      at RatesService.withPerformanceTracking (lib/services/base.service.ts:41:20)

    console.debug
      [RatesService] getExchangeRates took 0.00ms

      at RatesService.debug [as withPerformanceTracking] (lib/services/base.service.ts:44:21)

    console.warn
      [RatesService] Failed to fetch live rates, falling back to mock data ReferenceError: fetch is not defined
          at RatesService.fetchLiveRates (C:\Users\USER\Documents\GitHub\Globe-Wallet\lib\services\rates.service.ts:70:22)
          at fetchLiveRates (C:\Users\USER\Documents\GitHub\Globe-Wallet\lib\services\rates.service.ts:31:34)
          at RatesService.operation [as withPerformanceTracking] (C:\Users\USER\Documents\GitHub\Globe-Wallet\lib\services\base.service.ts:41:26)
          at RatesService.withPerformanceTracking [as getExchangeRates] (C:\Users\USER\Documents\GitHub\Globe-Wallet\lib\services\rates.service.ts:21:17)
          at getExchangeRates (C:\Users\USER\Documents\GitHub\Globe-Wallet\app\convert\page.tsx:40:49)
          at fetchRates (C:\Users\USER\Documents\GitHub\Globe-Wallet\app\convert\page.tsx:54:5)
          at Object.react_stack_bottom_frame (C:\Users\USER\Documents\GitHub\Globe-Wallet\node_modules\react-dom\cjs\react-dom-client.development.js:25989:20)
          at runWithFiberInDEV (C:\Users\USER\Documents\GitHub\Globe-Wallet\node_modules\react-dom\cjs\react-dom-client.development.js:874:13)
          at commitHookEffectListMount (C:\Users\USER\Documents\GitHub\Globe-Wallet\node_modules\react-dom\cjs\react-dom-client.development.js:13249:29)
          at commitHookPassiveMountEffects (C:\Users\USER\Documents\GitHub\Globe-Wallet\node_modules\react-dom\cjs\react-dom-client.development.js:13336:11)
          at commitPassiveMountOnFiber (C:\Users\USER\Documents\GitHub\Globe-Wallet\node_modules\react-dom\cjs\react-dom-client.development.js:15484:13)
          at recursivelyTraversePassiveMountEffects (C:\Users\USER\Documents\GitHub\Globe-Wallet\node_modules\react-dom\cjs\react-dom-client.development.js:15439:11)
          at commitPassiveMountOnFiber (C:\Users\USER\Documents\GitHub\Globe-Wallet\node_modules\react-dom\cjs\react-dom-client.development.js:15519:11)
          at flushPassiveEffects (C:\Users\USER\Documents\GitHub\Globe-Wallet\node_modules\react-dom\cjs\react-dom-client.development.js:18432:9)
          at flushPendingEffects (C:\Users\USER\Documents\GitHub\Globe-Wallet\node_modules\react-dom\cjs\react-dom-client.development.js:18358:14)
          at performSyncWorkOnRoot (C:\Users\USER\Documents\GitHub\Globe-Wallet\node_modules\react-dom\cjs\react-dom-client.development.js:18969:11)
          at flushSyncWorkAcrossRoots_impl (C:\Users\USER\Documents\GitHub\Globe-Wallet\node_modules\react-dom\cjs\react-dom-client.development.js:18814:21)
          at flushSpawnedWork (C:\Users\USER\Documents\GitHub\Globe-Wallet\node_modules\react-dom\cjs\react-dom-client.development.js:18334:9)
          at commitRoot (C:\Users\USER\Documents\GitHub\Globe-Wallet\node_modules\react-dom\cjs\react-dom-client.development.js:17955:9)
          at performWorkOnRoot (C:\Users\USER\Documents\GitHub\Globe-Wallet\node_modules\react-dom\cjs\react-dom-client.development.js:16667:15)
          at performWorkOnRootViaSchedulerTask (C:\Users\USER\Documents\GitHub\Globe-Wallet\node_modules\react-dom\cjs\react-dom-client.development.js:18957:7)
          at flushActQueue (C:\Users\USER\Documents\GitHub\Globe-Wallet\node_modules\react\cjs\react.development.js:590:34)
          at Object.<anonymous>.process.env.NODE_ENV.exports.act (C:\Users\USER\Documents\GitHub\Globe-Wallet\node_modules\react\cjs\react.development.js:884:10)
          at C:\Users\USER\Documents\GitHub\Globe-Wallet\node_modules\@testing-library\react\dist\act-compat.js:46:25
          at renderRoot (C:\Users\USER\Documents\GitHub\Globe-Wallet\node_modules\@testing-library\react\dist\pure.js:189:26)
          at render (C:\Users\USER\Documents\GitHub\Globe-Wallet\node_modules\@testing-library\react\dist\pure.js:291:10)
          at renderPage (C:\Users\USER\Documents\GitHub\Globe-Wallet\tests\component\convert-page.test.tsx:52:16)
          at Object.renderPage (C:\Users\USER\Documents\GitHub\Globe-Wallet\tests\component\convert-page.test.tsx:261:7)
          at Promise.then.completed (C:\Users\USER\Documents\GitHub\Globe-Wallet\node_modules\jest-circus\build\utils.js:298:28)
          at new Promise (<anonymous>)
          at callAsyncCircusFn (C:\Users\USER\Documents\GitHub\Globe-Wallet\node_modules\jest-circus\build\utils.js:231:10)
          at _callCircusTest (C:\Users\USER\Documents\GitHub\Globe-Wallet\node_modules\jest-circus\build\run.js:316:40)
          at _runTest (C:\Users\USER\Documents\GitHub\Globe-Wallet\node_modules\jest-circus\build\run.js:252:3)
          at _runTestsForDescribeBlock (C:\Users\USER\Documents\GitHub\Globe-Wallet\node_modules\jest-circus\build\run.js:126:9)
          at _runTestsForDescribeBlock (C:\Users\USER\Documents\GitHub\Globe-Wallet\node_modules\jest-circus\build\run.js:121:9)
          at _runTestsForDescribeBlock (C:\Users\USER\Documents\GitHub\Globe-Wallet\node_modules\jest-circus\build\run.js:121:9)
          at run (C:\Users\USER\Documents\GitHub\Globe-Wallet\node_modules\jest-circus\build\run.js:71:3)
          at runAndTransformResultsToJestFormat (C:\Users\USER\Documents\GitHub\Globe-Wallet\node_modules\jest-circus\build\legacy-code-todo-rewrite\jestAdapterInit.js:122:21)
          at jestAdapter (C:\Users\USER\Documents\GitHub\Globe-Wallet\node_modules\jest-circus\build\legacy-code-todo-rewrite\jestAdapter.js:79:19)
          at runTestInternal (C:\Users\USER\Documents\GitHub\Globe-Wallet\node_modules\jest-runner\build\runTest.js:367:16)
          at runTest (C:\Users\USER\Documents\GitHub\Globe-Wallet\node_modules\jest-runner\build\runTest.js:444:34)
          at Object.worker (C:\Users\USER\Documents\GitHub\Globe-Wallet\node_modules\jest-runner\build\testWorker.js:106:12)

    [0m [90m 33 |[39m         [36mreturn[39m rates
     [90m 34 |[39m       } [36mcatch[39m (error) {
    [31m[1m>[22m[39m[90m 35 |[39m         console[33m.[39mwarn([32m'[RatesService] Failed to fetch live rates, falling back to mock data'[39m[33m,[39m error)
     [90m    |[39m                 [31m[1m^[22m[39m
     [90m 36 |[39m         [36mreturn[39m [36mthis[39m[33m.[39mgetMockRates([36mfrom[39m[33m,[39m supportedCurrencies)
     [90m 37 |[39m       }
     [90m 38 |[39m     })[0m

      at warn (lib/services/rates.service.ts:35:17)
      at RatesService.withPerformanceTracking (lib/services/base.service.ts:41:20)

    console.debug
      [RatesService] getExchangeRates took 0.00ms

      at RatesService.debug [as withPerformanceTracking] (lib/services/base.service.ts:44:21)

    console.warn
      [RatesService] Failed to fetch live rates, falling back to mock data ReferenceError: fetch is not defined
          at RatesService.fetchLiveRates (C:\Users\USER\Documents\GitHub\Globe-Wallet\lib\services\rates.service.ts:70:22)
          at fetchLiveRates (C:\Users\USER\Documents\GitHub\Globe-Wallet\lib\services\rates.service.ts:31:34)
          at RatesService.operation [as withPerformanceTracking] (C:\Users\USER\Documents\GitHub\Globe-Wallet\lib\services\base.service.ts:41:26)
          at RatesService.withPerformanceTracking [as getExchangeRates] (C:\Users\USER\Documents\GitHub\Globe-Wallet\lib\services\rates.service.ts:21:17)
          at getExchangeRates (C:\Users\USER\Documents\GitHub\Globe-Wallet\app\convert\page.tsx:40:49)
          at fetchRates (C:\Users\USER\Documents\GitHub\Globe-Wallet\app\convert\page.tsx:54:5)
          at Object.react_stack_bottom_frame (C:\Users\USER\Documents\GitHub\Globe-Wallet\node_modules\react-dom\cjs\react-dom-client.development.js:25989:20)
          at runWithFiberInDEV (C:\Users\USER\Documents\GitHub\Globe-Wallet\node_modules\react-dom\cjs\react-dom-client.development.js:874:13)
          at commitHookEffectListMount (C:\Users\USER\Documents\GitHub\Globe-Wallet\node_modules\react-dom\cjs\react-dom-client.development.js:13249:29)
          at commitHookPassiveMountEffects (C:\Users\USER\Documents\GitHub\Globe-Wallet\node_modules\react-dom\cjs\react-dom-client.development.js:13336:11)
          at commitPassiveMountOnFiber (C:\Users\USER\Documents\GitHub\Globe-Wallet\node_modules\react-dom\cjs\react-dom-client.development.js:15484:13)
          at recursivelyTraversePassiveMountEffects (C:\Users\USER\Documents\GitHub\Globe-Wallet\node_modules\react-dom\cjs\react-dom-client.development.js:15439:11)
          at commitPassiveMountOnFiber (C:\Users\USER\Documents\GitHub\Globe-Wallet\node_modules\react-dom\cjs\react-dom-client.development.js:15519:11)
          at flushPassiveEffects (C:\Users\USER\Documents\GitHub\Globe-Wallet\node_modules\react-dom\cjs\react-dom-client.development.js:18432:9)
          at flushPendingEffects (C:\Users\USER\Documents\GitHub\Globe-Wallet\node_modules\react-dom\cjs\react-dom-client.development.js:18358:14)
          at performSyncWorkOnRoot (C:\Users\USER\Documents\GitHub\Globe-Wallet\node_modules\react-dom\cjs\react-dom-client.development.js:18969:11)
          at flushSyncWorkAcrossRoots_impl (C:\Users\USER\Documents\GitHub\Globe-Wallet\node_modules\react-dom\cjs\react-dom-client.development.js:18814:21)
          at flushSpawnedWork (C:\Users\USER\Documents\GitHub\Globe-Wallet\node_modules\react-dom\cjs\react-dom-client.development.js:18334:9)
          at commitRoot (C:\Users\USER\Documents\GitHub\Globe-Wallet\node_modules\react-dom\cjs\react-dom-client.development.js:17955:9)
          at performWorkOnRoot (C:\Users\USER\Documents\GitHub\Globe-Wallet\node_modules\react-dom\cjs\react-dom-client.development.js:16667:15)
          at performWorkOnRootViaSchedulerTask (C:\Users\USER\Documents\GitHub\Globe-Wallet\node_modules\react-dom\cjs\react-dom-client.development.js:18957:7)
          at flushActQueue (C:\Users\USER\Documents\GitHub\Globe-Wallet\node_modules\react\cjs\react.development.js:590:34)
          at Object.<anonymous>.process.env.NODE_ENV.exports.act (C:\Users\USER\Documents\GitHub\Globe-Wallet\node_modules\react\cjs\react.development.js:884:10)
          at C:\Users\USER\Documents\GitHub\Globe-Wallet\node_modules\@testing-library\react\dist\act-compat.js:46:25
          at renderRoot (C:\Users\USER\Documents\GitHub\Globe-Wallet\node_modules\@testing-library\react\dist\pure.js:189:26)
          at render (C:\Users\USER\Documents\GitHub\Globe-Wallet\node_modules\@testing-library\react\dist\pure.js:291:10)
          at renderPage (C:\Users\USER\Documents\GitHub\Globe-Wallet\tests\component\convert-page.test.tsx:52:16)
          at Object.renderPage (C:\Users\USER\Documents\GitHub\Globe-Wallet\tests\component\convert-page.test.tsx:273:7)
          at Promise.then.completed (C:\Users\USER\Documents\GitHub\Globe-Wallet\node_modules\jest-circus\build\utils.js:298:28)
          at new Promise (<anonymous>)
          at callAsyncCircusFn (C:\Users\USER\Documents\GitHub\Globe-Wallet\node_modules\jest-circus\build\utils.js:231:10)
          at _callCircusTest (C:\Users\USER\Documents\GitHub\Globe-Wallet\node_modules\jest-circus\build\run.js:316:40)
          at _runTest (C:\Users\USER\Documents\GitHub\Globe-Wallet\node_modules\jest-circus\build\run.js:252:3)
          at _runTestsForDescribeBlock (C:\Users\USER\Documents\GitHub\Globe-Wallet\node_modules\jest-circus\build\run.js:126:9)
          at _runTestsForDescribeBlock (C:\Users\USER\Documents\GitHub\Globe-Wallet\node_modules\jest-circus\build\run.js:121:9)
          at _runTestsForDescribeBlock (C:\Users\USER\Documents\GitHub\Globe-Wallet\node_modules\jest-circus\build\run.js:121:9)
          at run (C:\Users\USER\Documents\GitHub\Globe-Wallet\node_modules\jest-circus\build\run.js:71:3)
          at runAndTransformResultsToJestFormat (C:\Users\USER\Documents\GitHub\Globe-Wallet\node_modules\jest-circus\build\legacy-code-todo-rewrite\jestAdapterInit.js:122:21)
          at jestAdapter (C:\Users\USER\Documents\GitHub\Globe-Wallet\node_modules\jest-circus\build\legacy-code-todo-rewrite\jestAdapter.js:79:19)
          at runTestInternal (C:\Users\USER\Documents\GitHub\Globe-Wallet\node_modules\jest-runner\build\runTest.js:367:16)
          at runTest (C:\Users\USER\Documents\GitHub\Globe-Wallet\node_modules\jest-runner\build\runTest.js:444:34)
          at Object.worker (C:\Users\USER\Documents\GitHub\Globe-Wallet\node_modules\jest-runner\build\testWorker.js:106:12)

    [0m [90m 33 |[39m         [36mreturn[39m rates
     [90m 34 |[39m       } [36mcatch[39m (error) {
    [31m[1m>[22m[39m[90m 35 |[39m         console[33m.[39mwarn([32m'[RatesService] Failed to fetch live rates, falling back to mock data'[39m[33m,[39m error)
     [90m    |[39m                 [31m[1m^[22m[39m
     [90m 36 |[39m         [36mreturn[39m [36mthis[39m[33m.[39mgetMockRates([36mfrom[39m[33m,[39m supportedCurrencies)
     [90m 37 |[39m       }
     [90m 38 |[39m     })[0m

      at warn (lib/services/rates.service.ts:35:17)
      at RatesService.withPerformanceTracking (lib/services/base.service.ts:41:20)

    console.debug
      [RatesService] getExchangeRates took 0.00ms

      at RatesService.debug [as withPerformanceTracking] (lib/services/base.service.ts:44:21)

    console.warn
      [RatesService] Failed to fetch live rates, falling back to mock data ReferenceError: fetch is not defined
          at RatesService.fetchLiveRates (C:\Users\USER\Documents\GitHub\Globe-Wallet\lib\services\rates.service.ts:70:22)
          at fetchLiveRates (C:\Users\USER\Documents\GitHub\Globe-Wallet\lib\services\rates.service.ts:31:34)
          at RatesService.operation [as withPerformanceTracking] (C:\Users\USER\Documents\GitHub\Globe-Wallet\lib\services\base.service.ts:41:26)
          at RatesService.withPerformanceTracking [as getExchangeRates] (C:\Users\USER\Documents\GitHub\Globe-Wallet\lib\services\rates.service.ts:21:17)
          at getExchangeRates (C:\Users\USER\Documents\GitHub\Globe-Wallet\app\convert\page.tsx:40:49)
          at fetchRates (C:\Users\USER\Documents\GitHub\Globe-Wallet\app\convert\page.tsx:54:5)
          at Object.react_stack_bottom_frame (C:\Users\USER\Documents\GitHub\Globe-Wallet\node_modules\react-dom\cjs\react-dom-client.development.js:25989:20)
          at runWithFiberInDEV (C:\Users\USER\Documents\GitHub\Globe-Wallet\node_modules\react-dom\cjs\react-dom-client.development.js:874:13)
          at commitHookEffectListMount (C:\Users\USER\Documents\GitHub\Globe-Wallet\node_modules\react-dom\cjs\react-dom-client.development.js:13249:29)
          at commitHookPassiveMountEffects (C:\Users\USER\Documents\GitHub\Globe-Wallet\node_modules\react-dom\cjs\react-dom-client.development.js:13336:11)
          at commitPassiveMountOnFiber (C:\Users\USER\Documents\GitHub\Globe-Wallet\node_modules\react-dom\cjs\react-dom-client.development.js:15484:13)
          at recursivelyTraversePassiveMountEffects (C:\Users\USER\Documents\GitHub\Globe-Wallet\node_modules\react-dom\cjs\react-dom-client.development.js:15439:11)
          at commitPassiveMountOnFiber (C:\Users\USER\Documents\GitHub\Globe-Wallet\node_modules\react-dom\cjs\react-dom-client.development.js:15519:11)
          at flushPassiveEffects (C:\Users\USER\Documents\GitHub\Globe-Wallet\node_modules\react-dom\cjs\react-dom-client.development.js:18432:9)
          at flushPendingEffects (C:\Users\USER\Documents\GitHub\Globe-Wallet\node_modules\react-dom\cjs\react-dom-client.development.js:18358:14)
          at performSyncWorkOnRoot (C:\Users\USER\Documents\GitHub\Globe-Wallet\node_modules\react-dom\cjs\react-dom-client.development.js:18969:11)
          at flushSyncWorkAcrossRoots_impl (C:\Users\USER\Documents\GitHub\Globe-Wallet\node_modules\react-dom\cjs\react-dom-client.development.js:18814:21)
          at flushSpawnedWork (C:\Users\USER\Documents\GitHub\Globe-Wallet\node_modules\react-dom\cjs\react-dom-client.development.js:18334:9)
          at commitRoot (C:\Users\USER\Documents\GitHub\Globe-Wallet\node_modules\react-dom\cjs\react-dom-client.development.js:17955:9)
          at performWorkOnRoot (C:\Users\USER\Documents\GitHub\Globe-Wallet\node_modules\react-dom\cjs\react-dom-client.development.js:16667:15)
          at performWorkOnRootViaSchedulerTask (C:\Users\USER\Documents\GitHub\Globe-Wallet\node_modules\react-dom\cjs\react-dom-client.development.js:18957:7)
          at flushActQueue (C:\Users\USER\Documents\GitHub\Globe-Wallet\node_modules\react\cjs\react.development.js:590:34)
          at Object.<anonymous>.process.env.NODE_ENV.exports.act (C:\Users\USER\Documents\GitHub\Globe-Wallet\node_modules\react\cjs\react.development.js:884:10)
          at C:\Users\USER\Documents\GitHub\Globe-Wallet\node_modules\@testing-library\react\dist\act-compat.js:46:25
          at renderRoot (C:\Users\USER\Documents\GitHub\Globe-Wallet\node_modules\@testing-library\react\dist\pure.js:189:26)
          at render (C:\Users\USER\Documents\GitHub\Globe-Wallet\node_modules\@testing-library\react\dist\pure.js:291:10)
          at renderPage (C:\Users\USER\Documents\GitHub\Globe-Wallet\tests\component\convert-page.test.tsx:52:16)
          at Object.renderPage (C:\Users\USER\Documents\GitHub\Globe-Wallet\tests\component\convert-page.test.tsx:293:7)
          at Promise.then.completed (C:\Users\USER\Documents\GitHub\Globe-Wallet\node_modules\jest-circus\build\utils.js:298:28)
          at new Promise (<anonymous>)
          at callAsyncCircusFn (C:\Users\USER\Documents\GitHub\Globe-Wallet\node_modules\jest-circus\build\utils.js:231:10)
          at _callCircusTest (C:\Users\USER\Documents\GitHub\Globe-Wallet\node_modules\jest-circus\build\run.js:316:40)
          at _runTest (C:\Users\USER\Documents\GitHub\Globe-Wallet\node_modules\jest-circus\build\run.js:252:3)
          at _runTestsForDescribeBlock (C:\Users\USER\Documents\GitHub\Globe-Wallet\node_modules\jest-circus\build\run.js:126:9)
          at _runTestsForDescribeBlock (C:\Users\USER\Documents\GitHub\Globe-Wallet\node_modules\jest-circus\build\run.js:121:9)
          at _runTestsForDescribeBlock (C:\Users\USER\Documents\GitHub\Globe-Wallet\node_modules\jest-circus\build\run.js:121:9)
          at run (C:\Users\USER\Documents\GitHub\Globe-Wallet\node_modules\jest-circus\build\run.js:71:3)
          at runAndTransformResultsToJestFormat (C:\Users\USER\Documents\GitHub\Globe-Wallet\node_modules\jest-circus\build\legacy-code-todo-rewrite\jestAdapterInit.js:122:21)
          at jestAdapter (C:\Users\USER\Documents\GitHub\Globe-Wallet\node_modules\jest-circus\build\legacy-code-todo-rewrite\jestAdapter.js:79:19)
          at runTestInternal (C:\Users\USER\Documents\GitHub\Globe-Wallet\node_modules\jest-runner\build\runTest.js:367:16)
          at runTest (C:\Users\USER\Documents\GitHub\Globe-Wallet\node_modules\jest-runner\build\runTest.js:444:34)
          at Object.worker (C:\Users\USER\Documents\GitHub\Globe-Wallet\node_modules\jest-runner\build\testWorker.js:106:12)

    [0m [90m 33 |[39m         [36mreturn[39m rates
     [90m 34 |[39m       } [36mcatch[39m (error) {
    [31m[1m>[22m[39m[90m 35 |[39m         console[33m.[39mwarn([32m'[RatesService] Failed to fetch live rates, falling back to mock data'[39m[33m,[39m error)
     [90m    |[39m                 [31m[1m^[22m[39m
     [90m 36 |[39m         [36mreturn[39m [36mthis[39m[33m.[39mgetMockRates([36mfrom[39m[33m,[39m supportedCurrencies)
     [90m 37 |[39m       }
     [90m 38 |[39m     })[0m

      at warn (lib/services/rates.service.ts:35:17)
      at RatesService.withPerformanceTracking (lib/services/base.service.ts:41:20)

    console.debug
      [RatesService] getExchangeRates took 0.00ms

      at RatesService.debug [as withPerformanceTracking] (lib/services/base.service.ts:44:21)

    console.warn
      [RatesService] Failed to fetch live rates, falling back to mock data ReferenceError: fetch is not defined
          at RatesService.fetchLiveRates (C:\Users\USER\Documents\GitHub\Globe-Wallet\lib\services\rates.service.ts:70:22)
          at fetchLiveRates (C:\Users\USER\Documents\GitHub\Globe-Wallet\lib\services\rates.service.ts:31:34)
          at RatesService.operation [as withPerformanceTracking] (C:\Users\USER\Documents\GitHub\Globe-Wallet\lib\services\base.service.ts:41:26)
          at RatesService.withPerformanceTracking [as getExchangeRates] (C:\Users\USER\Documents\GitHub\Globe-Wallet\lib\services\rates.service.ts:21:17)
          at getExchangeRates (C:\Users\USER\Documents\GitHub\Globe-Wallet\app\convert\page.tsx:40:49)
          at fetchRates (C:\Users\USER\Documents\GitHub\Globe-Wallet\app\convert\page.tsx:54:5)
          at Object.react_stack_bottom_frame (C:\Users\USER\Documents\GitHub\Globe-Wallet\node_modules\react-dom\cjs\react-dom-client.development.js:25989:20)
          at runWithFiberInDEV (C:\Users\USER\Documents\GitHub\Globe-Wallet\node_modules\react-dom\cjs\react-dom-client.development.js:874:13)
          at commitHookEffectListMount (C:\Users\USER\Documents\GitHub\Globe-Wallet\node_modules\react-dom\cjs\react-dom-client.development.js:13249:29)
          at commitHookPassiveMountEffects (C:\Users\USER\Documents\GitHub\Globe-Wallet\node_modules\react-dom\cjs\react-dom-client.development.js:13336:11)
          at commitPassiveMountOnFiber (C:\Users\USER\Documents\GitHub\Globe-Wallet\node_modules\react-dom\cjs\react-dom-client.development.js:15484:13)
          at recursivelyTraversePassiveMountEffects (C:\Users\USER\Documents\GitHub\Globe-Wallet\node_modules\react-dom\cjs\react-dom-client.development.js:15439:11)
          at commitPassiveMountOnFiber (C:\Users\USER\Documents\GitHub\Globe-Wallet\node_modules\react-dom\cjs\react-dom-client.development.js:15519:11)
          at flushPassiveEffects (C:\Users\USER\Documents\GitHub\Globe-Wallet\node_modules\react-dom\cjs\react-dom-client.development.js:18432:9)
          at flushPendingEffects (C:\Users\USER\Documents\GitHub\Globe-Wallet\node_modules\react-dom\cjs\react-dom-client.development.js:18358:14)
          at performSyncWorkOnRoot (C:\Users\USER\Documents\GitHub\Globe-Wallet\node_modules\react-dom\cjs\react-dom-client.development.js:18969:11)
          at flushSyncWorkAcrossRoots_impl (C:\Users\USER\Documents\GitHub\Globe-Wallet\node_modules\react-dom\cjs\react-dom-client.development.js:18814:21)
          at flushSpawnedWork (C:\Users\USER\Documents\GitHub\Globe-Wallet\node_modules\react-dom\cjs\react-dom-client.development.js:18334:9)
          at commitRoot (C:\Users\USER\Documents\GitHub\Globe-Wallet\node_modules\react-dom\cjs\react-dom-client.development.js:17955:9)
          at performWorkOnRoot (C:\Users\USER\Documents\GitHub\Globe-Wallet\node_modules\react-dom\cjs\react-dom-client.development.js:16667:15)
          at performWorkOnRootViaSchedulerTask (C:\Users\USER\Documents\GitHub\Globe-Wallet\node_modules\react-dom\cjs\react-dom-client.development.js:18957:7)
          at flushActQueue (C:\Users\USER\Documents\GitHub\Globe-Wallet\node_modules\react\cjs\react.development.js:590:34)
          at Object.<anonymous>.process.env.NODE_ENV.exports.act (C:\Users\USER\Documents\GitHub\Globe-Wallet\node_modules\react\cjs\react.development.js:884:10)
          at C:\Users\USER\Documents\GitHub\Globe-Wallet\node_modules\@testing-library\react\dist\act-compat.js:46:25
          at renderRoot (C:\Users\USER\Documents\GitHub\Globe-Wallet\node_modules\@testing-library\react\dist\pure.js:189:26)
          at render (C:\Users\USER\Documents\GitHub\Globe-Wallet\node_modules\@testing-library\react\dist\pure.js:291:10)
          at renderPage (C:\Users\USER\Documents\GitHub\Globe-Wallet\tests\component\convert-page.test.tsx:52:16)
          at Object.renderPage (C:\Users\USER\Documents\GitHub\Globe-Wallet\tests\component\convert-page.test.tsx:317:7)
          at Promise.then.completed (C:\Users\USER\Documents\GitHub\Globe-Wallet\node_modules\jest-circus\build\utils.js:298:28)
          at new Promise (<anonymous>)
          at callAsyncCircusFn (C:\Users\USER\Documents\GitHub\Globe-Wallet\node_modules\jest-circus\build\utils.js:231:10)
          at _callCircusTest (C:\Users\USER\Documents\GitHub\Globe-Wallet\node_modules\jest-circus\build\run.js:316:40)
          at _runTest (C:\Users\USER\Documents\GitHub\Globe-Wallet\node_modules\jest-circus\build\run.js:252:3)
          at _runTestsForDescribeBlock (C:\Users\USER\Documents\GitHub\Globe-Wallet\node_modules\jest-circus\build\run.js:126:9)
          at _runTestsForDescribeBlock (C:\Users\USER\Documents\GitHub\Globe-Wallet\node_modules\jest-circus\build\run.js:121:9)
          at _runTestsForDescribeBlock (C:\Users\USER\Documents\GitHub\Globe-Wallet\node_modules\jest-circus\build\run.js:121:9)
          at run (C:\Users\USER\Documents\GitHub\Globe-Wallet\node_modules\jest-circus\build\run.js:71:3)
          at runAndTransformResultsToJestFormat (C:\Users\USER\Documents\GitHub\Globe-Wallet\node_modules\jest-circus\build\legacy-code-todo-rewrite\jestAdapterInit.js:122:21)
          at jestAdapter (C:\Users\USER\Documents\GitHub\Globe-Wallet\node_modules\jest-circus\build\legacy-code-todo-rewrite\jestAdapter.js:79:19)
          at runTestInternal (C:\Users\USER\Documents\GitHub\Globe-Wallet\node_modules\jest-runner\build\runTest.js:367:16)
          at runTest (C:\Users\USER\Documents\GitHub\Globe-Wallet\node_modules\jest-runner\build\runTest.js:444:34)
          at Object.worker (C:\Users\USER\Documents\GitHub\Globe-Wallet\node_modules\jest-runner\build\testWorker.js:106:12)

    [0m [90m 33 |[39m         [36mreturn[39m rates
     [90m 34 |[39m       } [36mcatch[39m (error) {
    [31m[1m>[22m[39m[90m 35 |[39m         console[33m.[39mwarn([32m'[RatesService] Failed to fetch live rates, falling back to mock data'[39m[33m,[39m error)
     [90m    |[39m                 [31m[1m^[22m[39m
     [90m 36 |[39m         [36mreturn[39m [36mthis[39m[33m.[39mgetMockRates([36mfrom[39m[33m,[39m supportedCurrencies)
     [90m 37 |[39m       }
     [90m 38 |[39m     })[0m

      at warn (lib/services/rates.service.ts:35:17)
      at RatesService.withPerformanceTracking (lib/services/base.service.ts:41:20)

    console.debug
      [RatesService] getExchangeRates took 0.00ms

      at RatesService.debug [as withPerformanceTracking] (lib/services/base.service.ts:44:21)

    console.warn
      [RatesService] Failed to fetch live rates, falling back to mock data ReferenceError: fetch is not defined
          at RatesService.fetchLiveRates (C:\Users\USER\Documents\GitHub\Globe-Wallet\lib\services\rates.service.ts:70:22)
          at fetchLiveRates (C:\Users\USER\Documents\GitHub\Globe-Wallet\lib\services\rates.service.ts:31:34)
          at RatesService.operation [as withPerformanceTracking] (C:\Users\USER\Documents\GitHub\Globe-Wallet\lib\services\base.service.ts:41:26)
          at RatesService.withPerformanceTracking [as getExchangeRates] (C:\Users\USER\Documents\GitHub\Globe-Wallet\lib\services\rates.service.ts:21:17)
          at getExchangeRates (C:\Users\USER\Documents\GitHub\Globe-Wallet\app\convert\page.tsx:40:49)
          at fetchRates (C:\Users\USER\Documents\GitHub\Globe-Wallet\app\convert\page.tsx:54:5)
          at Object.react_stack_bottom_frame (C:\Users\USER\Documents\GitHub\Globe-Wallet\node_modules\react-dom\cjs\react-dom-client.development.js:25989:20)
          at runWithFiberInDEV (C:\Users\USER\Documents\GitHub\Globe-Wallet\node_modules\react-dom\cjs\react-dom-client.development.js:874:13)
          at commitHookEffectListMount (C:\Users\USER\Documents\GitHub\Globe-Wallet\node_modules\react-dom\cjs\react-dom-client.development.js:13249:29)
          at commitHookPassiveMountEffects (C:\Users\USER\Documents\GitHub\Globe-Wallet\node_modules\react-dom\cjs\react-dom-client.development.js:13336:11)
          at commitPassiveMountOnFiber (C:\Users\USER\Documents\GitHub\Globe-Wallet\node_modules\react-dom\cjs\react-dom-client.development.js:15484:13)
          at recursivelyTraversePassiveMountEffects (C:\Users\USER\Documents\GitHub\Globe-Wallet\node_modules\react-dom\cjs\react-dom-client.development.js:15439:11)
          at commitPassiveMountOnFiber (C:\Users\USER\Documents\GitHub\Globe-Wallet\node_modules\react-dom\cjs\react-dom-client.development.js:15519:11)
          at flushPassiveEffects (C:\Users\USER\Documents\GitHub\Globe-Wallet\node_modules\react-dom\cjs\react-dom-client.development.js:18432:9)
          at flushPendingEffects (C:\Users\USER\Documents\GitHub\Globe-Wallet\node_modules\react-dom\cjs\react-dom-client.development.js:18358:14)
          at performSyncWorkOnRoot (C:\Users\USER\Documents\GitHub\Globe-Wallet\node_modules\react-dom\cjs\react-dom-client.development.js:18969:11)
          at flushSyncWorkAcrossRoots_impl (C:\Users\USER\Documents\GitHub\Globe-Wallet\node_modules\react-dom\cjs\react-dom-client.development.js:18814:21)
          at flushSpawnedWork (C:\Users\USER\Documents\GitHub\Globe-Wallet\node_modules\react-dom\cjs\react-dom-client.development.js:18334:9)
          at commitRoot (C:\Users\USER\Documents\GitHub\Globe-Wallet\node_modules\react-dom\cjs\react-dom-client.development.js:17955:9)
          at performWorkOnRoot (C:\Users\USER\Documents\GitHub\Globe-Wallet\node_modules\react-dom\cjs\react-dom-client.development.js:16667:15)
          at performWorkOnRootViaSchedulerTask (C:\Users\USER\Documents\GitHub\Globe-Wallet\node_modules\react-dom\cjs\react-dom-client.development.js:18957:7)
          at flushActQueue (C:\Users\USER\Documents\GitHub\Globe-Wallet\node_modules\react\cjs\react.development.js:590:34)
          at Object.<anonymous>.process.env.NODE_ENV.exports.act (C:\Users\USER\Documents\GitHub\Globe-Wallet\node_modules\react\cjs\react.development.js:884:10)
          at C:\Users\USER\Documents\GitHub\Globe-Wallet\node_modules\@testing-library\react\dist\act-compat.js:46:25
          at renderRoot (C:\Users\USER\Documents\GitHub\Globe-Wallet\node_modules\@testing-library\react\dist\pure.js:189:26)
          at render (C:\Users\USER\Documents\GitHub\Globe-Wallet\node_modules\@testing-library\react\dist\pure.js:291:10)
          at renderPage (C:\Users\USER\Documents\GitHub\Globe-Wallet\tests\component\convert-page.test.tsx:52:16)
          at Object.renderPage (C:\Users\USER\Documents\GitHub\Globe-Wallet\tests\component\convert-page.test.tsx:336:7)
          at Promise.then.completed (C:\Users\USER\Documents\GitHub\Globe-Wallet\node_modules\jest-circus\build\utils.js:298:28)
          at new Promise (<anonymous>)
          at callAsyncCircusFn (C:\Users\USER\Documents\GitHub\Globe-Wallet\node_modules\jest-circus\build\utils.js:231:10)
          at _callCircusTest (C:\Users\USER\Documents\GitHub\Globe-Wallet\node_modules\jest-circus\build\run.js:316:40)
          at _runTest (C:\Users\USER\Documents\GitHub\Globe-Wallet\node_modules\jest-circus\build\run.js:252:3)
          at _runTestsForDescribeBlock (C:\Users\USER\Documents\GitHub\Globe-Wallet\node_modules\jest-circus\build\run.js:126:9)
          at _runTestsForDescribeBlock (C:\Users\USER\Documents\GitHub\Globe-Wallet\node_modules\jest-circus\build\run.js:121:9)
          at _runTestsForDescribeBlock (C:\Users\USER\Documents\GitHub\Globe-Wallet\node_modules\jest-circus\build\run.js:121:9)
          at run (C:\Users\USER\Documents\GitHub\Globe-Wallet\node_modules\jest-circus\build\run.js:71:3)
          at runAndTransformResultsToJestFormat (C:\Users\USER\Documents\GitHub\Globe-Wallet\node_modules\jest-circus\build\legacy-code-todo-rewrite\jestAdapterInit.js:122:21)
          at jestAdapter (C:\Users\USER\Documents\GitHub\Globe-Wallet\node_modules\jest-circus\build\legacy-code-todo-rewrite\jestAdapter.js:79:19)
          at runTestInternal (C:\Users\USER\Documents\GitHub\Globe-Wallet\node_modules\jest-runner\build\runTest.js:367:16)
          at runTest (C:\Users\USER\Documents\GitHub\Globe-Wallet\node_modules\jest-runner\build\runTest.js:444:34)
          at Object.worker (C:\Users\USER\Documents\GitHub\Globe-Wallet\node_modules\jest-runner\build\testWorker.js:106:12)

    [0m [90m 33 |[39m         [36mreturn[39m rates
     [90m 34 |[39m       } [36mcatch[39m (error) {
    [31m[1m>[22m[39m[90m 35 |[39m         console[33m.[39mwarn([32m'[RatesService] Failed to fetch live rates, falling back to mock data'[39m[33m,[39m error)
     [90m    |[39m                 [31m[1m^[22m[39m
     [90m 36 |[39m         [36mreturn[39m [36mthis[39m[33m.[39mgetMockRates([36mfrom[39m[33m,[39m supportedCurrencies)
     [90m 37 |[39m       }
     [90m 38 |[39m     })[0m

      at warn (lib/services/rates.service.ts:35:17)
      at RatesService.withPerformanceTracking (lib/services/base.service.ts:41:20)

    console.debug
      [RatesService] getExchangeRates took 0.00ms

      at RatesService.debug [as withPerformanceTracking] (lib/services/base.service.ts:44:21)

    console.error
      An update to ConvertPage inside a test was not wrapped in act(...).
      
      When testing, code that causes React state updates should be wrapped into act(...):
      
      act(() => {
        /* fire events that update state */
      });
      /* assert on the output */
      
      This ensures that you're testing the behavior the user would see in the browser. Learn more at https://react.dev/link/wrap-tests-with-act

    [0m [90m 42 |[39m           toCurrency[33m,[39m
     [90m 43 |[39m         ])
    [31m[1m>[22m[39m[90m 44 |[39m         setRates(fetchedRates)
     [90m    |[39m         [31m[1m^[22m[39m
     [90m 45 |[39m       } [36mcatch[39m (error) {
     [90m 46 |[39m         [36mconst[39m message [33m=[39m error [36minstanceof[39m [33mError[39m [33m?[39m error[33m.[39mmessage [33m:[39m [32m"Failed to load exchange rates"[39m
     [90m 47 |[39m         setRatesError(message)[0m

      at node_modules/react-dom/cjs/react-dom-client.development.js:18758:19
      at runWithFiberInDEV (node_modules/react-dom/cjs/react-dom-client.development.js:874:13)
      at warnIfUpdatesNotWrappedWithActDEV (node_modules/react-dom/cjs/react-dom-client.development.js:18757:9)
      at scheduleUpdateOnFiber (node_modules/react-dom/cjs/react-dom-client.development.js:16409:11)
      at dispatchSetStateInternal (node_modules/react-dom/cjs/react-dom-client.development.js:9170:13)
      at dispatchSetState (node_modules/react-dom/cjs/react-dom-client.development.js:9127:7)
      at setRates (app/convert/page.tsx:44:9)

    console.error
      An update to ConvertPage inside a test was not wrapped in act(...).
      
      When testing, code that causes React state updates should be wrapped into act(...):
      
      act(() => {
        /* fire events that update state */
      });
      /* assert on the output */
      
      This ensures that you're testing the behavior the user would see in the browser. Learn more at https://react.dev/link/wrap-tests-with-act

    [0m [90m 48 |[39m         toast[33m.[39merror([32m"Could not load exchange rates, using cached rates"[39m)
     [90m 49 |[39m       } [36mfinally[39m {
    [31m[1m>[22m[39m[90m 50 |[39m         setIsLoadingRates([36mfalse[39m)
     [90m    |[39m         [31m[1m^[22m[39m
     [90m 51 |[39m       }
     [90m 52 |[39m     }
     [90m 53 |[39m[0m

      at node_modules/react-dom/cjs/react-dom-client.development.js:18758:19
      at runWithFiberInDEV (node_modules/react-dom/cjs/react-dom-client.development.js:874:13)
      at warnIfUpdatesNotWrappedWithActDEV (node_modules/react-dom/cjs/react-dom-client.development.js:18757:9)
      at scheduleUpdateOnFiber (node_modules/react-dom/cjs/react-dom-client.development.js:16409:11)
      at dispatchSetStateInternal (node_modules/react-dom/cjs/react-dom-client.development.js:9170:13)
      at dispatchSetState (node_modules/react-dom/cjs/react-dom-client.development.js:9127:7)
      at setIsLoadingRates (app/convert/page.tsx:50:9)

    console.warn
      [RatesService] Failed to fetch live rates, falling back to mock data ReferenceError: fetch is not defined
          at RatesService.fetchLiveRates (C:\Users\USER\Documents\GitHub\Globe-Wallet\lib\services\rates.service.ts:70:22)
          at fetchLiveRates (C:\Users\USER\Documents\GitHub\Globe-Wallet\lib\services\rates.service.ts:31:34)
          at RatesService.operation [as withPerformanceTracking] (C:\Users\USER\Documents\GitHub\Globe-Wallet\lib\services\base.service.ts:41:26)
          at RatesService.withPerformanceTracking [as getExchangeRates] (C:\Users\USER\Documents\GitHub\Globe-Wallet\lib\services\rates.service.ts:21:17)
          at getExchangeRates (C:\Users\USER\Documents\GitHub\Globe-Wallet\app\convert\page.tsx:40:49)
          at fetchRates (C:\Users\USER\Documents\GitHub\Globe-Wallet\app\convert\page.tsx:54:5)
          at Object.react_stack_bottom_frame (C:\Users\USER\Documents\GitHub\Globe-Wallet\node_modules\react-dom\cjs\react-dom-client.development.js:25989:20)
          at runWithFiberInDEV (C:\Users\USER\Documents\GitHub\Globe-Wallet\node_modules\react-dom\cjs\react-dom-client.development.js:874:13)
          at commitHookEffectListMount (C:\Users\USER\Documents\GitHub\Globe-Wallet\node_modules\react-dom\cjs\react-dom-client.development.js:13249:29)
          at commitHookPassiveMountEffects (C:\Users\USER\Documents\GitHub\Globe-Wallet\node_modules\react-dom\cjs\react-dom-client.development.js:13336:11)
          at commitPassiveMountOnFiber (C:\Users\USER\Documents\GitHub\Globe-Wallet\node_modules\react-dom\cjs\react-dom-client.development.js:15484:13)
          at recursivelyTraversePassiveMountEffects (C:\Users\USER\Documents\GitHub\Globe-Wallet\node_modules\react-dom\cjs\react-dom-client.development.js:15439:11)
          at commitPassiveMountOnFiber (C:\Users\USER\Documents\GitHub\Globe-Wallet\node_modules\react-dom\cjs\react-dom-client.development.js:15519:11)
          at flushPassiveEffects (C:\Users\USER\Documents\GitHub\Globe-Wallet\node_modules\react-dom\cjs\react-dom-client.development.js:18432:9)
          at flushPendingEffects (C:\Users\USER\Documents\GitHub\Globe-Wallet\node_modules\react-dom\cjs\react-dom-client.development.js:18358:14)
          at performSyncWorkOnRoot (C:\Users\USER\Documents\GitHub\Globe-Wallet\node_modules\react-dom\cjs\react-dom-client.development.js:18969:11)
          at flushSyncWorkAcrossRoots_impl (C:\Users\USER\Documents\GitHub\Globe-Wallet\node_modules\react-dom\cjs\react-dom-client.development.js:18814:21)
          at flushSpawnedWork (C:\Users\USER\Documents\GitHub\Globe-Wallet\node_modules\react-dom\cjs\react-dom-client.development.js:18334:9)
          at commitRoot (C:\Users\USER\Documents\GitHub\Globe-Wallet\node_modules\react-dom\cjs\react-dom-client.development.js:17955:9)
          at performWorkOnRoot (C:\Users\USER\Documents\GitHub\Globe-Wallet\node_modules\react-dom\cjs\react-dom-client.development.js:16667:15)
          at performWorkOnRootViaSchedulerTask (C:\Users\USER\Documents\GitHub\Globe-Wallet\node_modules\react-dom\cjs\react-dom-client.development.js:18957:7)
          at flushActQueue (C:\Users\USER\Documents\GitHub\Globe-Wallet\node_modules\react\cjs\react.development.js:590:34)
          at Object.<anonymous>.process.env.NODE_ENV.exports.act (C:\Users\USER\Documents\GitHub\Globe-Wallet\node_modules\react\cjs\react.development.js:884:10)
          at C:\Users\USER\Documents\GitHub\Globe-Wallet\node_modules\@testing-library\react\dist\act-compat.js:46:25
          at renderRoot (C:\Users\USER\Documents\GitHub\Globe-Wallet\node_modules\@testing-library\react\dist\pure.js:189:26)
          at render (C:\Users\USER\Documents\GitHub\Globe-Wallet\node_modules\@testing-library\react\dist\pure.js:291:10)
          at renderPage (C:\Users\USER\Documents\GitHub\Globe-Wallet\tests\component\convert-page.test.tsx:52:16)
          at Object.renderPage (C:\Users\USER\Documents\GitHub\Globe-Wallet\tests\component\convert-page.test.tsx:342:7)
          at Promise.then.completed (C:\Users\USER\Documents\GitHub\Globe-Wallet\node_modules\jest-circus\build\utils.js:298:28)
          at new Promise (<anonymous>)
          at callAsyncCircusFn (C:\Users\USER\Documents\GitHub\Globe-Wallet\node_modules\jest-circus\build\utils.js:231:10)
          at _callCircusTest (C:\Users\USER\Documents\GitHub\Globe-Wallet\node_modules\jest-circus\build\run.js:316:40)
          at _runTest (C:\Users\USER\Documents\GitHub\Globe-Wallet\node_modules\jest-circus\build\run.js:252:3)
          at _runTestsForDescribeBlock (C:\Users\USER\Documents\GitHub\Globe-Wallet\node_modules\jest-circus\build\run.js:126:9)
          at _runTestsForDescribeBlock (C:\Users\USER\Documents\GitHub\Globe-Wallet\node_modules\jest-circus\build\run.js:121:9)
          at _runTestsForDescribeBlock (C:\Users\USER\Documents\GitHub\Globe-Wallet\node_modules\jest-circus\build\run.js:121:9)
          at run (C:\Users\USER\Documents\GitHub\Globe-Wallet\node_modules\jest-circus\build\run.js:71:3)
          at runAndTransformResultsToJestFormat (C:\Users\USER\Documents\GitHub\Globe-Wallet\node_modules\jest-circus\build\legacy-code-todo-rewrite\jestAdapterInit.js:122:21)
          at jestAdapter (C:\Users\USER\Documents\GitHub\Globe-Wallet\node_modules\jest-circus\build\legacy-code-todo-rewrite\jestAdapter.js:79:19)
          at runTestInternal (C:\Users\USER\Documents\GitHub\Globe-Wallet\node_modules\jest-runner\build\runTest.js:367:16)
          at runTest (C:\Users\USER\Documents\GitHub\Globe-Wallet\node_modules\jest-runner\build\runTest.js:444:34)
          at Object.worker (C:\Users\USER\Documents\GitHub\Globe-Wallet\node_modules\jest-runner\build\testWorker.js:106:12)

    [0m [90m 33 |[39m         [36mreturn[39m rates
     [90m 34 |[39m       } [36mcatch[39m (error) {
    [31m[1m>[22m[39m[90m 35 |[39m         console[33m.[39mwarn([32m'[RatesService] Failed to fetch live rates, falling back to mock data'[39m[33m,[39m error)
     [90m    |[39m                 [31m[1m^[22m[39m
     [90m 36 |[39m         [36mreturn[39m [36mthis[39m[33m.[39mgetMockRates([36mfrom[39m[33m,[39m supportedCurrencies)
     [90m 37 |[39m       }
     [90m 38 |[39m     })[0m

      at warn (lib/services/rates.service.ts:35:17)
      at RatesService.withPerformanceTracking (lib/services/base.service.ts:41:20)

    console.debug
      [RatesService] getExchangeRates took 0.00ms

      at RatesService.debug [as withPerformanceTracking] (lib/services/base.service.ts:44:21)

    console.error
      An update to ConvertPage inside a test was not wrapped in act(...).
      
      When testing, code that causes React state updates should be wrapped into act(...):
      
      act(() => {
        /* fire events that update state */
      });
      /* assert on the output */
      
      This ensures that you're testing the behavior the user would see in the browser. Learn more at https://react.dev/link/wrap-tests-with-act

    [0m [90m 42 |[39m           toCurrency[33m,[39m
     [90m 43 |[39m         ])
    [31m[1m>[22m[39m[90m 44 |[39m         setRates(fetchedRates)
     [90m    |[39m         [31m[1m^[22m[39m
     [90m 45 |[39m       } [36mcatch[39m (error) {
     [90m 46 |[39m         [36mconst[39m message [33m=[39m error [36minstanceof[39m [33mError[39m [33m?[39m error[33m.[39mmessage [33m:[39m [32m"Failed to load exchange rates"[39m
     [90m 47 |[39m         setRatesError(message)[0m

      at node_modules/react-dom/cjs/react-dom-client.development.js:18758:19
      at runWithFiberInDEV (node_modules/react-dom/cjs/react-dom-client.development.js:874:13)
      at warnIfUpdatesNotWrappedWithActDEV (node_modules/react-dom/cjs/react-dom-client.development.js:18757:9)
      at scheduleUpdateOnFiber (node_modules/react-dom/cjs/react-dom-client.development.js:16409:11)
      at dispatchSetStateInternal (node_modules/react-dom/cjs/react-dom-client.development.js:9170:13)
      at dispatchSetState (node_modules/react-dom/cjs/react-dom-client.development.js:9127:7)
      at setRates (app/convert/page.tsx:44:9)

    console.error
      An update to ConvertPage inside a test was not wrapped in act(...).
      
      When testing, code that causes React state updates should be wrapped into act(...):
      
      act(() => {
        /* fire events that update state */
      });
      /* assert on the output */
      
      This ensures that you're testing the behavior the user would see in the browser. Learn more at https://react.dev/link/wrap-tests-with-act

    [0m [90m 48 |[39m         toast[33m.[39merror([32m"Could not load exchange rates, using cached rates"[39m)
     [90m 49 |[39m       } [36mfinally[39m {
    [31m[1m>[22m[39m[90m 50 |[39m         setIsLoadingRates([36mfalse[39m)
     [90m    |[39m         [31m[1m^[22m[39m
     [90m 51 |[39m       }
     [90m 52 |[39m     }
     [90m 53 |[39m[0m

      at node_modules/react-dom/cjs/react-dom-client.development.js:18758:19
      at runWithFiberInDEV (node_modules/react-dom/cjs/react-dom-client.development.js:874:13)
      at warnIfUpdatesNotWrappedWithActDEV (node_modules/react-dom/cjs/react-dom-client.development.js:18757:9)
      at scheduleUpdateOnFiber (node_modules/react-dom/cjs/react-dom-client.development.js:16409:11)
      at dispatchSetStateInternal (node_modules/react-dom/cjs/react-dom-client.development.js:9170:13)
      at dispatchSetState (node_modules/react-dom/cjs/react-dom-client.development.js:9127:7)
      at setIsLoadingRates (app/convert/page.tsx:50:9)

    console.warn
      [RatesService] Failed to fetch live rates, falling back to mock data ReferenceError: fetch is not defined
          at RatesService.fetchLiveRates (C:\Users\USER\Documents\GitHub\Globe-Wallet\lib\services\rates.service.ts:70:22)
          at fetchLiveRates (C:\Users\USER\Documents\GitHub\Globe-Wallet\lib\services\rates.service.ts:31:34)
          at RatesService.operation [as withPerformanceTracking] (C:\Users\USER\Documents\GitHub\Globe-Wallet\lib\services\base.service.ts:41:26)
          at RatesService.withPerformanceTracking [as getExchangeRates] (C:\Users\USER\Documents\GitHub\Globe-Wallet\lib\services\rates.service.ts:21:17)
          at getExchangeRates (C:\Users\USER\Documents\GitHub\Globe-Wallet\app\convert\page.tsx:40:49)
          at fetchRates (C:\Users\USER\Documents\GitHub\Globe-Wallet\app\convert\page.tsx:54:5)
          at Object.react_stack_bottom_frame (C:\Users\USER\Documents\GitHub\Globe-Wallet\node_modules\react-dom\cjs\react-dom-client.development.js:25989:20)
          at runWithFiberInDEV (C:\Users\USER\Documents\GitHub\Globe-Wallet\node_modules\react-dom\cjs\react-dom-client.development.js:874:13)
          at commitHookEffectListMount (C:\Users\USER\Documents\GitHub\Globe-Wallet\node_modules\react-dom\cjs\react-dom-client.development.js:13249:29)
          at commitHookPassiveMountEffects (C:\Users\USER\Documents\GitHub\Globe-Wallet\node_modules\react-dom\cjs\react-dom-client.development.js:13336:11)
          at commitPassiveMountOnFiber (C:\Users\USER\Documents\GitHub\Globe-Wallet\node_modules\react-dom\cjs\react-dom-client.development.js:15484:13)
          at recursivelyTraversePassiveMountEffects (C:\Users\USER\Documents\GitHub\Globe-Wallet\node_modules\react-dom\cjs\react-dom-client.development.js:15439:11)
          at commitPassiveMountOnFiber (C:\Users\USER\Documents\GitHub\Globe-Wallet\node_modules\react-dom\cjs\react-dom-client.development.js:15519:11)
          at flushPassiveEffects (C:\Users\USER\Documents\GitHub\Globe-Wallet\node_modules\react-dom\cjs\react-dom-client.development.js:18432:9)
          at flushPendingEffects (C:\Users\USER\Documents\GitHub\Globe-Wallet\node_modules\react-dom\cjs\react-dom-client.development.js:18358:14)
          at performSyncWorkOnRoot (C:\Users\USER\Documents\GitHub\Globe-Wallet\node_modules\react-dom\cjs\react-dom-client.development.js:18969:11)
          at flushSyncWorkAcrossRoots_impl (C:\Users\USER\Documents\GitHub\Globe-Wallet\node_modules\react-dom\cjs\react-dom-client.development.js:18814:21)
          at flushSpawnedWork (C:\Users\USER\Documents\GitHub\Globe-Wallet\node_modules\react-dom\cjs\react-dom-client.development.js:18334:9)
          at commitRoot (C:\Users\USER\Documents\GitHub\Globe-Wallet\node_modules\react-dom\cjs\react-dom-client.development.js:17955:9)
          at performWorkOnRoot (C:\Users\USER\Documents\GitHub\Globe-Wallet\node_modules\react-dom\cjs\react-dom-client.development.js:16667:15)
          at performWorkOnRootViaSchedulerTask (C:\Users\USER\Documents\GitHub\Globe-Wallet\node_modules\react-dom\cjs\react-dom-client.development.js:18957:7)
          at flushActQueue (C:\Users\USER\Documents\GitHub\Globe-Wallet\node_modules\react\cjs\react.development.js:590:34)
          at Object.<anonymous>.process.env.NODE_ENV.exports.act (C:\Users\USER\Documents\GitHub\Globe-Wallet\node_modules\react\cjs\react.development.js:884:10)
          at C:\Users\USER\Documents\GitHub\Globe-Wallet\node_modules\@testing-library\react\dist\act-compat.js:46:25
          at renderRoot (C:\Users\USER\Documents\GitHub\Globe-Wallet\node_modules\@testing-library\react\dist\pure.js:189:26)
          at render (C:\Users\USER\Documents\GitHub\Globe-Wallet\node_modules\@testing-library\react\dist\pure.js:291:10)
          at renderPage (C:\Users\USER\Documents\GitHub\Globe-Wallet\tests\component\convert-page.test.tsx:52:16)
          at Object.renderPage (C:\Users\USER\Documents\GitHub\Globe-Wallet\tests\component\convert-page.test.tsx:349:7)
          at Promise.then.completed (C:\Users\USER\Documents\GitHub\Globe-Wallet\node_modules\jest-circus\build\utils.js:298:28)
          at new Promise (<anonymous>)
          at callAsyncCircusFn (C:\Users\USER\Documents\GitHub\Globe-Wallet\node_modules\jest-circus\build\utils.js:231:10)
          at _callCircusTest (C:\Users\USER\Documents\GitHub\Globe-Wallet\node_modules\jest-circus\build\run.js:316:40)
          at _runTest (C:\Users\USER\Documents\GitHub\Globe-Wallet\node_modules\jest-circus\build\run.js:252:3)
          at _runTestsForDescribeBlock (C:\Users\USER\Documents\GitHub\Globe-Wallet\node_modules\jest-circus\build\run.js:126:9)
          at _runTestsForDescribeBlock (C:\Users\USER\Documents\GitHub\Globe-Wallet\node_modules\jest-circus\build\run.js:121:9)
          at _runTestsForDescribeBlock (C:\Users\USER\Documents\GitHub\Globe-Wallet\node_modules\jest-circus\build\run.js:121:9)
          at run (C:\Users\USER\Documents\GitHub\Globe-Wallet\node_modules\jest-circus\build\run.js:71:3)
          at runAndTransformResultsToJestFormat (C:\Users\USER\Documents\GitHub\Globe-Wallet\node_modules\jest-circus\build\legacy-code-todo-rewrite\jestAdapterInit.js:122:21)
          at jestAdapter (C:\Users\USER\Documents\GitHub\Globe-Wallet\node_modules\jest-circus\build\legacy-code-todo-rewrite\jestAdapter.js:79:19)
          at runTestInternal (C:\Users\USER\Documents\GitHub\Globe-Wallet\node_modules\jest-runner\build\runTest.js:367:16)
          at runTest (C:\Users\USER\Documents\GitHub\Globe-Wallet\node_modules\jest-runner\build\runTest.js:444:34)
          at Object.worker (C:\Users\USER\Documents\GitHub\Globe-Wallet\node_modules\jest-runner\build\testWorker.js:106:12)

    [0m [90m 33 |[39m         [36mreturn[39m rates
     [90m 34 |[39m       } [36mcatch[39m (error) {
    [31m[1m>[22m[39m[90m 35 |[39m         console[33m.[39mwarn([32m'[RatesService] Failed to fetch live rates, falling back to mock data'[39m[33m,[39m error)
     [90m    |[39m                 [31m[1m^[22m[39m
     [90m 36 |[39m         [36mreturn[39m [36mthis[39m[33m.[39mgetMockRates([36mfrom[39m[33m,[39m supportedCurrencies)
     [90m 37 |[39m       }
     [90m 38 |[39m     })[0m

      at warn (lib/services/rates.service.ts:35:17)
      at RatesService.withPerformanceTracking (lib/services/base.service.ts:41:20)

    console.debug
      [RatesService] getExchangeRates took 0.00ms

      at RatesService.debug [as withPerformanceTracking] (lib/services/base.service.ts:44:21)

    console.error
      An update to ConvertPage inside a test was not wrapped in act(...).
      
      When testing, code that causes React state updates should be wrapped into act(...):
      
      act(() => {
        /* fire events that update state */
      });
      /* assert on the output */
      
      This ensures that you're testing the behavior the user would see in the browser. Learn more at https://react.dev/link/wrap-tests-with-act

    [0m [90m 42 |[39m           toCurrency[33m,[39m
     [90m 43 |[39m         ])
    [31m[1m>[22m[39m[90m 44 |[39m         setRates(fetchedRates)
     [90m    |[39m         [31m[1m^[22m[39m
     [90m 45 |[39m       } [36mcatch[39m (error) {
     [90m 46 |[39m         [36mconst[39m message [33m=[39m error [36minstanceof[39m [33mError[39m [33m?[39m error[33m.[39mmessage [33m:[39m [32m"Failed to load exchange rates"[39m
     [90m 47 |[39m         setRatesError(message)[0m

      at node_modules/react-dom/cjs/react-dom-client.development.js:18758:19
      at runWithFiberInDEV (node_modules/react-dom/cjs/react-dom-client.development.js:874:13)
      at warnIfUpdatesNotWrappedWithActDEV (node_modules/react-dom/cjs/react-dom-client.development.js:18757:9)
      at scheduleUpdateOnFiber (node_modules/react-dom/cjs/react-dom-client.development.js:16409:11)
      at dispatchSetStateInternal (node_modules/react-dom/cjs/react-dom-client.development.js:9170:13)
      at dispatchSetState (node_modules/react-dom/cjs/react-dom-client.development.js:9127:7)
      at setRates (app/convert/page.tsx:44:9)

    console.error
      An update to ConvertPage inside a test was not wrapped in act(...).
      
      When testing, code that causes React state updates should be wrapped into act(...):
      
      act(() => {
        /* fire events that update state */
      });
      /* assert on the output */
      
      This ensures that you're testing the behavior the user would see in the browser. Learn more at https://react.dev/link/wrap-tests-with-act

    [0m [90m 48 |[39m         toast[33m.[39merror([32m"Could not load exchange rates, using cached rates"[39m)
     [90m 49 |[39m       } [36mfinally[39m {
    [31m[1m>[22m[39m[90m 50 |[39m         setIsLoadingRates([36mfalse[39m)
     [90m    |[39m         [31m[1m^[22m[39m
     [90m 51 |[39m       }
     [90m 52 |[39m     }
     [90m 53 |[39m[0m

      at node_modules/react-dom/cjs/react-dom-client.development.js:18758:19
      at runWithFiberInDEV (node_modules/react-dom/cjs/react-dom-client.development.js:874:13)
      at warnIfUpdatesNotWrappedWithActDEV (node_modules/react-dom/cjs/react-dom-client.development.js:18757:9)
      at scheduleUpdateOnFiber (node_modules/react-dom/cjs/react-dom-client.development.js:16409:11)
      at dispatchSetStateInternal (node_modules/react-dom/cjs/react-dom-client.development.js:9170:13)
      at dispatchSetState (node_modules/react-dom/cjs/react-dom-client.development.js:9127:7)
      at setIsLoadingRates (app/convert/page.tsx:50:9)

  ● Convert Page › initial render › renders the exchange rate card with XLM → USDC as default

    TestingLibraryElementError: Unable to find an element with the text: /1 XLM/. This could be because the text is broken up by multiple elements. In this case, you can provide a function for your text matcher to make your matcher more flexible.

    Ignored nodes: comments, script, style
    [36m<body>[39m
      [36m<div>[39m
        [36m<div>[39m
          [36m<div[39m
            [33mclass[39m=[32m"flex items-center gap-4 p-4 pb-2"[39m
          [36m>[39m
            [36m<a[39m
              [33mhref[39m=[32m"/"[39m
            [36m>[39m
              [36m<svg[39m
                [33maria-hidden[39m=[32m"true"[39m
                [33mclass[39m=[32m"lucide lucide-arrow-left h-4 w-4"[39m
                [33mfill[39m=[32m"none"[39m
                [33mheight[39m=[32m"24"[39m
                [33mstroke[39m=[32m"currentColor"[39m
                [33mstroke-linecap[39m=[32m"round"[39m
                [33mstroke-linejoin[39m=[32m"round"[39m
                [33mstroke-width[39m=[32m"2"[39m
                [33mviewBox[39m=[32m"0 0 24 24"[39m
                [33mwidth[39m=[32m"24"[39m
                [33mxmlns[39m=[32m"http://www.w3.org/2000/svg"[39m
              [36m>[39m
                [36m<path[39m
                  [33md[39m=[32m"m12 19-7-7 7-7"[39m
                [36m/>[39m
                [36m<path[39m
                  [33md[39m=[32m"M19 12H5"[39m
                [36m/>[39m
              [36m</svg>[39m
            [36m</a>[39m
            [36m<h1[39m
              [33mclass[39m=[32m"text-lg font-semibold"[39m
            [36m>[39m
              [0mConvert[0m
            [36m</h1>[39m
          [36m</div>[39m
          [36m<div[39m
            [33mclass[39m=[32m"px-4 pb-4 space-y-4"[39m
          [36m>[39m
            [36m<div[39m
              [33mclass[39m=[32m"bg-card text-card-foreground flex flex-col gap-6 rounded-xl border shadow-sm p-4"[39m
              [33mdata-slot[39m=[32m"card"[39m
            [36m>[39m
              [36m<div[39m
                [33mclass[39m=[32m"text-sm text-muted-foreground"[39m
              [36m>[39m
                [0mLoading exchange rates...[0m
              [36m</div>[39m
            [36m</div>[39m
            [36m<div[39m
              [33mclass[39m=[32m"bg-card text-card-foreground flex flex-col gap-6 rounded-xl border shadow-sm p-6"[39m
              [33mdata-slot[39m=[32m"card"[39m
            [36m>[39m
              [36m<div[39m
                [33mclass[39m=[32m"space-y-4"[39m
              [36m>[39m
                [36m<div[39m
                  [33mclass[39m=[32m"space-y-2"[39m
                [36m>[39m
                  [36m<div[39m
                    [33mclass[39m=[32m"flex items-center justify-between"[39m
                  [36m>[39m
                    [36m<label[39m
                      [33mclass[39m=[32m"flex items-center gap-2 text-sm leading-none font-medium select-none group-data-[disabled=true]:pointer-events-none group-data-[disabled=true]:opacity-50 peer-disabled:cursor-not-allowed peer-disabled:opacity-50"[39m
                      [33mdata-slot[39m=[32m"label"[39m
                    [36m>[39m
                      [0mFrom[0m
                    [36m</label>[39m
                    [36m<span[39m
                      [33mclass[39m=[32m"text-xs text-muted-foreground"[39m
                    [36m>[39m
                      [0mBalance: [0m
                      [0m1250.45[0m
                      [0m [0m
                      [0mXLM[0m
                    [36m</span>[39m
                  [36m</div>[39m
                  [36m<div[39m
                    [33mclass[39m=[32m"flex gap-2"[39m
                  [36m>[39m
                    [36m<div[39m
                      [33mclass[39m=[32m"flex-1"[39m
                    [36m>[39m
                      [36m<div[39m
                        [33mclass[39m=[32m"relative w-full"[39m
                      [36m>[39m
                        [36m<input[39m
                          [33mclass[39m=[32m"file:text-foreground placeholder:text-muted-foreground selection:bg-primary selection:text-primary-foreground dark:bg-input/30 border-input h-10 w-full min-w-0 rounded-md border bg-transparent px-3 py-1 text-base shadow-sm transition-all outline-none file:inline-flex file:h-7 file:border-0 file:bg-transparent file:text-sm file:font-medium disabled:pointer-events-none disabled:cursor-not-allowed disabled:opacity-50 md:text-sm focus-visible:border-primary focus-visible:ring-2 focus-visible:ring-primary/20"[39m
                          [33mdata-slot[39m=[32m"input"[39m
                          [33mid[39m=[32m"_r_a_"[39m
                          [33mplaceholder[39m=[32m"0.00"[39m
                          [33mtype[39m=[32m"number"[39m
                          [33mvalue[39m=[32m""[39m
                        [36m/>[39m
                      [36m</div>[39m
                    [36m</div>[39m
                    [36m<button[39m
                      [33maria-autocomplete[39m=[32m"none"[39m
                      [33maria-controls[39m=[32m"radix-_r_b_"[39m
                      [33maria-expanded[39m=[32m"false"[39m
                      [33maria-label[39m=[32m"From currency"[39m
                      [33mclass[39m=[32m"border-input data-[placeholder]:text-muted-foreground [&_svg:not([class*='text-'])]:text-muted-foreground focus-visible:border-ring focus-visible:ring-ring/50 aria-invalid:ring-destructive/20 dark:aria-invalid:ring-destructive/40 aria-invalid:border-destructive dark:bg-input/30 dark:hover:bg-input/50 flex items-center justify-between gap-2 rounded-md border bg-transparent px-3 py-2 text-sm whitespace-nowrap shadow-xs transition-[color,box-shadow] outline-none focus-visible:ring-[3px] disabled:cursor-not-allowed disabled:opacity-50 data-[size=default]:h-9 data-[size=sm]:h-8 *:data-[slot=select-value]:line-clamp-1 *:data-[slot=select-value]:flex *:data-[slot=select-value]:items-center *:data-[slot=select-value]:gap-2 [&_svg]:pointer-events-none [&_svg]:shrink-0 [&_svg:not([class*='size-'])]:size-4 w-24"[39m
                      [33mdata-size[39m=[32m"default"[39m
                      [33mdata-slot[39m=[32m"select-trigger"[39m
                      [33mdata-state[39m=[32m"closed"[39m
                      [33mdir[39m=[32m"ltr"[39m
                      [33mrole[39m=[32m"combobox"[39m
                      [33mtype[39m=[32m"button"[39m
                    [36m>[39m
                      [36m<span[39m
                        [33mdata-slot[39m=[32m"select-value"[39m
                        [33mstyle[39m=[32m"pointer-events: none;"[39m
                      [36m>[39m
                        [0mXLM[0m
                      [36m</span>[39m
                      [36m<svg[39m
                        [33maria-hidden[39m=[32m"true"[39m
                        [33mclass[39m=[32m"lucide lucide-chevron-down size-4 opacity-50"[39m
                        [33mfill[39m=[32m"none"[39m
                        [33mheight[39m=[32m"24"[39m
                        [33mstroke[39m=[32m"currentColor"[39m
                        [33mstroke-linecap[39m=[32m"round"[39m
                        [33mstroke-linejoin[39m=[32m"round"[39m
                        [33mstroke-width[39m=[32m"2"[39m
                        [33mviewBox[39m=[32m"0 0 24 24"[39m
                        [33mwidth[39m=[32m"24"[39m
                        [33mxmlns[39m=[32m"http://www.w3.org/2000/svg"[39m
                      [36m>[39m
          ...

    [0m [90m 86 |[39m     it([32m'renders the exchange rate card with XLM → USDC as default'[39m[33m,[39m () [33m=>[39m {
     [90m 87 |[39m       renderPage()
    [31m[1m>[22m[39m[90m 88 |[39m       expect(screen[33m.[39mgetByText([35m/1 XLM/[39m))[33m.[39mtoBeInTheDocument()
     [90m    |[39m                     [31m[1m^[22m[39m
     [90m 89 |[39m     })
     [90m 90 |[39m
     [90m 91 |[39m     it([32m'shows the "From" and "To" labels'[39m[33m,[39m () [33m=>[39m {[0m

      at Object.getElementError (node_modules/@testing-library/dom/dist/config.js:37:19)
      at node_modules/@testing-library/dom/dist/query-helpers.js:76:38
      at node_modules/@testing-library/dom/dist/query-helpers.js:52:17
      at node_modules/@testing-library/dom/dist/query-helpers.js:95:19
      at Object.getByText (tests/component/convert-page.test.tsx:88:21)

  ● Convert Page › from-amount input › calculates to-amount when from-amount is entered

    expect(element).toHaveValue(9.5)

    Expected the element to have value:
      9.5
    Received:
      11.85

    Ignored nodes: comments, script, style
    [36m<html>[39m
      [36m<head />[39m
      [36m<body>[39m
        [36m<div>[39m
          [36m<div>[39m
            [36m<div[39m
              [33mclass[39m=[32m"flex items-center gap-4 p-4 pb-2"[39m
            [36m>[39m
              [36m<a[39m
                [33mhref[39m=[32m"/"[39m
              [36m>[39m
                [36m<svg[39m
                  [33maria-hidden[39m=[32m"true"[39m
                  [33mclass[39m=[32m"lucide lucide-arrow-left h-4 w-4"[39m
                  [33mfill[39m=[32m"none"[39m
                  [33mheight[39m=[32m"24"[39m
                  [33mstroke[39m=[32m"currentColor"[39m
                  [33mstroke-linecap[39m=[32m"round"[39m
                  [33mstroke-linejoin[39m=[32m"round"[39m
                  [33mstroke-width[39m=[32m"2"[39m
                  [33mviewBox[39m=[32m"0 0 24 24"[39m
                  [33mwidth[39m=[32m"24"[39m
                  [33mxmlns[39m=[32m"http://www.w3.org/2000/svg"[39m
                [36m>[39m
                  [36m<path[39m
                    [33md[39m=[32m"m12 19-7-7 7-7"[39m
                  [36m/>[39m
                  [36m<path[39m
                    [33md[39m=[32m"M19 12H5"[39m
                  [36m/>[39m
                [36m</svg>[39m
              [36m</a>[39m
              [36m<h1[39m
                [33mclass[39m=[32m"text-lg font-semibold"[39m
              [36m>[39m
                [0mConvert[0m
              [36m</h1>[39m
            [36m</div>[39m
            [36m<div[39m
              [33mclass[39m=[32m"px-4 pb-4 space-y-4"[39m
            [36m>[39m
              [36m<div[39m
                [33mclass[39m=[32m"bg-card text-card-foreground flex flex-col gap-6 rounded-xl border shadow-sm p-4"[39m
                [33mdata-slot[39m=[32m"card"[39m
              [36m>[39m
                [36m<div[39m
                  [33mclass[39m=[32m"flex items-center justify-between"[39m
                [36m>[39m
                  [36m<div>[39m
                    [36m<div[39m
                      [33mclass[39m=[32m"flex items-center gap-2"[39m
                    [36m>[39m
                      [36m<span[39m
                        [33mclass[39m=[32m"text-sm font-medium"[39m
                      [36m>[39m
                        [0m1 [0m
                        [0mXLM[0m
                        [0m = [0m
                        [0m0.118500[0m
                        [0m [0m
                        [0mUSDC[0m
                      [36m</span>[39m
                      [36m<svg[39m
                        [33mclass[39m=[32m"lucide lucide-trending-up h-4 w-4 text-green-500"[39m
                        [33mfill[39m=[32m"none"[39m
                        [33mheight[39m=[32m"24"[39m
                        [33mstroke[39m=[32m"currentColor"[39m
                        [33mstroke-linecap[39m=[32m"round"[39m
                        [33mstroke-linejoin[39m=[32m"round"[39m
                        [33mstroke-width[39m=[32m"2"[39m
                        [33mviewBox[39m=[32m"0 0 24 24"[39m
                        [33mwidth[39m=[32m"24"[39m
                        [33mxmlns[39m=[32m"http://www.w3.org/2000/svg"[39m
                      [36m>[39m
                        [36m<polyline[39m
                          [33mpoints[39m=[32m"22 7 13.5 15.5 8.5 10.5 2 17"[39m
                        [36m/>[39m
                        [36m<polyline[39m
                          [33mpoints[39m=[32m"16 7 22 7 22 13"[39m
                        [36m/>[39m
                      [36m</svg>[39m
                    [36m</div>[39m
                  [36m</div>[39m
                [36m</div>[39m
              [36m</div>[39m
              [36m<div[39m
                [33mclass[39m=[32m"bg-card text-card-foreground flex flex-col gap-6 rounded-xl border shadow-sm p-6"[39m
                [33mdata-slot[39m=[32m"card"[39m
              [36m>[39m
                [36m<div[39m
                  [33mclass[39m=[32m"space-y-4"[39m
                [36m>[39m
                  [36m<div[39m
                    [33mclass[39m=[32m"space-y-2"[39m
                  [36m>[39m
                    [36m<div[39m
                      [33mclass[39m=[32m"flex items-center justify-between"[39m
                    [36m>[39m
                      [36m<label[39m
                        [33mclass[39m=[32m"flex items-center gap-2 text-sm leading-none font-medium select-none group-data-[disabled=true]:pointer-events-none group-data-[disabled=true]:opacity-50 peer-disabled:cursor-not-allowed peer-disabled:opacity-50"[39m
                        [33mdata-slot[39m=[32m"label"[39m
                      [36m>[39m
                        [0mFrom[0m
                      [36m</label>[39m
                      [36m<span[39m
                        [33mclass[39m=[32m"text-xs text-muted-foreground"[39m
                      [36m>[39m
                        [0mBalance: [0m
                        [0m1250.45[0m
                        [0m [0m
                        [0mXLM[0m
                      [36m</span>[39m
                    [36m</div>[39m
                    [36m<div[39m
                      [33mclass[39m=[32m"flex gap-2"[39m
                    [36m>[39m
                      [36m<div[39m
                        [33mclass[39m=[32m"flex-1"[39m
                      [36m>[39m
                        [36m<div[39m
                          [33mclass[39m=[32m"relative w-full"[39m
                        [36m>[39m
                          [36m<input[39m
                            [33mclass[39m=[32m"file:text-foreground placeholder:text-muted-foreground selection:bg-primary selection:text-primary-foreground dark:bg-input/30 border-input h-10 w-full min-w-0 rounded-md border bg-transparent px-3 py-1 text-base shadow-sm transition-all outline-none file:inline-flex file:h-7 file:border-0 file:bg-transparent file:text-sm file:font-medium disabled:pointer-events-none disabled:cursor-not-allowed disabled:opacity-50 md:text-sm focus-visible:border-primary focus-visible:ring-2 focus-visible:ring-primary/20"[39m
                            [33mdata-slot[39m=[32m"input"[39m
                            [33mid[39m=[32m"_r_26_"[39m
                            [33mplaceholder[39m=[32m"0.00"[39m
                            [33mtype[39m=[32m"number"[39m
                            [33mvalue[39m=[32m""[39m
                          [36m/>[39m
                        [36m</div>[39m
                      [36m</div>[39m
                      [36m<button[39m
                        [33maria-autocomplete[39m=[32m"none"[39m
                        [33maria-controls[39m=[32m"radix-_r_27_"[39m
                        [33maria-expanded[39m=[32m"false"[39m
                        [33maria-label[39m=[32m"From currency"[39m
                        [33mclass[39m=[32m"border-input data-[placeholder]:text-muted-foreground [&_svg:not([class*='text-'])]:text-muted-foreground focus-visible:border-ring focus-visible:ring-ring/50 aria-invalid:ring-destructive/20 dark:aria-invalid:ring-destructive/40 aria-invalid:border-destructive dark:bg-input/30 dark:hover:bg-input/50 flex items-center justify-between gap-2 rounded-md border bg-transparent px-3 py-2 text-sm wh...

    [0m [90m 131 |[39m       [90m// Rate for XLM→USDC = 0.095, so 100 * 0.095 = 9.500000[39m
     [90m 132 |[39m       [36mawait[39m waitFor(() [33m=>[39m {
    [31m[1m>[22m[39m[90m 133 |[39m         expect(toInput)[33m.[39mtoHaveValue([35m9.5[39m)
     [90m     |[39m                         [31m[1m^[22m[39m
     [90m 134 |[39m       })
     [90m 135 |[39m     })
     [90m 136 |[39m[0m

      at toHaveValue (tests/component/convert-page.test.tsx:133:25)
      at runWithExpensiveErrorDiagnosticsDisabled (node_modules/@testing-library/dom/dist/config.js:47:12)
      at checkCallback (node_modules/@testing-library/dom/dist/wait-for.js:124:77)
      at node_modules/@testing-library/dom/dist/wait-for.js:82:9

Summary of all failing tests
FAIL tests/component/project-analytics.test.tsx
  ● Test suite failed to run

      [31mx[0m Expected ';', '}' or <eof>
        ,-[[36;1;4mC:\Users\USER\Documents\GitHub\Globe-Wallet\tests\component\project-analytics.test.tsx[0m:72:1]
     [2m69[0m |       it('summary stats are text nodes readable by assistive technology', () => {
     [2m70[0m |         render(<ProjectAnalytics />)
     [2m71[0m |         const peakLabel = screen.getByText('Peak:')
     [2m72[0m | [35;1m,[0m[35;1m-[0m[35;1m>[0m     expect(peakLabel.tagName.toLowerCase()).toBe('span')
     [2m73[0m | [35;1m|[0m[35;1m-[0m[35;1m>[0m  * Component tests for ProjectAnalytics dashboard chart (Issue #15)
        : [35;1m`[0m[35;1m---[0m[33;1m             ^^^^^[0m
        : [35;1m`[0m[35;1m---[0m[35;1m-[0m [35;1mThis is the expression part of an expression statement[0m
     [2m74[0m |      * Verifies: typed ChartContainer integration, summary stats, hover interaction.
     [2m75[0m |      */
     [2m75[0m |     import React from 'react'
        `----


    Caused by:
        Syntax Error

      at Object.transformSync (node_modules/next/src/build/swc/index.ts:1444:25)
      at transformSync (node_modules/next/src/build/swc/index.ts:1575:19)
      at Object.process (node_modules/next/src/build/swc/jest-transformer.ts:105:25)
      at ScriptTransformer.transformSource (node_modules/@jest/transform/build/ScriptTransformer.js:545:31)
      at ScriptTransformer._transformAndBuildScript (node_modules/@jest/transform/build/ScriptTransformer.js:674:40)
      at ScriptTransformer.transform (node_modules/@jest/transform/build/ScriptTransformer.js:726:19)

FAIL tests/component/receive-form.test.tsx
  ● Test suite failed to run

      [31mx[0m Expected '}', got '<eof>'
         ,-[[36;1;4mC:\Users\USER\Documents\GitHub\Globe-Wallet\tests\component\receive-form.test.tsx[0m:255:1]
     [2m252[0m |       expect(toast.error).not.toHaveBeenCalled()
     [2m253[0m |     })
     [2m254[0m |   })
     [2m255[0m | })
         : [35;1m  ^[0m
         `----
      [31mx[0m Expected ',', got '<eof>'
         ,-[[36;1;4mC:\Users\USER\Documents\GitHub\Globe-Wallet\tests\component\receive-form.test.tsx[0m:255:1]
     [2m252[0m |       expect(toast.error).not.toHaveBeenCalled()
     [2m253[0m |     })
     [2m254[0m |   })
     [2m255[0m | })
         : [35;1m  ^[0m
         `----


    Caused by:
        Syntax Error

      at Object.transformSync (node_modules/next/src/build/swc/index.ts:1444:25)
      at transformSync (node_modules/next/src/build/swc/index.ts:1575:19)
      at Object.process (node_modules/next/src/build/swc/jest-transformer.ts:105:25)
      at ScriptTransformer.transformSource (node_modules/@jest/transform/build/ScriptTransformer.js:545:31)
      at ScriptTransformer._transformAndBuildScript (node_modules/@jest/transform/build/ScriptTransformer.js:674:40)
      at ScriptTransformer.transform (node_modules/@jest/transform/build/ScriptTransformer.js:726:19)

FAIL tests/component/app/transaction-history-view.test.tsx (9.695 s)
  ● TransactionHistoryView › renders status badges on each transaction

    TestingLibraryElementError: Unable to find an element by: [data-testid="transaction-status-badge"]

    Ignored nodes: comments, script, style
    [36m<body>[39m
      [36m<div>[39m
        [36m<section[39m
          [33mclass[39m=[32m"flex flex-col gap-4 p-4"[39m
          [33mdata-testid[39m=[32m"transaction-history-view"[39m
        [36m>[39m
          [36m<div[39m
            [33mclass[39m=[32m"flex items-center justify-between rounded-xl border border-border bg-card p-3"[39m
            [33mdata-testid[39m=[32m"transaction-stats"[39m
          [36m>[39m
            [36m<div>[39m
              [36m<p[39m
                [33mclass[39m=[32m"text-xs text-muted-foreground"[39m
              [36m>[39m
                [0mTransactions[0m
              [36m</p>[39m
              [36m<p[39m
                [33mclass[39m=[32m"text-lg font-bold text-foreground"[39m
                [33mdata-testid[39m=[32m"transaction-stats-total"[39m
              [36m>[39m
                [0m0[0m
              [36m</p>[39m
              [36m<p[39m
                [33mclass[39m=[32m"mt-0.5 text-[10px] text-muted-foreground"[39m
                [33mdata-testid[39m=[32m"transaction-stats-sync"[39m
              [36m>[39m
                [0mLast sync: [0m
                [0mNever synced[0m
              [36m</p>[39m
            [36m</div>[39m
            [36m<button[39m
              [33maria-label[39m=[32m"Sync transactions"[39m
              [33mclass[39m=[32m"inline-flex items-center justify-center gap-2 whitespace-nowrap rounded-md text-sm font-medium transition-all disabled:pointer-events-none disabled:opacity-50 [&_svg]:pointer-events-none [&_svg:not([class*='size-'])]:size-4 [&_svg]:shrink-0 outline-none focus-visible:border-ring focus-visible:ring-ring/50 focus-visible:ring-[3px] aria-invalid:ring-destructive/20 dark:aria-invalid:ring-destructive/40 aria-invalid:border-destructive hover:bg-accent dark:hover:bg-accent/50 size-9 h-8 w-8 shrink-0 text-muted-foreground hover:text-foreground"[39m
              [33mdata-slot[39m=[32m"button"[39m
              [33mdata-testid[39m=[32m"sync-button"[39m
            [36m>[39m
              [36m<svg[39m
                [33maria-hidden[39m=[32m"true"[39m
                [33mclass[39m=[32m"lucide lucide-refresh-cw h-4 w-4"[39m
                [33mfill[39m=[32m"none"[39m
                [33mheight[39m=[32m"24"[39m
                [33mstroke[39m=[32m"currentColor"[39m
                [33mstroke-linecap[39m=[32m"round"[39m
                [33mstroke-linejoin[39m=[32m"round"[39m
                [33mstroke-width[39m=[32m"2"[39m
                [33mviewBox[39m=[32m"0 0 24 24"[39m
                [33mwidth[39m=[32m"24"[39m
                [33mxmlns[39m=[32m"http://www.w3.org/2000/svg"[39m
              [36m>[39m
                [36m<path[39m
                  [33md[39m=[32m"M3 12a9 9 0 0 1 9-9 9.75 9.75 0 0 1 6.74 2.74L21 8"[39m
                [36m/>[39m
                [36m<path[39m
                  [33md[39m=[32m"M21 3v5h-5"[39m
                [36m/>[39m
                [36m<path[39m
                  [33md[39m=[32m"M21 12a9 9 0 0 1-9 9 9.75 9.75 0 0 1-6.74-2.74L3 16"[39m
                [36m/>[39m
                [36m<path[39m
                  [33md[39m=[32m"M8 16H3v5"[39m
                [36m/>[39m
              [36m</svg>[39m
            [36m</button>[39m
          [36m</div>[39m
          [36m<div[39m
            [33mclass[39m=[32m"relative"[39m
          [36m>[39m
            [36m<svg[39m
              [33maria-hidden[39m=[32m"true"[39m
              [33mclass[39m=[32m"lucide lucide-search absolute left-3 top-1/2 h-4 w-4 -translate-y-1/2 text-muted-foreground"[39m
              [33mfill[39m=[32m"none"[39m
              [33mheight[39m=[32m"24"[39m
              [33mstroke[39m=[32m"currentColor"[39m
              [33mstroke-linecap[39m=[32m"round"[39m
              [33mstroke-linejoin[39m=[32m"round"[39m
              [33mstroke-width[39m=[32m"2"[39m
              [33mviewBox[39m=[32m"0 0 24 24"[39m
              [33mwidth[39m=[32m"24"[39m
              [33mxmlns[39m=[32m"http://www.w3.org/2000/svg"[39m
            [36m>[39m
              [36m<circle[39m
                [33mcx[39m=[32m"11"[39m
                [33mcy[39m=[32m"11"[39m
                [33mr[39m=[32m"8"[39m
              [36m/>[39m
              [36m<path[39m
                [33md[39m=[32m"m21 21-4.3-4.3"[39m
              [36m/>[39m
            [36m</svg>[39m
            [36m<div[39m
              [33mclass[39m=[32m"relative w-full"[39m
            [36m>[39m
              [36m<input[39m
                [33maria-label[39m=[32m"Search transactions"[39m
                [33mclass[39m=[32m"file:text-foreground placeholder:text-muted-foreground selection:bg-primary selection:text-primary-foreground dark:bg-input/30 border-input h-10 w-full min-w-0 rounded-md border bg-transparent px-3 py-1 text-base shadow-sm transition-all outline-none file:inline-flex file:h-7 file:border-0 file:bg-transparent file:text-sm file:font-medium disabled:pointer-events-none disabled:cursor-not-allowed disabled:opacity-50 md:text-sm focus-visible:border-primary focus-visible:ring-2 focus-visible:ring-primary/20 pl-9"[39m
                [33mdata-slot[39m=[32m"input"[39m
                [33mdata-testid[39m=[32m"transaction-search"[39m
                [33mid[39m=[32m"_r_c_"[39m
                [33mplaceholder[39m=[32m"Search by name, address, hash…"[39m
                [33mvalue[39m=[32m""[39m
              [36m/>[39m
            [36m</div>[39m
          [36m</div>[39m
          [36m<nav[39m
            [33maria-label[39m=[32m"Transaction type filter"[39m
            [33mclass[39m=[32m"flex gap-1 rounded-xl bg-secondary p-1"[39m
            [33mrole[39m=[32m"tablist"[39m
          [36m>[39m
            [36m<button[39m
              [33maria-selected[39m=[32m"true"[39m
              [33mclass[39m=[32m"flex-1 rounded-lg py-1.5 text-xs font-medium transition-all bg-background text-foreground shadow-sm"[39m
              [33mdata-testid[39m=[32m"tab-all"[39m
              [33mrole[39m=[32m"tab"[39m
            [36m>[39m
              [0mAll[0m
            [36m</button>[39m
            [36m<button[39m
              [33maria-selected[39m=[32m"false"[39m
              [33mclass[39m=[32m"flex-1 rounded-lg py-1.5 text-xs font-medium transition-all text-muted-foreground hover:text-foreground"[39m
              [33mdata-testid[39m=[32m"tab-in"[39m
              [33mrole[39m=[32m"tab"[39m
            [36m>[39m
              [0mIncoming[0m
            [36m</button>[39m
            [36m<button[39m
              [33maria-selected[39m=[32m"false"[39m
              [33mclass[39m=[32m"flex-1 rounded-lg py-1.5 text-xs font-medium transition-all text-muted-foreground hover:text-foreground"[39m
              [33mdata-testid[39m=[32m"tab-out"[39m
              [33mrole[39m=[32m"tab"[39m
            [36m>[39m
              [0mOutgoing[0m
            [36m</button>[39m
          [36m</nav>[39m
          [36m<p[39m
            [33mclass[39m=[32m"rounded-lg bg-destructive/10 px-4 py-3 text-sm text-destructive"[39m
            [33mrole[39m=[32m"alert"[39m
          [36m>[39m
            [0mNetwork error[0m
          [36m</p>[39m
          [36m<ul[39m
            [33maria-busy[39m=[32m"true"[39m
            [33maria-label[39m=[32m"Transaction list"[39m
            [33mclass[39m=[32m"space-y-2"[39m
          [36m>[39m
            [36m<li[39m
              [33maria-hidden[39m=[32m"true"[39m
              [33mclass[39m=[32m"h-16 animate-pulse rounded-xl bg-secondary"[39m
            [36m/>[39m
            [36m<li[39m
              [33maria-hidden[39m=[32m"true"[39m
              [33mclass[39m=[32m"h-16 animate-pulse rounded-xl bg-secondary"[39m
            [36m/>[39m
            [36m<li[39m
              [33maria-hidden[39m=[32m"true"[39m
              [33mclass[39m=[32m"h-16 animate-pulse rounded-xl bg-secondary"[39m
            [36m/>[39m
            [36m<li[39m
              [33maria-hidden[39m=[32m"true"[39m
              [33mclass[39m=[32m"h-16 animate-pulse rounded-xl bg-secondary"[39m
            [36m/>[39m
            [36m<li[39m
              [33maria-hidden[39m=[32m"true"[39m
              [33mclass[39m=[32m"h-16 animate-pulse rounded-xl bg-secondary"[39m
            [36m/>[39m
          [36m</ul>[39m
        [36m</section>[39m
      [36m</div>[39m
    [36m</body>[39m

    [0m [90m 171 |[39m   it([32m'renders status badges on each transaction'[39m[33m,[39m () [33m=>[39m {
     [90m 172 |[39m     render([33m<[39m[33mTransactionHistoryView[39m [33m/[39m[33m>[39m)
    [31m[1m>[22m[39m[90m 173 |[39m     [36mconst[39m badges [33m=[39m screen[33m.[39mgetAllByTestId([32m'transaction-status-badge'[39m)
     [90m     |[39m                           [31m[1m^[22m[39m
     [90m 174 |[39m     expect(badges[33m.[39mlength)[33m.[39mtoBe([35m2[39m)
     [90m 175 |[39m     expect(badges[[35m0[39m])[33m.[39mtoHaveAttribute([32m'data-status'[39m[33m,[39m [32m'completed'[39m)
     [90m 176 |[39m     expect(badges[[35m1[39m])[33m.[39mtoHaveAttribute([32m'data-status'[39m[33m,[39m [32m'pending'[39m)[0m

      at Object.getElementError (node_modules/@testing-library/dom/dist/config.js:37:19)
      at node_modules/@testing-library/dom/dist/query-helpers.js:76:38
      at node_modules/@testing-library/dom/dist/query-helpers.js:109:15
      at Object.getAllByTestId (tests/component/app/transaction-history-view.test.tsx:173:27)

FAIL tests/component/analytics-content.test.tsx
  ● Test suite failed to run

      [31mx[0m Unexpected character '\u{7}'
        ,-[[36;1;4mC:\Users\USER\Documents\GitHub\Globe-Wallet\components\analytics\analytics-content.tsx[0m:56:1]
     [2m53[0m |   const trendColor = stat.trend === "up" ? "text-green-600" : stat.trend === "down" ? "text-red-600" : "text-muted-foreground"
     [2m54[0m |   return (
     [2m55[0m |     <Card
     [2m56[0m |       data-testid={nalytics-stat- + index}
        : [35;1m                   ^[0m
     [2m57[0m |       onMouseEnter={onEnter}
     [2m58[0m |       onMouseLeave={onLeave}
     [2m59[0m |       style={{ animationDelay: ` + index * 100 + ms }}
        `----


    Caused by:
        Syntax Error

    [0m [90m 26 |[39m     [33mTooltip[39m[33m:[39m     () [33m=>[39m [36mnull[39m[33m,[39m
     [90m 27 |[39m     [33mLegend[39m[33m:[39m      () [33m=>[39m [36mnull[39m[33m,[39m
    [31m[1m>[22m[39m[90m 28 |[39m   }
     [90m    |[39m    [31m[1m^[22m[39m
     [90m 29 |[39m })
     [90m 30 |[39m
     [90m 31 |[39m describe([32m'AnalyticsContent'[39m[33m,[39m () [33m=>[39m {[0m

      at Object.transformSync (node_modules/next/src/build/swc/index.ts:1444:25)
      at transformSync (node_modules/next/src/build/swc/index.ts:1575:19)
      at Object.process (node_modules/next/src/build/swc/jest-transformer.ts:105:25)
      at ScriptTransformer.transformSource (node_modules/@jest/transform/build/ScriptTransformer.js:545:31)
      at ScriptTransformer._transformAndBuildScript (node_modules/@jest/transform/build/ScriptTransformer.js:674:40)
      at ScriptTransformer.transform (node_modules/@jest/transform/build/ScriptTransformer.js:726:19)
      at Object.<anonymous> (tests/component/analytics-content.test.tsx:28:27)

FAIL tests/component/convert-page.test.tsx (26.182 s)
  ● Convert Page › initial render › renders the exchange rate card with XLM → USDC as default

    TestingLibraryElementError: Unable to find an element with the text: /1 XLM/. This could be because the text is broken up by multiple elements. In this case, you can provide a function for your text matcher to make your matcher more flexible.

    Ignored nodes: comments, script, style
    [36m<body>[39m
      [36m<div>[39m
        [36m<div>[39m
          [36m<div[39m
            [33mclass[39m=[32m"flex items-center gap-4 p-4 pb-2"[39m
          [36m>[39m
            [36m<a[39m
              [33mhref[39m=[32m"/"[39m
            [36m>[39m
              [36m<svg[39m
                [33maria-hidden[39m=[32m"true"[39m
                [33mclass[39m=[32m"lucide lucide-arrow-left h-4 w-4"[39m
                [33mfill[39m=[32m"none"[39m
                [33mheight[39m=[32m"24"[39m
                [33mstroke[39m=[32m"currentColor"[39m
                [33mstroke-linecap[39m=[32m"round"[39m
                [33mstroke-linejoin[39m=[32m"round"[39m
                [33mstroke-width[39m=[32m"2"[39m
                [33mviewBox[39m=[32m"0 0 24 24"[39m
                [33mwidth[39m=[32m"24"[39m
                [33mxmlns[39m=[32m"http://www.w3.org/2000/svg"[39m
              [36m>[39m
                [36m<path[39m
                  [33md[39m=[32m"m12 19-7-7 7-7"[39m
                [36m/>[39m
                [36m<path[39m
                  [33md[39m=[32m"M19 12H5"[39m
                [36m/>[39m
              [36m</svg>[39m
            [36m</a>[39m
            [36m<h1[39m
              [33mclass[39m=[32m"text-lg font-semibold"[39m
            [36m>[39m
              [0mConvert[0m
            [36m</h1>[39m
          [36m</div>[39m
          [36m<div[39m
            [33mclass[39m=[32m"px-4 pb-4 space-y-4"[39m
          [36m>[39m
            [36m<div[39m
              [33mclass[39m=[32m"bg-card text-card-foreground flex flex-col gap-6 rounded-xl border shadow-sm p-4"[39m
              [33mdata-slot[39m=[32m"card"[39m
            [36m>[39m
              [36m<div[39m
                [33mclass[39m=[32m"text-sm text-muted-foreground"[39m
              [36m>[39m
                [0mLoading exchange rates...[0m
              [36m</div>[39m
            [36m</div>[39m
            [36m<div[39m
              [33mclass[39m=[32m"bg-card text-card-foreground flex flex-col gap-6 rounded-xl border shadow-sm p-6"[39m
              [33mdata-slot[39m=[32m"card"[39m
            [36m>[39m
              [36m<div[39m
                [33mclass[39m=[32m"space-y-4"[39m
              [36m>[39m
                [36m<div[39m
                  [33mclass[39m=[32m"space-y-2"[39m
                [36m>[39m
                  [36m<div[39m
                    [33mclass[39m=[32m"flex items-center justify-between"[39m
                  [36m>[39m
                    [36m<label[39m
                      [33mclass[39m=[32m"flex items-center gap-2 text-sm leading-none font-medium select-none group-data-[disabled=true]:pointer-events-none group-data-[disabled=true]:opacity-50 peer-disabled:cursor-not-allowed peer-disabled:opacity-50"[39m
                      [33mdata-slot[39m=[32m"label"[39m
                    [36m>[39m
                      [0mFrom[0m
                    [36m</label>[39m
                    [36m<span[39m
                      [33mclass[39m=[32m"text-xs text-muted-foreground"[39m
                    [36m>[39m
                      [0mBalance: [0m
                      [0m1250.45[0m
                      [0m [0m
                      [0mXLM[0m
                    [36m</span>[39m
                  [36m</div>[39m
                  [36m<div[39m
                    [33mclass[39m=[32m"flex gap-2"[39m
                  [36m>[39m
                    [36m<div[39m
                      [33mclass[39m=[32m"flex-1"[39m
                    [36m>[39m
                      [36m<div[39m
                        [33mclass[39m=[32m"relative w-full"[39m
                      [36m>[39m
                        [36m<input[39m
                          [33mclass[39m=[32m"file:text-foreground placeholder:text-muted-foreground selection:bg-primary selection:text-primary-foreground dark:bg-input/30 border-input h-10 w-full min-w-0 rounded-md border bg-transparent px-3 py-1 text-base shadow-sm transition-all outline-none file:inline-flex file:h-7 file:border-0 file:bg-transparent file:text-sm file:font-medium disabled:pointer-events-none disabled:cursor-not-allowed disabled:opacity-50 md:text-sm focus-visible:border-primary focus-visible:ring-2 focus-visible:ring-primary/20"[39m
                          [33mdata-slot[39m=[32m"input"[39m
                          [33mid[39m=[32m"_r_a_"[39m
                          [33mplaceholder[39m=[32m"0.00"[39m
                          [33mtype[39m=[32m"number"[39m
                          [33mvalue[39m=[32m""[39m
                        [36m/>[39m
                      [36m</div>[39m
                    [36m</div>[39m
                    [36m<button[39m
                      [33maria-autocomplete[39m=[32m"none"[39m
                      [33maria-controls[39m=[32m"radix-_r_b_"[39m
                      [33maria-expanded[39m=[32m"false"[39m
                      [33maria-label[39m=[32m"From currency"[39m
                      [33mclass[39m=[32m"border-input data-[placeholder]:text-muted-foreground [&_svg:not([class*='text-'])]:text-muted-foreground focus-visible:border-ring focus-visible:ring-ring/50 aria-invalid:ring-destructive/20 dark:aria-invalid:ring-destructive/40 aria-invalid:border-destructive dark:bg-input/30 dark:hover:bg-input/50 flex items-center justify-between gap-2 rounded-md border bg-transparent px-3 py-2 text-sm whitespace-nowrap shadow-xs transition-[color,box-shadow] outline-none focus-visible:ring-[3px] disabled:cursor-not-allowed disabled:opacity-50 data-[size=default]:h-9 data-[size=sm]:h-8 *:data-[slot=select-value]:line-clamp-1 *:data-[slot=select-value]:flex *:data-[slot=select-value]:items-center *:data-[slot=select-value]:gap-2 [&_svg]:pointer-events-none [&_svg]:shrink-0 [&_svg:not([class*='size-'])]:size-4 w-24"[39m
                      [33mdata-size[39m=[32m"default"[39m
                      [33mdata-slot[39m=[32m"select-trigger"[39m
                      [33mdata-state[39m=[32m"closed"[39m
                      [33mdir[39m=[32m"ltr"[39m
                      [33mrole[39m=[32m"combobox"[39m
                      [33mtype[39m=[32m"button"[39m
                    [36m>[39m
                      [36m<span[39m
                        [33mdata-slot[39m=[32m"select-value"[39m
                        [33mstyle[39m=[32m"pointer-events: none;"[39m
                      [36m>[39m
                        [0mXLM[0m
                      [36m</span>[39m
                      [36m<svg[39m
                        [33maria-hidden[39m=[32m"true"[39m
                        [33mclass[39m=[32m"lucide lucide-chevron-down size-4 opacity-50"[39m
                        [33mfill[39m=[32m"none"[39m
                        [33mheight[39m=[32m"24"[39m
                        [33mstroke[39m=[32m"currentColor"[39m
                        [33mstroke-linecap[39m=[32m"round"[39m
                        [33mstroke-linejoin[39m=[32m"round"[39m
                        [33mstroke-width[39m=[32m"2"[39m
                        [33mviewBox[39m=[32m"0 0 24 24"[39m
                        [33mwidth[39m=[32m"24"[39m
                        [33mxmlns[39m=[32m"http://www.w3.org/2000/svg"[39m
                      [36m>[39m
          ...

    [0m [90m 86 |[39m     it([32m'renders the exchange rate card with XLM → USDC as default'[39m[33m,[39m () [33m=>[39m {
     [90m 87 |[39m       renderPage()
    [31m[1m>[22m[39m[90m 88 |[39m       expect(screen[33m.[39mgetByText([35m/1 XLM/[39m))[33m.[39mtoBeInTheDocument()
     [90m    |[39m                     [31m[1m^[22m[39m
     [90m 89 |[39m     })
     [90m 90 |[39m
     [90m 91 |[39m     it([32m'shows the "From" and "To" labels'[39m[33m,[39m () [33m=>[39m {[0m

      at Object.getElementError (node_modules/@testing-library/dom/dist/config.js:37:19)
      at node_modules/@testing-library/dom/dist/query-helpers.js:76:38
      at node_modules/@testing-library/dom/dist/query-helpers.js:52:17
      at node_modules/@testing-library/dom/dist/query-helpers.js:95:19
      at Object.getByText (tests/component/convert-page.test.tsx:88:21)

  ● Convert Page › from-amount input › calculates to-amount when from-amount is entered

    expect(element).toHaveValue(9.5)

    Expected the element to have value:
      9.5
    Received:
      11.85

    Ignored nodes: comments, script, style
    [36m<html>[39m
      [36m<head />[39m
      [36m<body>[39m
        [36m<div>[39m
          [36m<div>[39m
            [36m<div[39m
              [33mclass[39m=[32m"flex items-center gap-4 p-4 pb-2"[39m
            [36m>[39m
              [36m<a[39m
                [33mhref[39m=[32m"/"[39m
              [36m>[39m
                [36m<svg[39m
                  [33maria-hidden[39m=[32m"true"[39m
                  [33mclass[39m=[32m"lucide lucide-arrow-left h-4 w-4"[39m
                  [33mfill[39m=[32m"none"[39m
                  [33mheight[39m=[32m"24"[39m
                  [33mstroke[39m=[32m"currentColor"[39m
                  [33mstroke-linecap[39m=[32m"round"[39m
                  [33mstroke-linejoin[39m=[32m"round"[39m
                  [33mstroke-width[39m=[32m"2"[39m
                  [33mviewBox[39m=[32m"0 0 24 24"[39m
                  [33mwidth[39m=[32m"24"[39m
                  [33mxmlns[39m=[32m"http://www.w3.org/2000/svg"[39m
                [36m>[39m
                  [36m<path[39m
                    [33md[39m=[32m"m12 19-7-7 7-7"[39m
                  [36m/>[39m
                  [36m<path[39m
                    [33md[39m=[32m"M19 12H5"[39m
                  [36m/>[39m
                [36m</svg>[39m
              [36m</a>[39m
              [36m<h1[39m
                [33mclass[39m=[32m"text-lg font-semibold"[39m
              [36m>[39m
                [0mConvert[0m
              [36m</h1>[39m
            [36m</div>[39m
            [36m<div[39m
              [33mclass[39m=[32m"px-4 pb-4 space-y-4"[39m
            [36m>[39m
              [36m<div[39m
                [33mclass[39m=[32m"bg-card text-card-foreground flex flex-col gap-6 rounded-xl border shadow-sm p-4"[39m
                [33mdata-slot[39m=[32m"card"[39m
              [36m>[39m
                [36m<div[39m
                  [33mclass[39m=[32m"flex items-center justify-between"[39m
                [36m>[39m
                  [36m<div>[39m
                    [36m<div[39m
                      [33mclass[39m=[32m"flex items-center gap-2"[39m
                    [36m>[39m
                      [36m<span[39m
                        [33mclass[39m=[32m"text-sm font-medium"[39m
                      [36m>[39m
                        [0m1 [0m
                        [0mXLM[0m
                        [0m = [0m
                        [0m0.118500[0m
                        [0m [0m
                        [0mUSDC[0m
                      [36m</span>[39m
                      [36m<svg[39m
                        [33mclass[39m=[32m"lucide lucide-trending-up h-4 w-4 text-green-500"[39m
                        [33mfill[39m=[32m"none"[39m
                        [33mheight[39m=[32m"24"[39m
                        [33mstroke[39m=[32m"currentColor"[39m
                        [33mstroke-linecap[39m=[32m"round"[39m
                        [33mstroke-linejoin[39m=[32m"round"[39m
                        [33mstroke-width[39m=[32m"2"[39m
                        [33mviewBox[39m=[32m"0 0 24 24"[39m
                        [33mwidth[39m=[32m"24"[39m
                        [33mxmlns[39m=[32m"http://www.w3.org/2000/svg"[39m
                      [36m>[39m
                        [36m<polyline[39m
                          [33mpoints[39m=[32m"22 7 13.5 15.5 8.5 10.5 2 17"[39m
                        [36m/>[39m
                        [36m<polyline[39m
                          [33mpoints[39m=[32m"16 7 22 7 22 13"[39m
                        [36m/>[39m
                      [36m</svg>[39m
                    [36m</div>[39m
                  [36m</div>[39m
                [36m</div>[39m
              [36m</div>[39m
              [36m<div[39m
                [33mclass[39m=[32m"bg-card text-card-foreground flex flex-col gap-6 rounded-xl border shadow-sm p-6"[39m
                [33mdata-slot[39m=[32m"card"[39m
              [36m>[39m
                [36m<div[39m
                  [33mclass[39m=[32m"space-y-4"[39m
                [36m>[39m
                  [36m<div[39m
                    [33mclass[39m=[32m"space-y-2"[39m
                  [36m>[39m
                    [36m<div[39m
                      [33mclass[39m=[32m"flex items-center justify-between"[39m
                    [36m>[39m
                      [36m<label[39m
                        [33mclass[39m=[32m"flex items-center gap-2 text-sm leading-none font-medium select-none group-data-[disabled=true]:pointer-events-none group-data-[disabled=true]:opacity-50 peer-disabled:cursor-not-allowed peer-disabled:opacity-50"[39m
                        [33mdata-slot[39m=[32m"label"[39m
                      [36m>[39m
                        [0mFrom[0m
                      [36m</label>[39m
                      [36m<span[39m
                        [33mclass[39m=[32m"text-xs text-muted-foreground"[39m
                      [36m>[39m
                        [0mBalance: [0m
                        [0m1250.45[0m
                        [0m [0m
                        [0mXLM[0m
                      [36m</span>[39m
                    [36m</div>[39m
                    [36m<div[39m
                      [33mclass[39m=[32m"flex gap-2"[39m
                    [36m>[39m
                      [36m<div[39m
                        [33mclass[39m=[32m"flex-1"[39m
                      [36m>[39m
                        [36m<div[39m
                          [33mclass[39m=[32m"relative w-full"[39m
                        [36m>[39m
                          [36m<input[39m
                            [33mclass[39m=[32m"file:text-foreground placeholder:text-muted-foreground selection:bg-primary selection:text-primary-foreground dark:bg-input/30 border-input h-10 w-full min-w-0 rounded-md border bg-transparent px-3 py-1 text-base shadow-sm transition-all outline-none file:inline-flex file:h-7 file:border-0 file:bg-transparent file:text-sm file:font-medium disabled:pointer-events-none disabled:cursor-not-allowed disabled:opacity-50 md:text-sm focus-visible:border-primary focus-visible:ring-2 focus-visible:ring-primary/20"[39m
                            [33mdata-slot[39m=[32m"input"[39m
                            [33mid[39m=[32m"_r_26_"[39m
                            [33mplaceholder[39m=[32m"0.00"[39m
                            [33mtype[39m=[32m"number"[39m
                            [33mvalue[39m=[32m""[39m
                          [36m/>[39m
                        [36m</div>[39m
                      [36m</div>[39m
                      [36m<button[39m
                        [33maria-autocomplete[39m=[32m"none"[39m
                        [33maria-controls[39m=[32m"radix-_r_27_"[39m
                        [33maria-expanded[39m=[32m"false"[39m
                        [33maria-label[39m=[32m"From currency"[39m
                        [33mclass[39m=[32m"border-input data-[placeholder]:text-muted-foreground [&_svg:not([class*='text-'])]:text-muted-foreground focus-visible:border-ring focus-visible:ring-ring/50 aria-invalid:ring-destructive/20 dark:aria-invalid:ring-destructive/40 aria-invalid:border-destructive dark:bg-input/30 dark:hover:bg-input/50 flex items-center justify-between gap-2 rounded-md border bg-transparent px-3 py-2 text-sm wh...

    [0m [90m 131 |[39m       [90m// Rate for XLM→USDC = 0.095, so 100 * 0.095 = 9.500000[39m
     [90m 132 |[39m       [36mawait[39m waitFor(() [33m=>[39m {
    [31m[1m>[22m[39m[90m 133 |[39m         expect(toInput)[33m.[39mtoHaveValue([35m9.5[39m)
     [90m     |[39m                         [31m[1m^[22m[39m
     [90m 134 |[39m       })
     [90m 135 |[39m     })
     [90m 136 |[39m[0m

      at toHaveValue (tests/component/convert-page.test.tsx:133:25)
      at runWithExpensiveErrorDiagnosticsDisabled (node_modules/@testing-library/dom/dist/config.js:47:12)
      at checkCallback (node_modules/@testing-library/dom/dist/wait-for.js:124:77)
      at node_modules/@testing-library/dom/dist/wait-for.js:82:9


Test Suites: 5 failed, 18 passed, 23 total
Tests:       3 failed, 150 passed, 153 total
Snapshots:   0 total
Time:        37.538 s
Ran all test suites matching /tests\\component/i.
